Executable      : /home/jmc/.local/siesta-5.4.2-openmpi/bin/siesta
Version         : 5.4.2
Architecture    : x86_64
Compiler version: GNU-13.3.0
Compiler flags  : -fallow-argument-mismatch -O3 -march=native
Parallelisations: MPI
Lua support
ELSI support. Solvers:
   ELPA (internal) 
   NTPoly
   OMM
DFT-D3 support

Runtime information:
* Directory : /mnt/c/Users/Jairo/Downloads/SIESTAFLOW_HUBBARD_RESPONSE_BACKBONE_V0_1_0/scratch/phase4_kgrid_demo/kgrid_2x4x4_mpi/colJ0_screened_alpha_pos0p01
* Running on 4 nodes in parallel.
>> Start of run:   8-AUG-2026  23:20:01

                           *********************** 
                           *  WELCOME TO SIESTA  * 
                           *********************** 

 NOTE: Siesta V5 introduces some new defaults for basis-set generation
 NOTE: which might lead to slightly different numerical results.
 NOTE: Please see the manual for full details and compatibility measures.


reinit: Reading from standard input
reinit: Dumping input in INPUT_TMP.62527
************************** Dump of input data file ****************************
SystemName          MnO 2x1x1 Supercell Base kgrid_2x4x4
SystemLabel MnO_colJ0_SCREENED_alpha_pos0p01
NumberOfAtoms       4
NumberOfSpecies 3
%block ChemicalSpeciesLabel
  1  25  MnLR0
  2  25  MnLR1
  3   8  O
%endblock ChemicalSpeciesLabel
LatticeConstant     4.445 Ang
%block LatticeVectors
  0.0  1.0  1.0
  0.5  0.0  0.5
  0.5  0.5  0.0
%endblock LatticeVectors
AtomicCoordinatesFormat  Fractional
%block AtomicCoordinatesAndAtomicSpecies
        0.00        0.00        0.00    1   # MnLR0
        0.50        0.00        0.00    2   # MnLR1
        0.25        0.50        0.50    3   # O
        0.75        0.50        0.50    3   # O
%endblock AtomicCoordinatesAndAtomicSpecies
PAO.BasisSize       DZP
PAO.EnergyShift     0.005 Ry
PAO.SplitNorm       0.15
PAO.BasisType       split
MeshCutoff          200 Ry
%block kgrid_Monkhorst_Pack
 2 0 0 0.0
 0 4 0 0.0
 0 0 4 0.0
%endblock kgrid_Monkhorst_Pack
MaxSCFIterations 500
DM.MixingWeight 0.05
DM.NumberPulay 5
Spin  polarized
%block DM.InitSpin
  1 +5.0
  2 +5.0
  3  0.0
%endblock DM.InitSpin
DFTU.ProjectorGenerationMethod 2
DFTU.PotentialShift true
WriteCoorXmol true
WriteForces   true
WriteDM true
DFTU.FirstIteration true
DM.UseSaveDM true
MD.NumCGsteps       0
%block DFTU.proj
  MnLR0   1
  3  2
  0.0100  0.0000
  3.0000  0.0500
  MnLR1   1
  3  2
  0.0000  0.0000
  3.0000  0.0500
%endblock DFTU.proj
************************** End of input data file *****************************

reinit: -----------------------------------------------------------------------
reinit: System Name: MnO 2x1x1 Supercell Base kgrid_2x4x4
reinit: -----------------------------------------------------------------------
reinit: System Label: MnO_colJ0_SCREENED_alpha_pos0p01
reinit: -----------------------------------------------------------------------

NOTE on units for spin output: 
{S} is the spin magnetic moment, in units of the Bohr magneton,
assuming a g-factor for the electron spin of exactly 2.
The spin magnetic moment is then numerically equal to the charge inbalance,
in units of electrons, between the spin-up and -down channels.


initatom: Reading input for the pseudopotentials and atomic orbitals ----------
Species number:   1 Atomic number:   25 Label: MnLR0
Species number:   2 Atomic number:   25 Label: MnLR1
Species number:   3 Atomic number:    8 Label: O

Ground state valence configuration (from tables):   4s02  4p00  3d05  4f00
Ground state valence configuration (from tables):   4s02  4p00  3d05  4f00
Ground state valence configuration (from tables):   2s02  2p04  3d00  4f00

---- Processing specs for species: MnLR0
Reading pseudopotential information in PSML from:
  MnLR0.psml
PSML file version: 1.1
Using libxc ids:  101 130
GGA--PBE XC_GGA_X_PBE--XC_GGA_C_PBE pb
PSML uuid: 124d3920-be63-11e7-41c0-f3027dc3db3e
Semicore shell(s) with  8 electrons included in the valence for MnLR0

---- Processing specs for species: MnLR1
Reading pseudopotential information in PSML from:
  MnLR1.psml
PSML file version: 1.1
Using libxc ids:  101 130
GGA--PBE XC_GGA_X_PBE--XC_GGA_C_PBE pb
PSML uuid: 124d3920-be63-11e7-41c0-f3027dc3db3e
Semicore shell(s) with  8 electrons included in the valence for MnLR1

---- Processing specs for species: O
Reading pseudopotential information in PSML from:
  O.psml
PSML file version: 1.1
Using libxc ids:  101 130
GGA--PBE XC_GGA_X_PBE--XC_GGA_C_PBE pb
PSML uuid: 66518360-be62-11e7-6a04-293bfbad3b21

---- Pseudopotential check for Mn

Pseudized shells:
3s( 2.00) rc: 1.11
3p( 6.00) rc: 1.11
3d( 5.00) rc: 1.36
Valence configuration for ps generation: 3s:3p:3d:4s: Total charge:  15.000000
Semicore shell(s): 3s 3p
Fallback to non-perturbative polarization scheme for MnLR0
Please see the manual if this is not desired in principle

---- Pseudopotential check for Mn

Pseudized shells:
3s( 2.00) rc: 1.11
3p( 6.00) rc: 1.11
3d( 5.00) rc: 1.36
Valence configuration for ps generation: 3s:3p:3d:4s: Total charge:  15.000000
Semicore shell(s): 3s 3p
Fallback to non-perturbative polarization scheme for MnLR1
Please see the manual if this is not desired in principle

---- Pseudopotential check for O 

Pseudized shells:
2s( 2.00) rc: 1.26
2p( 4.00) rc: 1.36
3d( 0.00) rc: 1.26
Valence configuration for ps generation: 2s:2p: Total charge:   6.000000
For MnLR0, standard SIESTA heuristics set lmxkb to 3
 (one more than the basis l, including polarization orbitals).
Use PS.lmax or PS.KBprojectors blocks to override.
For MnLR1, standard SIESTA heuristics set lmxkb to 3
 (one more than the basis l, including polarization orbitals).
Use PS.lmax or PS.KBprojectors blocks to override.
For O, standard SIESTA heuristics set lmxkb to 3
 (one more than the basis l, including polarization orbitals).
Use PS.lmax or PS.KBprojectors blocks to override.
MnLR0 pseudopotential only contains V_ls up to l=2 -- lmxkb reset.
MnLR1 pseudopotential only contains V_ls up to l=2 -- lmxkb reset.
O pseudopotential only contains V_ls up to l=2 -- lmxkb reset.

<basis_specs>
===============================================================================
MnLR0                Z=  25    Mass=  54.938        Charge= 0.17977+309
Lmxo=2 Lmxkb= 2    BasisType=split      Semic=T
L=0  Nsemic=1  Cnfigmx=4
          i=1  nzeta=1  polorb=0  (3s)  (semicore shell)
            splnorm:   0.15000    
               vcte:    40.000    
               rinn:  -0.90000    
               qcoe:    0.0000    
               qyuk:    0.0000    
               qwid:   0.10000E-01
                rcs:    0.0000    
            lambdas:    1.0000    
          i=2  nzeta=2  polorb=0  (4s)  (to be polarized non-perturbatively)
            splnorm:   0.15000    
               vcte:    40.000    
               rinn:  -0.90000    
               qcoe:    0.0000    
               qyuk:    0.0000    
               qwid:   0.10000E-01
                rcs:    0.0000      0.0000    
            lambdas:    1.0000      1.0000    
L=1  Nsemic=1  Cnfigmx=4
          i=1  nzeta=1  polorb=0  (3p)  (semicore shell)
            splnorm:   0.15000    
               vcte:    40.000    
               rinn:  -0.90000    
               qcoe:    0.0000    
               qyuk:    0.0000    
               qwid:   0.10000E-01
                rcs:    0.0000    
            lambdas:    1.0000    
          i=2  nzeta=1  polorb=0  (4p)  (non-perturbative polarization shell)
            splnorm:   0.15000    
               vcte:    40.000    
               rinn:  -0.90000    
               qcoe:    0.0000    
               qyuk:    0.0000    
               qwid:   0.10000E-01
                rcs:    0.0000    
            lambdas:    1.0000    
L=2  Nsemic=0  Cnfigmx=3
          i=1  nzeta=2  polorb=0  (3d)
            splnorm:   0.15000    
               vcte:    40.000    
               rinn:  -0.90000    
               qcoe:    0.0000    
               qyuk:    0.0000    
               qwid:   0.10000E-01
                rcs:    0.0000      0.0000    
            lambdas:    1.0000      1.0000    
-------------------------------------------------------------------------------
L=0  Nkbl=2  erefs: 0.17977+309 0.17977+309
L=1  Nkbl=2  erefs: 0.17977+309 0.17977+309
L=2  Nkbl=1  erefs: 0.17977+309
-------------------------------------------------------------------------------
L=2  n=3
                  U:   0.73499E-03
                  J:    0.0000    
               rinn:  -0.90000    
               vcte:    40.000    
             lambda:    1.0000    
              width:   0.50000E-01
                 rc:    3.0000    
            dnrm_rc:   0.90000    
===============================================================================
</basis_specs>

Using PAO.SplitTailNorm
atom: Called for MnLR0                 (Z =  25)
Maximum radius (at nrval) set to   50.00000 8518

read_vps: Pseudopotential generation method:
read_vps: ONCVPSP-3.Hamann's oncvpsp                        
Valence charge in pseudo generation:   15.00000

read_vps: Pseudopotential includes a core correction:
read_vps: Pseudo-core for xc-correction

xc_check: Exchange-correlation functional:
xc_check: Ceperley-Alder
xc_check: WARNING: Pseudopotential generated with GGA PBE functional
Got Vlocal (oncv-fit) from psml data
Choosing vlocal chloc cutoff:  5.072635
qtot up to nchloc:   14.99974639
atom: Maximum radius for chlocal:    5.07263
atom: Maximum radius for r*vlocal+2*Zval:    5.07263
Reading KB projs from MnLR0 psml data
Using scalar-relativistic projectors in PSML file

PSML: Kleinman-Bylander projectors: 
   l= 0   rc=  1.126360   Ekb= 44.071529
   l= 0   rc=  1.126360   Ekb=  4.652397
   l= 1   rc=  1.126360   Ekb=  5.643412
   l= 1   rc=  1.126360   Ekb= -0.294693
   l= 2   rc=  1.379341   Ekb=-17.489238
   l= 2   rc=  1.379341   Ekb= -5.035197

PSML: Total number of  Kleinman-Bylander projectors:  18
atom: -------------------------------------------------------------------------

atom: SANKEY-TYPE ORBITALS:
atom: Selected multiple-zeta basis: split     

SPLIT: Orbitals with angular momentum L= 0

SPLIT: Basis orbitals for state 3s

SPLIT: PAO cut-off radius determined from an
SPLIT: energy shift=  0.005000 Ry
Split based on tail norm

   izeta = 1
                 lambda =    1.000000
                     rc =    2.635420
                 energy =   -6.279263
                kinetic =    3.280930
    potential(screened) =   -9.560193
       potential(ionic) =  -33.794869

SPLIT: Basis orbitals for state 4s

SPLIT: PAO cut-off radius determined from an
SPLIT: energy shift=  0.005000 Ry
Split based on tail norm

   izeta = 1
                 lambda =    1.000000
                     rc =    7.564822
                 energy =   -0.395103
                kinetic =    0.889488
    potential(screened) =   -1.284592
       potential(ionic) =  -12.127932

   izeta = 2
                 rmatch =    5.386928
              splitnorm =    0.150000
                 energy =   -0.276474
                kinetic =    1.505613
    potential(screened) =   -1.782087
       potential(ionic) =  -14.585636

SPLIT: Orbitals with angular momentum L= 1

SPLIT: Basis orbitals for state 3p

SPLIT: PAO cut-off radius determined from an
SPLIT: energy shift=  0.005000 Ry
Split based on tail norm

   izeta = 1
                 lambda =    1.000000
                     rc =    2.948936
                 energy =   -3.985786
                kinetic =    6.967253
    potential(screened) =  -10.953039
       potential(ionic) =  -34.618913

SPLIT: Basis orbitals for state 4p
SPLIT: Non-perturbative polarization orbs for state 4s
SPLIT: rc(1st zeta) (re)set to: 7.5648 (expansion factor: 1.0000)
Split based on tail norm

   izeta = 1
                 lambda =    1.000000
                     rc =    7.564822
                 energy =   -0.073557
                kinetic =    0.905932
    potential(screened) =   -0.979489
       potential(ionic) =  -10.012926

SPLIT: Orbitals with angular momentum L= 2

SPLIT: Basis orbitals for state 3d

SPLIT: PAO cut-off radius determined from an
SPLIT: energy shift=  0.005000 Ry
Split based on tail norm

   izeta = 1
                 lambda =    1.000000
                     rc =    4.819920
                 energy =   -0.487268
                kinetic =   10.254845
    potential(screened) =  -10.742113
       potential(ionic) =  -31.724612

   izeta = 2
                 rmatch =    2.913641
              splitnorm =    0.150000
                 energy =   -0.362521
                kinetic =   12.555785
    potential(screened) =  -12.918306
       potential(ionic) =  -35.651685
atom: Total number of Sankey-type orbitals: 19

atm_pop: Valence configuration (for local Pseudopot. screening):
 3s( 2.00) 4s( 2.00)                                                  
 3p( 6.00) 4p( 0.00)                                                  
 3d( 5.00)                                                            
Vna: chval, zval:   15.00000  15.00000

Vna:  Cut-off radius for the neutral-atom potential:   7.564822
comcore: Pseudo-core radius Rcore=  2.112999

atom: _________________________________________________________________________
Maximum radius (at nrval) set to   50.00000 8518

DFTUprojs with principal quantum number n =  3
DFTUprojs with angular momentum l =  2
DFTUprojs with U        =      0.00073
DFTUprojs with J        =      0.00000
DFTUprojs with lambda   =      1.00000
DFTUprojs with rc       =      3.00000
DFTUprojs with nnodes   =     1
DFTUprojs with nprin    =     3
DFTUprojs with nrval    =  8517
DFTUprojs with nrwf     =  8517
DFTUprojs with nrmax    = 20000
DFTUprojs with zval     =     15.00000
DFTUprojs with a        =      0.00100
DFTUprojs with b        =      0.01000
dftu_proj_gen: updating the rc to     20.072118937095 Bohr

<basis_specs>
===============================================================================
MnLR1                Z=  25    Mass=  54.938        Charge= 0.17977+309
Lmxo=2 Lmxkb= 2    BasisType=split      Semic=T
L=0  Nsemic=1  Cnfigmx=4
          i=1  nzeta=1  polorb=0  (3s)  (semicore shell)
            splnorm:   0.15000    
               vcte:    40.000    
               rinn:  -0.90000    
               qcoe:    0.0000    
               qyuk:    0.0000    
               qwid:   0.10000E-01
                rcs:    0.0000    
            lambdas:    1.0000    
          i=2  nzeta=2  polorb=0  (4s)  (to be polarized non-perturbatively)
            splnorm:   0.15000    
               vcte:    40.000    
               rinn:  -0.90000    
               qcoe:    0.0000    
               qyuk:    0.0000    
               qwid:   0.10000E-01
                rcs:    0.0000      0.0000    
            lambdas:    1.0000      1.0000    
L=1  Nsemic=1  Cnfigmx=4
          i=1  nzeta=1  polorb=0  (3p)  (semicore shell)
            splnorm:   0.15000    
               vcte:    40.000    
               rinn:  -0.90000    
               qcoe:    0.0000    
               qyuk:    0.0000    
               qwid:   0.10000E-01
                rcs:    0.0000    
            lambdas:    1.0000    
          i=2  nzeta=1  polorb=0  (4p)  (non-perturbative polarization shell)
            splnorm:   0.15000    
               vcte:    40.000    
               rinn:  -0.90000    
               qcoe:    0.0000    
               qyuk:    0.0000    
               qwid:   0.10000E-01
                rcs:    0.0000    
            lambdas:    1.0000    
L=2  Nsemic=0  Cnfigmx=3
          i=1  nzeta=2  polorb=0  (3d)
            splnorm:   0.15000    
               vcte:    40.000    
               rinn:  -0.90000    
               qcoe:    0.0000    
               qyuk:    0.0000    
               qwid:   0.10000E-01
                rcs:    0.0000      0.0000    
            lambdas:    1.0000      1.0000    
-------------------------------------------------------------------------------
L=0  Nkbl=2  erefs: 0.17977+309 0.17977+309
L=1  Nkbl=2  erefs: 0.17977+309 0.17977+309
L=2  Nkbl=1  erefs: 0.17977+309
-------------------------------------------------------------------------------
L=2  n=3
                  U:    0.0000    
                  J:    0.0000    
               rinn:  -0.90000    
               vcte:    40.000    
             lambda:    1.0000    
              width:   0.50000E-01
                 rc:    3.0000    
            dnrm_rc:   0.90000    
===============================================================================
</basis_specs>

Using PAO.SplitTailNorm
atom: Called for MnLR1                 (Z =  25)
Maximum radius (at nrval) set to   50.00000 8518

read_vps: Pseudopotential generation method:
read_vps: ONCVPSP-3.Hamann's oncvpsp                        
Valence charge in pseudo generation:   15.00000

read_vps: Pseudopotential includes a core correction:
read_vps: Pseudo-core for xc-correction

xc_check: Exchange-correlation functional:
xc_check: Ceperley-Alder
xc_check: WARNING: Pseudopotential generated with GGA PBE functional
Got Vlocal (oncv-fit) from psml data
Choosing vlocal chloc cutoff:  5.072635
qtot up to nchloc:   14.99974639
atom: Maximum radius for chlocal:    5.07263
atom: Maximum radius for r*vlocal+2*Zval:    5.07263
Reading KB projs from MnLR1 psml data
Using scalar-relativistic projectors in PSML file

PSML: Kleinman-Bylander projectors: 
   l= 0   rc=  1.126360   Ekb= 44.071529
   l= 0   rc=  1.126360   Ekb=  4.652397
   l= 1   rc=  1.126360   Ekb=  5.643412
   l= 1   rc=  1.126360   Ekb= -0.294693
   l= 2   rc=  1.379341   Ekb=-17.489238
   l= 2   rc=  1.379341   Ekb= -5.035197

PSML: Total number of  Kleinman-Bylander projectors:  18
atom: -------------------------------------------------------------------------

atom: SANKEY-TYPE ORBITALS:
atom: Selected multiple-zeta basis: split     

SPLIT: Orbitals with angular momentum L= 0

SPLIT: Basis orbitals for state 3s

SPLIT: PAO cut-off radius determined from an
SPLIT: energy shift=  0.005000 Ry
Split based on tail norm

   izeta = 1
                 lambda =    1.000000
                     rc =    2.635420
                 energy =   -6.279263
                kinetic =    3.280930
    potential(screened) =   -9.560193
       potential(ionic) =  -33.794869

SPLIT: Basis orbitals for state 4s

SPLIT: PAO cut-off radius determined from an
SPLIT: energy shift=  0.005000 Ry
Split based on tail norm

   izeta = 1
                 lambda =    1.000000
                     rc =    7.564822
                 energy =   -0.395103
                kinetic =    0.889488
    potential(screened) =   -1.284592
       potential(ionic) =  -12.127932

   izeta = 2
                 rmatch =    5.386928
              splitnorm =    0.150000
                 energy =   -0.276474
                kinetic =    1.505613
    potential(screened) =   -1.782087
       potential(ionic) =  -14.585636

SPLIT: Orbitals with angular momentum L= 1

SPLIT: Basis orbitals for state 3p

SPLIT: PAO cut-off radius determined from an
SPLIT: energy shift=  0.005000 Ry
Split based on tail norm

   izeta = 1
                 lambda =    1.000000
                     rc =    2.948936
                 energy =   -3.985786
                kinetic =    6.967253
    potential(screened) =  -10.953039
       potential(ionic) =  -34.618913

SPLIT: Basis orbitals for state 4p
SPLIT: Non-perturbative polarization orbs for state 4s
SPLIT: rc(1st zeta) (re)set to: 7.5648 (expansion factor: 1.0000)
Split based on tail norm

   izeta = 1
                 lambda =    1.000000
                     rc =    7.564822
                 energy =   -0.073557
                kinetic =    0.905932
    potential(screened) =   -0.979489
       potential(ionic) =  -10.012926

SPLIT: Orbitals with angular momentum L= 2

SPLIT: Basis orbitals for state 3d

SPLIT: PAO cut-off radius determined from an
SPLIT: energy shift=  0.005000 Ry
Split based on tail norm

   izeta = 1
                 lambda =    1.000000
                     rc =    4.819920
                 energy =   -0.487268
                kinetic =   10.254845
    potential(screened) =  -10.742113
       potential(ionic) =  -31.724612

   izeta = 2
                 rmatch =    2.913641
              splitnorm =    0.150000
                 energy =   -0.362521
                kinetic =   12.555785
    potential(screened) =  -12.918306
       potential(ionic) =  -35.651685
atom: Total number of Sankey-type orbitals: 19

atm_pop: Valence configuration (for local Pseudopot. screening):
 3s( 2.00) 4s( 2.00)                                                  
 3p( 6.00) 4p( 0.00)                                                  
 3d( 5.00)                                                            
Vna: chval, zval:   15.00000  15.00000

Vna:  Cut-off radius for the neutral-atom potential:   7.564822
comcore: Pseudo-core radius Rcore=  2.112999

atom: _________________________________________________________________________
Maximum radius (at nrval) set to   50.00000 8518

DFTUprojs with principal quantum number n =  3
DFTUprojs with angular momentum l =  2
DFTUprojs with U        =      0.00000
DFTUprojs with J        =      0.00000
DFTUprojs with lambda   =      1.00000
DFTUprojs with rc       =      3.00000
DFTUprojs with nnodes   =     1
DFTUprojs with nprin    =     3
DFTUprojs with nrval    =  8517
DFTUprojs with nrwf     =  8517
DFTUprojs with nrmax    = 20000
DFTUprojs with zval     =     15.00000
DFTUprojs with a        =      0.00100
DFTUprojs with b        =      0.01000
dftu_proj_gen: updating the rc to     20.072118937095 Bohr

<basis_specs>
===============================================================================
O                    Z=   8    Mass=  15.999        Charge= 0.17977+309
Lmxo=2 Lmxkb= 2    BasisType=split      Semic=F
L=0  Nsemic=0  Cnfigmx=2
          i=1  nzeta=2  polorb=0  (2s)
            splnorm:   0.15000    
               vcte:    40.000    
               rinn:  -0.90000    
               qcoe:    0.0000    
               qyuk:    0.0000    
               qwid:   0.10000E-01
                rcs:    0.0000      0.0000    
            lambdas:    1.0000      1.0000    
L=1  Nsemic=0  Cnfigmx=2
          i=1  nzeta=2  polorb=1  (2p)  (to be polarized perturbatively)
            splnorm:   0.15000    
               vcte:    40.000    
               rinn:  -0.90000    
               qcoe:    0.0000    
               qyuk:    0.0000    
               qwid:   0.10000E-01
                rcs:    0.0000      0.0000    
            lambdas:    1.0000      1.0000    
L=2  Nsemic=0  Cnfigmx=3
          i=1  nzeta=0  polorb=0  (3d)  (perturbative polarization orbital) (from 2p)
-------------------------------------------------------------------------------
L=0  Nkbl=1  erefs: 0.17977+309
L=1  Nkbl=1  erefs: 0.17977+309
L=2  Nkbl=1  erefs: 0.17977+309
===============================================================================
</basis_specs>

Using PAO.SplitTailNorm
atom: Called for O                     (Z =   8)
Maximum radius (at nrval) set to   50.00000 8518

read_vps: Pseudopotential generation method:
read_vps: ONCVPSP-3.Hamann's oncvpsp                        
Valence charge in pseudo generation:    6.00000

read_vps: Pseudopotential includes a core correction:
read_vps: Pseudo-core for xc-correction

xc_check: Exchange-correlation functional:
xc_check: Ceperley-Alder
xc_check: WARNING: Pseudopotential generated with GGA PBE functional
Got Vlocal (oncv-fit) from psml data
Choosing vlocal chloc cutoff:  6.020499
qtot up to nchloc:    6.00003129
atom: Maximum radius for chlocal:    6.02050
atom: Maximum radius for r*vlocal+2*Zval:    6.02050
Reading KB projs from O psml data
Using scalar-relativistic projectors in PSML file

PSML: Kleinman-Bylander projectors: 
   l= 0   rc=  1.277664   Ekb= 14.473397
   l= 0   rc=  1.277664   Ekb=  1.995377
   l= 1   rc=  1.372412   Ekb=-10.453761
   l= 1   rc=  1.372412   Ekb= -2.576064
   l= 2   rc=  1.277664   Ekb= -2.663910

PSML: Total number of  Kleinman-Bylander projectors:  13
atom: -------------------------------------------------------------------------

atom: SANKEY-TYPE ORBITALS:
atom: Selected multiple-zeta basis: split     

SPLIT: Orbitals with angular momentum L= 0

SPLIT: Basis orbitals for state 2s

SPLIT: PAO cut-off radius determined from an
SPLIT: energy shift=  0.005000 Ry
Split based on tail norm

   izeta = 1
                 lambda =    1.000000
                     rc =    3.835216
                 energy =   -1.737061
                kinetic =    1.553335
    potential(screened) =   -3.290396
       potential(ionic) =  -11.162391

   izeta = 2
                 rmatch =    2.376505
              splitnorm =    0.150000
                 energy =   -1.369730
                kinetic =    2.629733
    potential(screened) =   -3.999463
       potential(ionic) =  -12.589575

SPLIT: Orbitals with angular momentum L= 1

SPLIT: Basis orbitals for state 2p

SPLIT: PAO cut-off radius determined from an
SPLIT: energy shift=  0.005000 Ry
Split based on tail norm

   izeta = 1
                 lambda =    1.000000
                     rc =    4.771861
                 energy =   -0.645330
                kinetic =    4.536908
    potential(screened) =   -5.182238
       potential(ionic) =  -12.761723

   izeta = 2
                 rmatch =    2.945979
              splitnorm =    0.150000
                 energy =   -0.483293
                kinetic =    6.238872
    potential(screened) =   -6.722166
       potential(ionic) =  -15.058611

POLgen: Perturbative polarization orbital with L=  2

POLgen: Polarization orbital for state 2p
Split based on tail norm

   izeta = 1
                     rc =    4.771861
                 energy =    2.016497
                kinetic =    3.790249
    potential(screened) =   -1.773752
       potential(ionic) =   -7.664970
atom: Total number of Sankey-type orbitals: 13

atm_pop: Valence configuration (for local Pseudopot. screening):
 2s( 2.00)                                                            
 2p( 4.00)                                                            
 3d( 0.00)                                                            
Vna: chval, zval:    6.00000   6.00000

Vna:  Cut-off radius for the neutral-atom potential:   4.771861
comcore: Pseudo-core radius Rcore=  1.340979

atom: _________________________________________________________________________

prinput: Basis input 

PAO.BasisType split     

%block ChemicalSpeciesLabel
    1   25 MnLR0                   # Species index, atomic number, species label
    2   25 MnLR1                   # Species index, atomic number, species label
    3    8 O                       # Species index, atomic number, species label
%endblock ChemicalSpeciesLabel

%block PAO.Basis                 # Define Basis set
# WARNING: This information might be incomplete!
MnLR0                 5                    # Species label, number of l-shells
 n=3   0   1                         # n, l, Nzeta 
   2.635   
   1.000   
 n=4   0   2                         # n, l, Nzeta 
   7.565      5.387   
   1.000      1.000   
 n=3   1   1                         # n, l, Nzeta 
   2.949   
   1.000   
 n=4   1   1                         # n, l, Nzeta 
   7.565   
   1.000   
 n=3   2   2                         # n, l, Nzeta 
   4.820      2.914   
   1.000      1.000   
MnLR1                 5                    # Species label, number of l-shells
 n=3   0   1                         # n, l, Nzeta 
   2.635   
   1.000   
 n=4   0   2                         # n, l, Nzeta 
   7.565      5.387   
   1.000      1.000   
 n=3   1   1                         # n, l, Nzeta 
   2.949   
   1.000   
 n=4   1   1                         # n, l, Nzeta 
   7.565   
   1.000   
 n=3   2   2                         # n, l, Nzeta 
   4.820      2.914   
   1.000      1.000   
O                     2                    # Species label, number of l-shells
 n=2   0   2                         # n, l, Nzeta 
   3.835      2.377   
   1.000      1.000   
 n=2   1   2 P   1                   # n, l, Nzeta, Polarization, NzetaPol
   4.772      2.946   
   1.000      1.000   
%endblock PAO.Basis

prinput: ----------------------------------------------------------------------

coor:   Atomic-coordinates input format  =     Fractional

siesta: Atomic coordinates (Bohr) and species
siesta:      0.00000   0.00000   0.00000  1        1
siesta:      0.00000   4.19992   4.19992  2        2
siesta:      4.19992   4.19992   4.19992  3        3
siesta:      4.19992   8.39983   8.39983  3        4

siesta: System type = bulk      

initatomlists: Number of atoms, orbitals, and projectors:      4    64    62

coxmol: Writing XMOL coordinates into file MnO_colJ0_SCREENED_alpha_pos0p01.xyz                                                                                                                                                                                                

siesta: ******************** Simulation parameters ****************************
siesta:
siesta: The following are some of the parameters of the simulation.
siesta: A complete list of the parameters used, including default values,
siesta: can be found in file out.fdf
siesta:
redata: Spin configuration                          = collinear
redata: Number of spin components                   = 2
redata: Time-Reversal Symmetry                      = T
redata: Spin spiral                                 = F
redata: Long output                                 =   F
redata: Number of Atomic Species                    =        3
redata: Charge density info will appear in .RHO file
redata: Write Mulliken charges (when)               = none
redata: Write Mulliken Pop.                         = NO
redata: Write Hirshfeld charges (when)              = none
redata: Write Voronoi charges (when)                = none
redata: Write spin charge (when)                    = scf
redata: Matel table size (NRTAB)                    =     1024
redata: Mesh Cutoff                                 =   200.0000 Ry
redata: Net charge of the system                    =     0.0000 |e|
redata: Min. number of SCF Iter                     =        0
redata: Max. number of SCF Iter                     =      500
redata: SCF convergence failure will abort job
redata: SCF mix quantity                            = Hamiltonian
redata: Mix DM or H after convergence               =   F
redata: Recompute H after scf cycle                 =   F
redata: Mix DM in first SCF step                    =   T
redata: Write Pulay info on disk                    =   F
redata: New DM Occupancy tolerance                  = 0.000000000001
redata: No kicks to SCF
redata: DM Mixing Weight for Kicks                  =     0.5000
redata: Require Harris convergence for SCF          =   F
redata: Harris energy tolerance for SCF             =     0.000100 eV
redata: Require DM convergence for SCF              =   T
redata: DM tolerance for SCF                        =     0.000100
redata: Require EDM convergence for SCF             =   F
redata: EDM tolerance for SCF                       =     0.001000 eV
redata: Require H convergence for SCF               =   T
redata: Hamiltonian tolerance for SCF               =     0.001000 eV
redata: Require (free) Energy convergence for SCF   =   F
redata: (free) Energy tolerance for SCF             =     0.000100 eV
redata: Antiferro initial spin density              =   F
redata: Using DFT-D3 dispersion                     =   F
redata: Using Saved Data (generic)                  =   F
redata: Use continuation files for DM               =   T
redata: Neglect nonoverlap interactions             =   F
redata: Method of Calculation                       = Diagonalization
redata: Electronic Temperature                      =   300.0000 K
redata: Fix the spin of the system                  =   F
redata: Max. number of TDED Iter                    =        1
redata: Number of TDED substeps                     =        3
redata: Dynamics option                             = Single-point calculation
mix.SCF: Pulay mixing                            = Pulay
mix.SCF:    Variant                              = stable
mix.SCF:    History steps                        = 5
mix.SCF:    Linear mixing weight                 =     0.050000
mix.SCF:    Mixing weight                        =     0.050000
mix.SCF:    SVD condition                        = 0.1000E-07
mix.SCF: Spin-component mixing                   all
redata: ***********************************************************************

%block SCF.Mixers
  Pulay
%endblock SCF.Mixers

%block SCF.Mixer.Pulay
  # Mixing method
  method pulay
  variant stable

  # Mixing options
  weight 0.0500
  weight.linear 0.0500
  history 5
%endblock SCF.Mixer.Pulay

DM_history_depth set to one: no extrapolation allowed by default for geometry relaxation
Size of DM history Fstack: 1
Total number of electrons:    42.000000
Total ionic charge:    42.000000

* ProcessorY, Blocksize:    2  17


* Orbital distribution balance (max,min):    17    13

k-point displ. along   1 input, could be:     0.00    0.50
k-point displ. along   2 input, could be:     0.00    0.50
k-point displ. along   3 input, could be:     0.00    0.50
 Kpoints in:           24 . Kpoints trimmed:           23

siesta: k-grid: Number of k-points = 23
siesta: k-points from Monkhorst-Pack grid
siesta: k-cutoff (effective) =     6.286 Ang
siesta: k-point supercell and displacements
siesta: k-grid:     2     0     0      0.000
siesta: k-grid:     0     4     0      0.000
siesta: k-grid:     0     0     4      0.000

diag: Algorithm                                     = D&C
diag: Parallel over k                               =   F
diag: Use parallel 2D distribution                  =   T
diag: Parallel block-size                           = 17
diag: Parallel distribution                         =     2 x     2
diag: Used triangular part                          = Lower
diag: Absolute tolerance                            =  0.100E-15
diag: Orthogonalization factor                      =  0.100E-05
diag: Memory factor                                 =  1.0000

superc: Internal auxiliary supercell:     5 x     9 x     9  =     405
superc: Number of atoms, orbitals, and projectors:   1620  25920  25110


ts: **************************************************************
ts: Save H and S matrices                           =    F
ts: Save TSHS files in MD/FC simulation             =    F
ts: Save DM and EDM matrices                        =    F
ts: Only save the overlap matrix S                  =    F
ts: **************************************************************

************************ Begin: TS CHECKS AND WARNINGS ************************
************************ End: TS CHECKS AND WARNINGS **************************


                     ====================================
                        Single-point calculation
                     ====================================

superc: Internal auxiliary supercell:     5 x     9 x     9  =     405
superc: Number of atoms, orbitals, and projectors:   1620  25920  25110

outcell: Unit cell vectors (Ang):
        0.000000    4.445000    4.445000
        2.222500    0.000000    2.222500
        2.222500    2.222500    0.000000

outcell: Cell vector modules (Ang)   :    6.286179    3.143090    3.143090
outcell: Cell angles (23,13,12) (deg):     60.0000     60.0000     60.0000
outcell: Cell volume (Ang**3)        :     43.9122
<dSpData1D:S at geom step 0
  <sparsity:sparsity for geom step 0
    nrows_g=64 nrows=17 sparsity=10.6858 nnzs=43769, refcount: 8>
  <dData1D:(new from dSpData1D) n=43769, refcount: 1>
refcount: 1>
new_DM -- step:     1
Initializing Density Matrix...

Attempting to read DM from file... Succeeded...
DM from file:
<dSpData2D:IO-DM: MnO_colJ0_SCREENED_alpha_pos0p01.DM
  <sparsity:IO-DM: MnO_colJ0_SCREENED_alpha_pos0p01.DM
    nrows_g=64 nrows=17 sparsity=10.6858 nnzs=43769, refcount: 1>
  <dData2D:(new from dSpData2D) n=43769 m=2, refcount: 1>
refcount: 1>
DM to be used:
<dSpData2D:Re-structured SpM
  <sparsity:sparsity for geom step 0
    nrows_g=64 nrows=17 sparsity=10.6858 nnzs=43769, refcount: 9>
  <dData2D:(new in restruct) n=43769 m=2, refcount: 1>
refcount: 1>
No. of atoms with KB's overlaping orbs in proc 0. Max # of overlaps:      33     249

InitMesh: MESH = 48 x 24 x 24 = 27648
InitMesh: Mesh cutoff (required, used) =   200.000   241.714 Ry
New grid distribution [1]: sub = 2
New grid distribution [2]: sub = 2
New grid distribution [3]: sub = 2
Setting up quadratic distribution...
hubbard_term: recalculating local occupations    1
 hubbard_term: projector occupations
 hubbard_term: atom, species:            1           1
   1   1     0.97234     0.12185
   1   2     0.00000     0.00000
   1   3    -0.00000    -0.00000
   1   4     0.00000     0.00000
   1   5    -0.00000     0.00000
   2   1     0.00000     0.00000
   2   2     0.97234     0.12185
   2   3    -0.00000    -0.00000
   2   4    -0.00000    -0.00000
   2   5     0.00000     0.00000
   3   1    -0.00000    -0.00000
   3   2    -0.00000    -0.00000
   3   3     0.89604     0.13291
   3   4    -0.00000    -0.00000
   3   5     0.00000    -0.00000
   4   1     0.00000     0.00000
   4   2    -0.00000    -0.00000
   4   3    -0.00000    -0.00000
   4   4     0.97234     0.12185
   4   5    -0.00000    -0.00000
   5   1    -0.00000     0.00000
   5   2     0.00000     0.00000
   5   3     0.00000    -0.00000
   5   4    -0.00000    -0.00000
   5   5     0.89604     0.13291
hubbard_term: Total projector shell
Occupations:     4.709096    0.631367    5.340464
 hubbard_term: projector occupations
 hubbard_term: atom, species:            2           2
   1   1     0.97234     0.12185
   1   2     0.00000     0.00000
   1   3    -0.00000    -0.00000
   1   4     0.00000     0.00000
   1   5     0.00000    -0.00000
   2   1     0.00000     0.00000
   2   2     0.97234     0.12185
   2   3    -0.00000    -0.00000
   2   4    -0.00000    -0.00000
   2   5     0.00000     0.00000
   3   1    -0.00000    -0.00000
   3   2    -0.00000    -0.00000
   3   3     0.89604     0.13291
   3   4    -0.00000    -0.00000
   3   5     0.00000    -0.00000
   4   1     0.00000     0.00000
   4   2    -0.00000    -0.00000
   4   3    -0.00000    -0.00000
   4   4     0.97234     0.12185
   4   5    -0.00000    -0.00000
   5   1     0.00000    -0.00000
   5   2     0.00000     0.00000
   5   3     0.00000    -0.00000
   5   4    -0.00000    -0.00000
   5   5     0.89604     0.13291
hubbard_term: Total projector shell
Occupations:     4.709096    0.631367    5.340464
hubbard_term: maximum change in local occup.    0.972341
hubbard_term: recalculating Hamiltonian

stepf: Fermi-Dirac step function
hubbard_term: recalculating local occupations    1
 hubbard_term: projector occupations
 hubbard_term: atom, species:            1           1
   1   1     0.97231     0.12026
   1   2    -0.00000    -0.00007
   1   3    -0.00000    -0.00020
   1   4     0.00000     0.00007
   1   5     0.00000    -0.00000
   2   1    -0.00000    -0.00007
   2   2     0.97231     0.12026
   2   3     0.00000     0.00010
   2   4     0.00000     0.00007
   2   5    -0.00000    -0.00017
   3   1    -0.00000    -0.00020
   3   2     0.00000     0.00010
   3   3     0.89559     0.13256
   3   4    -0.00000    -0.00010
   3   5     0.00000     0.00000
   4   1     0.00000     0.00007
   4   2     0.00000     0.00007
   4   3    -0.00000    -0.00010
   4   4     0.97231     0.12026
   4   5    -0.00000    -0.00017
   5   1     0.00000    -0.00000
   5   2    -0.00000    -0.00017
   5   3     0.00000     0.00000
   5   4    -0.00000    -0.00017
   5   5     0.89559     0.13256
hubbard_term: Total projector shell
Occupations:     4.708110    0.625918    5.334028
 hubbard_term: projector occupations
 hubbard_term: atom, species:            2           2
   1   1     0.97234     0.12333
   1   2     0.00000     0.00007
   1   3     0.00000     0.00020
   1   4    -0.00000    -0.00007
   1   5    -0.00000     0.00000
   2   1     0.00000     0.00007
   2   2     0.97234     0.12333
   2   3    -0.00000    -0.00010
   2   4    -0.00000    -0.00007
   2   5     0.00000     0.00017
   3   1     0.00000     0.00020
   3   2    -0.00000    -0.00010
   3   3     0.89634     0.13299
   3   4     0.00000     0.00010
   3   5     0.00000    -0.00000
   4   1    -0.00000    -0.00007
   4   2    -0.00000    -0.00007
   4   3     0.00000     0.00010
   4   4     0.97234     0.12333
   4   5     0.00000     0.00017
   5   1    -0.00000     0.00000
   5   2     0.00000     0.00017
   5   3     0.00000    -0.00000
   5   4     0.00000     0.00017
   5   5     0.89634     0.13299
hubbard_term: Total projector shell
Occupations:     4.709713    0.635971    5.345685
hubbard_term: maximum change in local occup.    0.001586
hubbard_term: recalculating Hamiltonian

siesta: Program's energy decomposition (eV):
siesta: Ebs     =     -1273.433982
siesta: Eions   =      9992.500490
siesta: Ena     =      1401.383969
siesta: Ekin    =      3386.575036
siesta: Enl     =      -414.778522
siesta: Eso     =         0.000000
siesta: Edftu   =         0.053340
siesta: DEna    =        -1.733525
siesta: DUscf   =         0.601018
siesta: DUext   =         0.000000
siesta: Ex      =     -1131.806112
siesta: Ec      =       -96.503993
siesta: Exc     =     -1228.310105
siesta: EbV     =         0.000000
siesta: eta*DQ  =         0.000000
siesta: Emadel  =         0.000000
siesta: Emeta   =         0.000000
siesta: Emolmec =         0.000000
siesta: Ekinion =         0.000000
siesta: Eharris =     -6848.708407
siesta: Etot    =     -6848.709278
siesta: FreeEng =     -6848.722589

        iscf     Eharris(eV)        E_KS(eV)     FreeEng(eV)     dDmax    Ef(eV) dHmax(eV)
   scf:    1    -6848.708407    -6848.709278    -6848.722589  0.002489 -5.011222  0.109000
     spin moment: {S} , |S| = {        0.0        0.0    8.81287 }     8.81287
timer: Routine,Calls,Time,% = IterSCF        1       1.029  23.98
hubbard_term: recalculating local occupations    2
 hubbard_term: projector occupations
 hubbard_term: atom, species:            1           1
   1   1     0.97233     0.12142
   1   2     0.00000    -0.00003
   1   3     0.00000    -0.00005
   1   4    -0.00000     0.00003
   1   5     0.00000     0.00000
   2   1     0.00000    -0.00003
   2   2     0.97233     0.12142
   2   3    -0.00000     0.00003
   2   4    -0.00000     0.00003
   2   5     0.00000    -0.00005
   3   1     0.00000    -0.00005
   3   2    -0.00000     0.00003
   3   3     0.89596     0.13272
   3   4     0.00000    -0.00003
   3   5     0.00000     0.00000
   4   1    -0.00000     0.00003
   4   2    -0.00000     0.00003
   4   3     0.00000    -0.00003
   4   4     0.97233     0.12142
   4   5     0.00000    -0.00005
   5   1     0.00000     0.00000
   5   2     0.00000    -0.00005
   5   3     0.00000     0.00000
   5   4     0.00000    -0.00005
   5   5     0.89596     0.13272
hubbard_term: Total projector shell
Occupations:     4.708920    0.629701    5.338621
 hubbard_term: projector occupations
 hubbard_term: atom, species:            2           2
   1   1     0.97232     0.12219
   1   2    -0.00000     0.00003
   1   3    -0.00000     0.00005
   1   4     0.00000    -0.00003
   1   5    -0.00000    -0.00000
   2   1    -0.00000     0.00003
   2   2     0.97232     0.12219
   2   3     0.00000    -0.00003
   2   4     0.00000    -0.00003
   2   5    -0.00000     0.00005
   3   1    -0.00000     0.00005
   3   2     0.00000    -0.00003
   3   3     0.89599     0.13285
   3   4    -0.00000     0.00003
   3   5     0.00000    -0.00000
   4   1     0.00000    -0.00003
   4   2     0.00000    -0.00003
   4   3    -0.00000     0.00003
   4   4     0.97232     0.12219
   4   5    -0.00000     0.00005
   5   1    -0.00000    -0.00000
   5   2    -0.00000     0.00005
   5   3     0.00000    -0.00000
   5   4    -0.00000     0.00005
   5   5     0.89599     0.13285
hubbard_term: Total projector shell
Occupations:     4.708941    0.632254    5.341196
hubbard_term: maximum change in local occup.    0.001154
hubbard_term: recalculating Hamiltonian
   scf:    2    -6848.709778    -6848.709688    -6848.723014  0.001828 -5.011369  0.017473
     spin moment: {S} , |S| = {        0.0        0.0    8.81287 }     8.81287
hubbard_term: recalculating local occupations    3
 hubbard_term: projector occupations
 hubbard_term: atom, species:            1           1
   1   1     0.97234     0.12156
   1   2     0.00000    -0.00002
   1   3     0.00000    -0.00004
   1   4    -0.00000     0.00002
   1   5     0.00000     0.00000
   2   1     0.00000    -0.00002
   2   2     0.97234     0.12156
   2   3    -0.00000     0.00002
   2   4    -0.00000     0.00002
   2   5     0.00000    -0.00003
   3   1     0.00000    -0.00004
   3   2    -0.00000     0.00002
   3   3     0.89601     0.13275
   3   4     0.00000    -0.00002
   3   5     0.00000     0.00000
   4   1    -0.00000     0.00002
   4   2    -0.00000     0.00002
   4   3     0.00000    -0.00002
   4   4     0.97234     0.12156
   4   5     0.00000    -0.00003
   5   1     0.00000     0.00000
   5   2     0.00000    -0.00003
   5   3     0.00000     0.00000
   5   4     0.00000    -0.00003
   5   5     0.89601     0.13275
hubbard_term: Total projector shell
Occupations:     4.709039    0.630193    5.339232
 hubbard_term: projector occupations
 hubbard_term: atom, species:            2           2
   1   1     0.97232     0.12205
   1   2    -0.00000     0.00002
   1   3    -0.00000     0.00004
   1   4     0.00000    -0.00002
   1   5    -0.00000    -0.00000
   2   1    -0.00000     0.00002
   2   2     0.97232     0.12205
   2   3     0.00000    -0.00002
   2   4     0.00000    -0.00002
   2   5    -0.00000     0.00003
   3   1    -0.00000     0.00004
   3   2     0.00000    -0.00002
   3   3     0.89594     0.13284
   3   4    -0.00000     0.00002
   3   5    -0.00000    -0.00000
   4   1     0.00000    -0.00002
   4   2     0.00000    -0.00002
   4   3    -0.00000     0.00002
   4   4     0.97232     0.12205
   4   5    -0.00000     0.00003
   5   1    -0.00000    -0.00000
   5   2    -0.00000     0.00003
   5   3    -0.00000    -0.00000
   5   4    -0.00000     0.00003
   5   5     0.89594     0.13284
hubbard_term: Total projector shell
Occupations:     4.708855    0.631823    5.340678
hubbard_term: maximum change in local occup.    0.000145
   scf:    3    -6848.709694    -6848.709694    -6848.723020  0.000226 -5.011528  0.005037
     spin moment: {S} , |S| = {        0.0        0.0    8.81287 }     8.81287
hubbard_term: recalculating local occupations    4
 hubbard_term: projector occupations
 hubbard_term: atom, species:            1           1
   1   1     0.97234     0.12157
   1   2     0.00000    -0.00002
   1   3     0.00000    -0.00004
   1   4    -0.00000     0.00002
   1   5     0.00000     0.00000
   2   1     0.00000    -0.00002
   2   2     0.97234     0.12157
   2   3    -0.00000     0.00002
   2   4    -0.00000     0.00002
   2   5     0.00000    -0.00003
   3   1     0.00000    -0.00004
   3   2    -0.00000     0.00002
   3   3     0.89604     0.13278
   3   4     0.00000    -0.00002
   3   5     0.00000     0.00000
   4   1    -0.00000     0.00002
   4   2    -0.00000     0.00002
   4   3     0.00000    -0.00002
   4   4     0.97234     0.12157
   4   5     0.00000    -0.00003
   5   1     0.00000     0.00000
   5   2     0.00000    -0.00003
   5   3     0.00000     0.00000
   5   4     0.00000    -0.00003
   5   5     0.89604     0.13278
hubbard_term: Total projector shell
Occupations:     4.709116    0.630265    5.339381
 hubbard_term: projector occupations
 hubbard_term: atom, species:            2           2
   1   1     0.97233     0.12207
   1   2    -0.00000     0.00002
   1   3    -0.00000     0.00004
   1   4     0.00000    -0.00002
   1   5    -0.00000    -0.00000
   2   1    -0.00000     0.00002
   2   2     0.97233     0.12207
   2   3     0.00000    -0.00002
   2   4     0.00000    -0.00002
   2   5    -0.00000     0.00003
   3   1    -0.00000     0.00004
   3   2     0.00000    -0.00002
   3   3     0.89596     0.13287
   3   4    -0.00000     0.00002
   3   5    -0.00000    -0.00000
   4   1     0.00000    -0.00002
   4   2     0.00000    -0.00002
   4   3    -0.00000     0.00002
   4   4     0.97233     0.12207
   4   5    -0.00000     0.00003
   5   1    -0.00000    -0.00000
   5   2    -0.00000     0.00003
   5   3    -0.00000    -0.00000
   5   4    -0.00000     0.00003
   5   5     0.89596     0.13287
hubbard_term: Total projector shell
Occupations:     4.708891    0.631954    5.340845
hubbard_term: maximum change in local occup.    0.000149
   scf:    4    -6848.709695    -6848.709695    -6848.723022  0.000113 -5.012087  0.000976
     spin moment: {S} , |S| = {        0.0        0.0    8.81287 }     8.81287
hubbard_term: recalculating local occupations    5
 hubbard_term: projector occupations
 hubbard_term: atom, species:            1           1
   1   1     0.97235     0.12156
   1   2     0.00000    -0.00001
   1   3     0.00000    -0.00004
   1   4    -0.00000     0.00001
   1   5     0.00000     0.00000
   2   1     0.00000    -0.00001
   2   2     0.97235     0.12156
   2   3    -0.00000     0.00002
   2   4    -0.00000     0.00001
   2   5     0.00000    -0.00003
   3   1     0.00000    -0.00004
   3   2    -0.00000     0.00002
   3   3     0.89606     0.13278
   3   4     0.00000    -0.00002
   3   5     0.00000     0.00000
   4   1    -0.00000     0.00001
   4   2    -0.00000     0.00001
   4   3     0.00000    -0.00002
   4   4     0.97235     0.12156
   4   5     0.00000    -0.00003
   5   1     0.00000     0.00000
   5   2     0.00000    -0.00003
   5   3     0.00000     0.00000
   5   4     0.00000    -0.00003
   5   5     0.89606     0.13278
hubbard_term: Total projector shell
Occupations:     4.709164    0.630236    5.339399
 hubbard_term: projector occupations
 hubbard_term: atom, species:            2           2
   1   1     0.97233     0.12208
   1   2    -0.00000     0.00002
   1   3    -0.00000     0.00004
   1   4     0.00000    -0.00001
   1   5    -0.00000    -0.00000
   2   1    -0.00000     0.00002
   2   2     0.97233     0.12208
   2   3     0.00000    -0.00002
   2   4     0.00000    -0.00002
   2   5    -0.00000     0.00003
   3   1    -0.00000     0.00004
   3   2     0.00000    -0.00002
   3   3     0.89594     0.13287
   3   4    -0.00000     0.00002
   3   5    -0.00000    -0.00000
   4   1     0.00000    -0.00001
   4   2     0.00000    -0.00002
   4   3    -0.00000     0.00002
   4   4     0.97233     0.12208
   4   5    -0.00000     0.00003
   5   1    -0.00000    -0.00000
   5   2    -0.00000     0.00003
   5   3    -0.00000    -0.00000
   5   4    -0.00000     0.00003
   5   5     0.89594     0.13287
hubbard_term: Total projector shell
Occupations:     4.708860    0.631976    5.340836
hubbard_term: maximum change in local occup.    0.000140
   scf:    5    -6848.709695    -6848.709695    -6848.723022  0.000050 -5.012244  0.000718
     spin moment: {S} , |S| = {        0.0        0.0    8.81287 }     8.81287

SCF Convergence by DM+H criterion
max |DM_out - DM_in|         :     0.0000502629
max |H_out - H_in|      (eV) :     0.0007175911
DFT+U population converged by dTol_pop criteria:
max |pop(DFT+U)_i - pop(DFT+U)_j|:     0.0001401584
SCF cycle converged after 5 iterations

Using DM_out to compute the final energy and forces
No. of atoms with KB's overlaping orbs in proc 0. Max # of overlaps:      33     249
hubbard_term: recalculating local occupations    6
 hubbard_term: projector occupations
 hubbard_term: atom, species:            1           1
   1   1     0.97235     0.12156
   1   2     0.00000    -0.00001
   1   3     0.00000    -0.00004
   1   4    -0.00000     0.00001
   1   5     0.00000     0.00000
   2   1     0.00000    -0.00001
   2   2     0.97235     0.12156
   2   3    -0.00000     0.00002
   2   4    -0.00000     0.00001
   2   5     0.00000    -0.00003
   3   1     0.00000    -0.00004
   3   2    -0.00000     0.00002
   3   3     0.89606     0.13278
   3   4     0.00000    -0.00002
   3   5     0.00000     0.00000
   4   1    -0.00000     0.00001
   4   2    -0.00000     0.00001
   4   3     0.00000    -0.00002
   4   4     0.97235     0.12156
   4   5     0.00000    -0.00003
   5   1     0.00000     0.00000
   5   2     0.00000    -0.00003
   5   3     0.00000     0.00000
   5   4     0.00000    -0.00003
   5   5     0.89606     0.13278
hubbard_term: Total projector shell
Occupations:     4.709164    0.630236    5.339399
 hubbard_term: projector occupations
 hubbard_term: atom, species:            2           2
   1   1     0.97233     0.12208
   1   2    -0.00000     0.00002
   1   3    -0.00000     0.00004
   1   4     0.00000    -0.00001
   1   5    -0.00000    -0.00000
   2   1    -0.00000     0.00002
   2   2     0.97233     0.12208
   2   3     0.00000    -0.00002
   2   4     0.00000    -0.00002
   2   5    -0.00000     0.00003
   3   1    -0.00000     0.00004
   3   2     0.00000    -0.00002
   3   3     0.89594     0.13287
   3   4    -0.00000     0.00002
   3   5    -0.00000    -0.00000
   4   1     0.00000    -0.00001
   4   2     0.00000    -0.00002
   4   3    -0.00000     0.00002
   4   4     0.97233     0.12208
   4   5    -0.00000     0.00003
   5   1    -0.00000    -0.00000
   5   2    -0.00000     0.00003
   5   3    -0.00000    -0.00000
   5   4    -0.00000     0.00003
   5   5     0.89594     0.13287
hubbard_term: Total projector shell
Occupations:     4.708860    0.631976    5.340836
hubbard_term: maximum change in local occup.    0.000140
hubbard_term: recalculating Hamiltonian and forces

siesta: E_KS(eV) =            -6848.7097

siesta: E_KS - E_eggbox =     -6848.7097

siesta: Atomic forces (eV/Ang):
     1   -0.000000   -0.000000   -0.000000
     2    0.000000    0.000000   -0.000000
     3    0.000497   -0.000497   -0.000497
     4   -0.000497    0.000497    0.000497
----------------------------------------
   Tot   -0.000000   -0.000000   -0.000000
----------------------------------------
   Max    0.000497
   Res    0.000352    sqrt( Sum f_i^2 / 3N )
----------------------------------------
   Max    0.000497    constrained

Stress tensor Voigt[x,y,z,yz,xz,xy] (kbar):      189.88      189.88      189.88       -0.00       -0.00       -0.00
(Free)E + p*V (eV/cell)    -6853.9272
Target enthalpy (eV/cell)    -6848.7230

coxmol: Writing XMOL coordinates into file MnO_colJ0_SCREENED_alpha_pos0p01.xyz                                                                                                                                                                                                

siesta: Program's energy decomposition (eV):
siesta: Ebs     =     -1273.366648
siesta: Eions   =      9992.500490
siesta: Ena     =      1401.383969
siesta: Ekin    =      3386.630960
siesta: Enl     =      -414.787348
siesta: Eso     =         0.000000
siesta: Edftu   =         0.053394
siesta: DEna    =        -1.773020
siesta: DUscf   =         0.598772
siesta: DUext   =         0.000000
siesta: Ex      =     -1131.811778
siesta: Ec      =       -96.504154
siesta: Exc     =     -1228.315932
siesta: EbV     =         0.000000
siesta: eta*DQ  =         0.000000
siesta: Emadel  =         0.000000
siesta: Emeta   =         0.000000
siesta: Emolmec =         0.000000
siesta: Ekinion =         0.000000
siesta: Eharris =     -6848.709695
siesta: Etot    =     -6848.709695
siesta: FreeEng =     -6848.723022

siesta: Final energy (eV):
siesta:  Band Struct. =   -1273.366648
siesta:       Kinetic =    3386.630960
siesta:       Hartree =    1730.765461
siesta:         Edftu =       0.053394
siesta:       Eso     =       0.000000
siesta:    Ext. field =       0.000000
siesta:         Exch. =   -1131.811778
siesta:         Corr. =     -96.504154
siesta:     Bulk bias =       0.000000
siesta:   Exch.-corr. =   -1228.315932
siesta:  Ion-electron =   -6987.550280
siesta:       Ion-ion =   -3750.293298
siesta:       Ekinion =       0.000000
siesta: D3 dispersion =       0.000000
siesta:         Total =   -6848.709695
siesta:         Fermi =      -5.012244

siesta: Stress tensor (static) (eV/Ang**3):
siesta:     0.118512   -0.000000   -0.000000
siesta:    -0.000000    0.118512   -0.000000
siesta:    -0.000000   -0.000000    0.118512

siesta: Cell volume =         43.912211 Ang**3

siesta: Pressure (static):
siesta:                Solid            Molecule  Units
siesta:          -0.00129076         -0.00129094  Ry/Bohr**3
siesta:          -0.11851233         -0.11852910  eV/Ang**3
siesta:        -189.87767946       -189.90455607  kBar

Basis Enthalpy Calculation:
    Basis Pressure for species 1(MnLR0) :      0.2000000 GPa
    Basis Pressure for species 2(MnLR1) :      0.2000000 GPa
    Basis Pressure for species 3(O) :      0.2000000 GPa

    Orbital volume contribution        =           2.348563 eV
    (Free)E + p_basis*V_orbitals       =       -6846.374459 eV
    (Free)Eharris+ p_basis*V_orbitals  =       -6846.374459 eV
WARNING: BASIS_ENTHALPY and BASIS_HARRIS_ENTHALPY files are deprecated. They will be removed in future releases.
Please use system_label.BASIS_ENTHALPY in your scripts instead.

cite: Please indicate the Siesta version in published work: 5.4.2
cite: This calculation has made use of features in the following articles
cite: which we encourage you to cite in published work.
cite: (Please see "MnO_colJ0_SCREENED_alpha_pos0p01.bib" for a BibTeX file.)
        Primary SIESTA paper
          DOI: www.doi.org/10.1088/0953-8984/14/11/302
        LDA+U implementation
          DOI: www.doi.org/10.1103/PhysRevB.57.1505
        PSML pseudopotential format
          DOI: www.doi.org/10.1016/j.cpc.2018.02.011


>> End of run:   8-AUG-2026  23:20:12
Job completed
