Executable      : /home/jmc/.local/siesta-5.4.2-openmpi/bin/siesta
Version         : 5.4.2
Architecture    : x86_64
Compiler version: GNU-13.3.0
Compiler flags  : -fallow-argument-mismatch -O3 -march=native
Parallelisations: MPI
Lua support
ELSI support. Solvers:
   ELPA (internal) 
   NTPoly
   OMM
DFT-D3 support

Runtime information:
* Directory : /home/jmc/.local/state/siestaflow/stage-u-b-v6-20260930/observables/feo-dft-mix001-both
* Running on 4 nodes in parallel.
>> Start of run:   1-OCT-2026   2:18:32

                           *********************** 
                           *  WELCOME TO SIESTA  * 
                           *********************** 

 NOTE: Siesta V5 introduces some new defaults for basis-set generation
 NOTE: which might lead to slightly different numerical results.
 NOTE: Please see the manual for full details and compatibility measures.


reinit: Reading from standard input
reinit: Dumping input in INPUT_TMP.58975
************************** Dump of input data file ****************************
SystemName FeO ideal AFM-II PBE Stage U-A
SystemLabel FEO_PBE_REFERENCE
NumberOfAtoms 4
NumberOfSpecies 3
%block ChemicalSpeciesLabel
  1 26 FeLR0
  2 26 FeLR1
  3 8 O
%endblock ChemicalSpeciesLabel
LatticeConstant 4.334 Ang
%block LatticeVectors
  0.0 1.0 1.0
  0.5 0.0 0.5
  0.5 0.5 0.0
%endblock LatticeVectors
AtomicCoordinatesFormat Fractional
%block AtomicCoordinatesAndAtomicSpecies
  0.00 0.00 0.00 1 # FeLR0 / AFM-II A
  0.50 0.00 0.00 2 # FeLR1 / AFM-II B
  0.25 0.50 0.50 3 # O
  0.75 0.50 0.50 3 # O
%endblock AtomicCoordinatesAndAtomicSpecies
XC.Functional GGA
XC.Authors PBE
PAO.BasisSize DZP
PAO.EnergyShift 0.005 Ry
PAO.SplitNorm 0.15
PAO.BasisType split
MeshCutoff 200 Ry
%block kgrid_Monkhorst_Pack
  2 0 0 0.0
  0 4 0 0.0
  0 0 4 0.0
%endblock kgrid_Monkhorst_Pack
OccupationFunction FD
ElectronicTemperature 300 K
MaxSCFIterations 300
DM.MixingWeight 0.01
DM.NumberPulay 5
Spin polarized
%block DM.InitSpin
  1 +4.0
  2 -4.0
  3 0.0
  4 0.0
%endblock DM.InitSpin
DFTU.ProjectorGenerationMethod 2
DFTU.PotentialShift false
DFTU.FirstIteration true
DM.UseSaveDM false
WriteMullikenPop 1
WriteDM true
MD.NumCGsteps 0
SCF.MustConverge true
SCF.Mix Hamiltonian
SCF.Mixer.Method Pulay
SCF.Mixer.Weight 0.01
SCF.Mixer.History 8
SCF.DM.Converge true
SCF.H.Converge true
SCF.DM.Tolerance 1.0e-5
SCF.H.Tolerance 1.0e-4 eV
%block DFTU.proj
  FeLR0 1
  3 2
  0.0000 0.0000
  3.0000 0.0500
  FeLR1 1
  3 2
  0.0000 0.0000
  3.0000 0.0500
%endblock DFTU.proj
************************** End of input data file *****************************

reinit: -----------------------------------------------------------------------
reinit: System Name: FeO ideal AFM-II PBE Stage U-A
reinit: -----------------------------------------------------------------------
reinit: System Label: FEO_PBE_REFERENCE
reinit: -----------------------------------------------------------------------

NOTE on units for spin output: 
{S} is the spin magnetic moment, in units of the Bohr magneton,
assuming a g-factor for the electron spin of exactly 2.
The spin magnetic moment is then numerically equal to the charge inbalance,
in units of electrons, between the spin-up and -down channels.


initatom: Reading input for the pseudopotentials and atomic orbitals ----------
Species number:   1 Atomic number:   26 Label: FeLR0
Species number:   2 Atomic number:   26 Label: FeLR1
Species number:   3 Atomic number:    8 Label: O

Ground state valence configuration (from tables):   4s02  4p00  3d06  4f00
Ground state valence configuration (from tables):   4s02  4p00  3d06  4f00
Ground state valence configuration (from tables):   2s02  2p04  3d00  4f00

---- Processing specs for species: FeLR0
Reading pseudopotential information in PSML from:
  FeLR0.psml
PSML file version: 1.1
Using libxc ids:  101 130
GGA--PBE XC_GGA_X_PBE--XC_GGA_C_PBE pb
PSML uuid: ee8b0790-be41-11e7-6637-6f78df7df373
Semicore shell(s) with  8 electrons included in the valence for FeLR0

---- Processing specs for species: FeLR1
Reading pseudopotential information in PSML from:
  FeLR1.psml
PSML file version: 1.1
Using libxc ids:  101 130
GGA--PBE XC_GGA_X_PBE--XC_GGA_C_PBE pb
PSML uuid: ee8b0790-be41-11e7-6637-6f78df7df373
Semicore shell(s) with  8 electrons included in the valence for FeLR1

---- Processing specs for species: O
Reading pseudopotential information in PSML from:
  O.psml
PSML file version: 1.1
Using libxc ids:  101 130
GGA--PBE XC_GGA_X_PBE--XC_GGA_C_PBE pb
PSML uuid: 3cff85a0-be41-11e7-6c5c-1b1fe64d18ef

---- Pseudopotential check for Fe

Pseudized shells:
3s( 2.00) rc: 1.26
3p( 6.00) rc: 1.21
3d( 6.00) rc: 1.57
Valence configuration for ps generation: 3s:3p:3d:4s: Total charge:  16.000000
Semicore shell(s): 3s 3p
Fallback to non-perturbative polarization scheme for FeLR0
Please see the manual if this is not desired in principle

---- Pseudopotential check for Fe

Pseudized shells:
3s( 2.00) rc: 1.26
3p( 6.00) rc: 1.21
3d( 6.00) rc: 1.57
Valence configuration for ps generation: 3s:3p:3d:4s: Total charge:  16.000000
Semicore shell(s): 3s 3p
Fallback to non-perturbative polarization scheme for FeLR1
Please see the manual if this is not desired in principle

---- Pseudopotential check for O 

Pseudized shells:
2s( 2.00) rc: 1.36
2p( 4.00) rc: 1.46
3d( 0.00) rc: 1.26
Valence configuration for ps generation: 2s:2p: Total charge:   6.000000
For FeLR0, standard SIESTA heuristics set lmxkb to 3
 (one more than the basis l, including polarization orbitals).
Use PS.lmax or PS.KBprojectors blocks to override.
For FeLR1, standard SIESTA heuristics set lmxkb to 3
 (one more than the basis l, including polarization orbitals).
Use PS.lmax or PS.KBprojectors blocks to override.
For O, standard SIESTA heuristics set lmxkb to 3
 (one more than the basis l, including polarization orbitals).
Use PS.lmax or PS.KBprojectors blocks to override.
FeLR0 pseudopotential only contains V_ls up to l=2 -- lmxkb reset.
FeLR1 pseudopotential only contains V_ls up to l=2 -- lmxkb reset.
O pseudopotential only contains V_ls up to l=2 -- lmxkb reset.

<basis_specs>
===============================================================================
FeLR0                Z=  26    Mass=  55.845        Charge= 0.17977+309
Lmxo=2 Lmxkb= 2    BasisType=split      Semic=T
L=0  Nsemic=1  Cnfigmx=4
          i=1  nzeta=1  polorb=0  (3s)  (semicore shell)
            splnorm:   0.15000    
               vcte:    40.000    
               rinn:  -0.90000    
               qcoe:    0.0000    
               qyuk:    0.0000    
               qwid:   0.10000E-01
                rcs:    0.0000    
            lambdas:    1.0000    
          i=2  nzeta=2  polorb=0  (4s)  (to be polarized non-perturbatively)
            splnorm:   0.15000    
               vcte:    40.000    
               rinn:  -0.90000    
               qcoe:    0.0000    
               qyuk:    0.0000    
               qwid:   0.10000E-01
                rcs:    0.0000      0.0000    
            lambdas:    1.0000      1.0000    
L=1  Nsemic=1  Cnfigmx=4
          i=1  nzeta=1  polorb=0  (3p)  (semicore shell)
            splnorm:   0.15000    
               vcte:    40.000    
               rinn:  -0.90000    
               qcoe:    0.0000    
               qyuk:    0.0000    
               qwid:   0.10000E-01
                rcs:    0.0000    
            lambdas:    1.0000    
          i=2  nzeta=1  polorb=0  (4p)  (non-perturbative polarization shell)
            splnorm:   0.15000    
               vcte:    40.000    
               rinn:  -0.90000    
               qcoe:    0.0000    
               qyuk:    0.0000    
               qwid:   0.10000E-01
                rcs:    0.0000    
            lambdas:    1.0000    
L=2  Nsemic=0  Cnfigmx=3
          i=1  nzeta=2  polorb=0  (3d)
            splnorm:   0.15000    
               vcte:    40.000    
               rinn:  -0.90000    
               qcoe:    0.0000    
               qyuk:    0.0000    
               qwid:   0.10000E-01
                rcs:    0.0000      0.0000    
            lambdas:    1.0000      1.0000    
-------------------------------------------------------------------------------
L=0  Nkbl=2  erefs: 0.17977+309 0.17977+309
L=1  Nkbl=2  erefs: 0.17977+309 0.17977+309
L=2  Nkbl=1  erefs: 0.17977+309
-------------------------------------------------------------------------------
L=2  n=3
                  U:    0.0000    
                  J:    0.0000    
               rinn:  -0.90000    
               vcte:    40.000    
             lambda:    1.0000    
              width:   0.50000E-01
                 rc:    3.0000    
            dnrm_rc:   0.90000    
===============================================================================
</basis_specs>

Using PAO.SplitTailNorm
atom: Called for FeLR0                 (Z =  26)
Maximum radius (at nrval) set to   50.00000 8518

read_vps: Pseudopotential generation method:
read_vps: ONCVPSP-3.Hamann's oncvpsp                        
Valence charge in pseudo generation:   16.00000

read_vps: Pseudopotential includes a core correction:
read_vps: Pseudo-core for xc-correction

xc_check: Exchange-correlation functional:
xc_check: GGA Perdew, Burke & Ernzerhof 1996
Got Vlocal (oncv-fit) from psml data
Choosing vlocal chloc cutoff:  5.306578
qtot up to nchloc:   15.99792198
atom: Maximum radius for chlocal:    5.30658
atom: Maximum radius for r*vlocal+2*Zval:    5.30658
Reading KB projs from FeLR0 psml data
Using scalar-relativistic projectors in PSML file

PSML: Kleinman-Bylander projectors: 
   l= 0   rc=  1.280242   Ekb= 20.331577
   l= 0   rc=  1.280242   Ekb=  2.929230
   l= 1   rc=  1.221004   Ekb=  3.208260
   l= 1   rc=  1.221004   Ekb= -0.973851
   l= 2   rc=  1.586526   Ekb=-11.015830
   l= 2   rc=  1.586526   Ekb= -4.066696

PSML: Total number of  Kleinman-Bylander projectors:  18
atom: -------------------------------------------------------------------------

atom: SANKEY-TYPE ORBITALS:
atom: Selected multiple-zeta basis: split     

SPLIT: Orbitals with angular momentum L= 0

SPLIT: Basis orbitals for state 3s

SPLIT: PAO cut-off radius determined from an
SPLIT: energy shift=  0.005000 Ry
Split based on tail norm

   izeta = 1
                 lambda =    1.000000
                     rc =    2.521545
                 energy =   -6.904633
                kinetic =    3.189354
    potential(screened) =  -10.093988
       potential(ionic) =  -37.504403

SPLIT: Basis orbitals for state 4s

SPLIT: PAO cut-off radius determined from an
SPLIT: energy shift=  0.005000 Ry
Split based on tail norm

   izeta = 1
                 lambda =    1.000000
                     rc =    7.152290
                 energy =   -0.443285
                kinetic =    1.143343
    potential(screened) =   -1.586628
       potential(ionic) =  -14.452763

   izeta = 2
                 rmatch =    5.017032
              splitnorm =    0.150000
                 energy =   -0.316599
                kinetic =    2.040831
    potential(screened) =   -2.357431
       potential(ionic) =  -17.776763

SPLIT: Orbitals with angular momentum L= 1

SPLIT: Basis orbitals for state 3p

SPLIT: PAO cut-off radius determined from an
SPLIT: energy shift=  0.005000 Ry
Split based on tail norm

   izeta = 1
                 lambda =    1.000000
                     rc =    2.810262
                 energy =   -4.407601
                kinetic =    7.809745
    potential(screened) =  -12.217345
       potential(ionic) =  -38.841676

SPLIT: Basis orbitals for state 4p
SPLIT: Non-perturbative polarization orbs for state 4s
SPLIT: rc(1st zeta) (re)set to: 7.1523 (expansion factor: 1.0000)
Split based on tail norm

   izeta = 1
                 lambda =    1.000000
                     rc =    7.152290
                 energy =   -0.046299
                kinetic =    0.971794
    potential(screened) =   -1.018093
       potential(ionic) =  -11.115295

SPLIT: Orbitals with angular momentum L= 2

SPLIT: Basis orbitals for state 3d

SPLIT: PAO cut-off radius determined from an
SPLIT: energy shift=  0.005000 Ry
Split based on tail norm

   izeta = 1
                 lambda =    1.000000
                     rc =    4.529559
                 energy =   -0.546162
                kinetic =   10.165069
    potential(screened) =  -10.711231
       potential(ionic) =  -34.125672

   izeta = 2
                 rmatch =    2.696970
              splitnorm =    0.150000
                 energy =   -0.400521
                kinetic =   12.345839
    potential(screened) =  -12.746361
       potential(ionic) =  -37.933080
atom: Total number of Sankey-type orbitals: 19

atm_pop: Valence configuration (for local Pseudopot. screening):
 3s( 2.00) 4s( 2.00)                                                  
 3p( 6.00) 4p( 0.00)                                                  
 3d( 6.00)                                                            
Vna: chval, zval:   16.00000  16.00000

Vna:  Cut-off radius for the neutral-atom potential:   7.152290
comcore: Pseudo-core radius Rcore=  1.729904

atom: _________________________________________________________________________
Maximum radius (at nrval) set to   50.00000 8518

DFTUprojs with principal quantum number n =  3
DFTUprojs with angular momentum l =  2
DFTUprojs with U        =      0.00000
DFTUprojs with J        =      0.00000
DFTUprojs with lambda   =      1.00000
DFTUprojs with rc       =      3.00000
DFTUprojs with nnodes   =     1
DFTUprojs with nprin    =     3
DFTUprojs with nrval    =  8517
DFTUprojs with nrwf     =  8517
DFTUprojs with nrmax    = 20000
DFTUprojs with zval     =     16.00000
DFTUprojs with a        =      0.00100
DFTUprojs with b        =      0.01000
dftu_proj_gen: updating the rc to     18.921549461017 Bohr

<basis_specs>
===============================================================================
FeLR1                Z=  26    Mass=  55.845        Charge= 0.17977+309
Lmxo=2 Lmxkb= 2    BasisType=split      Semic=T
L=0  Nsemic=1  Cnfigmx=4
          i=1  nzeta=1  polorb=0  (3s)  (semicore shell)
            splnorm:   0.15000    
               vcte:    40.000    
               rinn:  -0.90000    
               qcoe:    0.0000    
               qyuk:    0.0000    
               qwid:   0.10000E-01
                rcs:    0.0000    
            lambdas:    1.0000    
          i=2  nzeta=2  polorb=0  (4s)  (to be polarized non-perturbatively)
            splnorm:   0.15000    
               vcte:    40.000    
               rinn:  -0.90000    
               qcoe:    0.0000    
               qyuk:    0.0000    
               qwid:   0.10000E-01
                rcs:    0.0000      0.0000    
            lambdas:    1.0000      1.0000    
L=1  Nsemic=1  Cnfigmx=4
          i=1  nzeta=1  polorb=0  (3p)  (semicore shell)
            splnorm:   0.15000    
               vcte:    40.000    
               rinn:  -0.90000    
               qcoe:    0.0000    
               qyuk:    0.0000    
               qwid:   0.10000E-01
                rcs:    0.0000    
            lambdas:    1.0000    
          i=2  nzeta=1  polorb=0  (4p)  (non-perturbative polarization shell)
            splnorm:   0.15000    
               vcte:    40.000    
               rinn:  -0.90000    
               qcoe:    0.0000    
               qyuk:    0.0000    
               qwid:   0.10000E-01
                rcs:    0.0000    
            lambdas:    1.0000    
L=2  Nsemic=0  Cnfigmx=3
          i=1  nzeta=2  polorb=0  (3d)
            splnorm:   0.15000    
               vcte:    40.000    
               rinn:  -0.90000    
               qcoe:    0.0000    
               qyuk:    0.0000    
               qwid:   0.10000E-01
                rcs:    0.0000      0.0000    
            lambdas:    1.0000      1.0000    
-------------------------------------------------------------------------------
L=0  Nkbl=2  erefs: 0.17977+309 0.17977+309
L=1  Nkbl=2  erefs: 0.17977+309 0.17977+309
L=2  Nkbl=1  erefs: 0.17977+309
-------------------------------------------------------------------------------
L=2  n=3
                  U:    0.0000    
                  J:    0.0000    
               rinn:  -0.90000    
               vcte:    40.000    
             lambda:    1.0000    
              width:   0.50000E-01
                 rc:    3.0000    
            dnrm_rc:   0.90000    
===============================================================================
</basis_specs>

Using PAO.SplitTailNorm
atom: Called for FeLR1                 (Z =  26)
Maximum radius (at nrval) set to   50.00000 8518

read_vps: Pseudopotential generation method:
read_vps: ONCVPSP-3.Hamann's oncvpsp                        
Valence charge in pseudo generation:   16.00000

read_vps: Pseudopotential includes a core correction:
read_vps: Pseudo-core for xc-correction

xc_check: Exchange-correlation functional:
xc_check: GGA Perdew, Burke & Ernzerhof 1996
Got Vlocal (oncv-fit) from psml data
Choosing vlocal chloc cutoff:  5.306578
qtot up to nchloc:   15.99792198
atom: Maximum radius for chlocal:    5.30658
atom: Maximum radius for r*vlocal+2*Zval:    5.30658
Reading KB projs from FeLR1 psml data
Using scalar-relativistic projectors in PSML file

PSML: Kleinman-Bylander projectors: 
   l= 0   rc=  1.280242   Ekb= 20.331577
   l= 0   rc=  1.280242   Ekb=  2.929230
   l= 1   rc=  1.221004   Ekb=  3.208260
   l= 1   rc=  1.221004   Ekb= -0.973851
   l= 2   rc=  1.586526   Ekb=-11.015830
   l= 2   rc=  1.586526   Ekb= -4.066696

PSML: Total number of  Kleinman-Bylander projectors:  18
atom: -------------------------------------------------------------------------

atom: SANKEY-TYPE ORBITALS:
atom: Selected multiple-zeta basis: split     

SPLIT: Orbitals with angular momentum L= 0

SPLIT: Basis orbitals for state 3s

SPLIT: PAO cut-off radius determined from an
SPLIT: energy shift=  0.005000 Ry
Split based on tail norm

   izeta = 1
                 lambda =    1.000000
                     rc =    2.521545
                 energy =   -6.904633
                kinetic =    3.189354
    potential(screened) =  -10.093988
       potential(ionic) =  -37.504403

SPLIT: Basis orbitals for state 4s

SPLIT: PAO cut-off radius determined from an
SPLIT: energy shift=  0.005000 Ry
Split based on tail norm

   izeta = 1
                 lambda =    1.000000
                     rc =    7.152290
                 energy =   -0.443285
                kinetic =    1.143343
    potential(screened) =   -1.586628
       potential(ionic) =  -14.452763

   izeta = 2
                 rmatch =    5.017032
              splitnorm =    0.150000
                 energy =   -0.316599
                kinetic =    2.040831
    potential(screened) =   -2.357431
       potential(ionic) =  -17.776763

SPLIT: Orbitals with angular momentum L= 1

SPLIT: Basis orbitals for state 3p

SPLIT: PAO cut-off radius determined from an
SPLIT: energy shift=  0.005000 Ry
Split based on tail norm

   izeta = 1
                 lambda =    1.000000
                     rc =    2.810262
                 energy =   -4.407601
                kinetic =    7.809745
    potential(screened) =  -12.217345
       potential(ionic) =  -38.841676

SPLIT: Basis orbitals for state 4p
SPLIT: Non-perturbative polarization orbs for state 4s
SPLIT: rc(1st zeta) (re)set to: 7.1523 (expansion factor: 1.0000)
Split based on tail norm

   izeta = 1
                 lambda =    1.000000
                     rc =    7.152290
                 energy =   -0.046299
                kinetic =    0.971794
    potential(screened) =   -1.018093
       potential(ionic) =  -11.115295

SPLIT: Orbitals with angular momentum L= 2

SPLIT: Basis orbitals for state 3d

SPLIT: PAO cut-off radius determined from an
SPLIT: energy shift=  0.005000 Ry
Split based on tail norm

   izeta = 1
                 lambda =    1.000000
                     rc =    4.529559
                 energy =   -0.546162
                kinetic =   10.165069
    potential(screened) =  -10.711231
       potential(ionic) =  -34.125672

   izeta = 2
                 rmatch =    2.696970
              splitnorm =    0.150000
                 energy =   -0.400521
                kinetic =   12.345839
    potential(screened) =  -12.746361
       potential(ionic) =  -37.933080
atom: Total number of Sankey-type orbitals: 19

atm_pop: Valence configuration (for local Pseudopot. screening):
 3s( 2.00) 4s( 2.00)                                                  
 3p( 6.00) 4p( 0.00)                                                  
 3d( 6.00)                                                            
Vna: chval, zval:   16.00000  16.00000

Vna:  Cut-off radius for the neutral-atom potential:   7.152290
comcore: Pseudo-core radius Rcore=  1.729904

atom: _________________________________________________________________________
Maximum radius (at nrval) set to   50.00000 8518

DFTUprojs with principal quantum number n =  3
DFTUprojs with angular momentum l =  2
DFTUprojs with U        =      0.00000
DFTUprojs with J        =      0.00000
DFTUprojs with lambda   =      1.00000
DFTUprojs with rc       =      3.00000
DFTUprojs with nnodes   =     1
DFTUprojs with nprin    =     3
DFTUprojs with nrval    =  8517
DFTUprojs with nrwf     =  8517
DFTUprojs with nrmax    = 20000
DFTUprojs with zval     =     16.00000
DFTUprojs with a        =      0.00100
DFTUprojs with b        =      0.01000
dftu_proj_gen: updating the rc to     18.921549461017 Bohr

<basis_specs>
===============================================================================
O                    Z=   8    Mass=  15.999        Charge= 0.17977+309
Lmxo=2 Lmxkb= 2    BasisType=split      Semic=F
L=0  Nsemic=0  Cnfigmx=2
          i=1  nzeta=2  polorb=0  (2s)
            splnorm:   0.15000    
               vcte:    40.000    
               rinn:  -0.90000    
               qcoe:    0.0000    
               qyuk:    0.0000    
               qwid:   0.10000E-01
                rcs:    0.0000      0.0000    
            lambdas:    1.0000      1.0000    
L=1  Nsemic=0  Cnfigmx=2
          i=1  nzeta=2  polorb=1  (2p)  (to be polarized perturbatively)
            splnorm:   0.15000    
               vcte:    40.000    
               rinn:  -0.90000    
               qcoe:    0.0000    
               qyuk:    0.0000    
               qwid:   0.10000E-01
                rcs:    0.0000      0.0000    
            lambdas:    1.0000      1.0000    
L=2  Nsemic=0  Cnfigmx=3
          i=1  nzeta=0  polorb=0  (3d)  (perturbative polarization orbital) (from 2p)
-------------------------------------------------------------------------------
L=0  Nkbl=1  erefs: 0.17977+309
L=1  Nkbl=1  erefs: 0.17977+309
L=2  Nkbl=1  erefs: 0.17977+309
===============================================================================
</basis_specs>

Using PAO.SplitTailNorm
atom: Called for O                     (Z =   8)
Maximum radius (at nrval) set to   50.00000 8518

read_vps: Pseudopotential generation method:
read_vps: ONCVPSP-3.Hamann's oncvpsp                        
Valence charge in pseudo generation:    6.00000

read_vps: Pseudopotential includes a core correction:
read_vps: Pseudo-core for xc-correction

xc_check: Exchange-correlation functional:
xc_check: GGA Perdew, Burke & Ernzerhof 1996
Got Vlocal (oncv-fit) from psml data
Choosing vlocal chloc cutoff:  6.020499
qtot up to nchloc:    6.00001015
atom: Maximum radius for chlocal:    6.02050
atom: Maximum radius for r*vlocal+2*Zval:    6.02050
Reading KB projs from O psml data
Using scalar-relativistic projectors in PSML file

PSML: Kleinman-Bylander projectors: 
   l= 0   rc=  1.372412   Ekb= 12.113471
   l= 0   rc=  1.372412   Ekb=  1.648048
   l= 1   rc=  1.474132   Ekb= -9.434259
   l= 1   rc=  1.474132   Ekb= -2.298541
   l= 2   rc=  1.277664   Ekb= -2.663910

PSML: Total number of  Kleinman-Bylander projectors:  13
atom: -------------------------------------------------------------------------

atom: SANKEY-TYPE ORBITALS:
atom: Selected multiple-zeta basis: split     

SPLIT: Orbitals with angular momentum L= 0

SPLIT: Basis orbitals for state 2s

SPLIT: PAO cut-off radius determined from an
SPLIT: energy shift=  0.005000 Ry
Split based on tail norm

   izeta = 1
                 lambda =    1.000000
                     rc =    3.812214
                 energy =   -1.755505
                kinetic =    1.565067
    potential(screened) =   -3.320571
       potential(ionic) =  -11.197533

   izeta = 2
                 rmatch =    2.355122
              splitnorm =    0.150000
                 energy =   -1.384920
                kinetic =    2.635650
    potential(screened) =   -4.020570
       potential(ionic) =  -12.598076

SPLIT: Orbitals with angular momentum L= 1

SPLIT: Basis orbitals for state 2p

SPLIT: PAO cut-off radius determined from an
SPLIT: energy shift=  0.005000 Ry
Split based on tail norm

   izeta = 1
                 lambda =    1.000000
                     rc =    4.733759
                 energy =   -0.658128
                kinetic =    4.549080
    potential(screened) =   -5.207209
       potential(ionic) =  -12.802603

   izeta = 2
                 rmatch =    2.907800
              splitnorm =    0.150000
                 energy =   -0.492833
                kinetic =    6.227844
    potential(screened) =   -6.720677
       potential(ionic) =  -15.043583

POLgen: Perturbative polarization orbital with L=  2

POLgen: Polarization orbital for state 2p
Split based on tail norm

   izeta = 1
                     rc =    4.733759
                 energy =    2.081852
                kinetic =    3.902469
    potential(screened) =   -1.820617
       potential(ionic) =   -7.776987
atom: Total number of Sankey-type orbitals: 13

atm_pop: Valence configuration (for local Pseudopot. screening):
 2s( 2.00)                                                            
 2p( 4.00)                                                            
 3d( 0.00)                                                            
Vna: chval, zval:    6.00000   6.00000

Vna:  Cut-off radius for the neutral-atom potential:   4.733759
comcore: Pseudo-core radius Rcore=  1.354557

atom: _________________________________________________________________________

prinput: Basis input 

PAO.BasisType split     

%block ChemicalSpeciesLabel
    1   26 FeLR0                   # Species index, atomic number, species label
    2   26 FeLR1                   # Species index, atomic number, species label
    3    8 O                       # Species index, atomic number, species label
%endblock ChemicalSpeciesLabel

%block PAO.Basis                 # Define Basis set
# WARNING: This information might be incomplete!
FeLR0                 5                    # Species label, number of l-shells
 n=3   0   1                         # n, l, Nzeta 
   2.522   
   1.000   
 n=4   0   2                         # n, l, Nzeta 
   7.152      5.017   
   1.000      1.000   
 n=3   1   1                         # n, l, Nzeta 
   2.810   
   1.000   
 n=4   1   1                         # n, l, Nzeta 
   7.152   
   1.000   
 n=3   2   2                         # n, l, Nzeta 
   4.530      2.697   
   1.000      1.000   
FeLR1                 5                    # Species label, number of l-shells
 n=3   0   1                         # n, l, Nzeta 
   2.522   
   1.000   
 n=4   0   2                         # n, l, Nzeta 
   7.152      5.017   
   1.000      1.000   
 n=3   1   1                         # n, l, Nzeta 
   2.810   
   1.000   
 n=4   1   1                         # n, l, Nzeta 
   7.152   
   1.000   
 n=3   2   2                         # n, l, Nzeta 
   4.530      2.697   
   1.000      1.000   
O                     2                    # Species label, number of l-shells
 n=2   0   2                         # n, l, Nzeta 
   3.812      2.355   
   1.000      1.000   
 n=2   1   2 P   1                   # n, l, Nzeta, Polarization, NzetaPol
   4.734      2.908   
   1.000      1.000   
%endblock PAO.Basis

prinput: ----------------------------------------------------------------------

coor:   Atomic-coordinates input format  =     Fractional

siesta: Atomic coordinates (Bohr) and species
siesta:      0.00000   0.00000   0.00000  1        1
siesta:      0.00000   4.09504   4.09504  2        2
siesta:      4.09504   4.09504   4.09504  3        3
siesta:      4.09504   8.19007   8.19007  3        4

siesta: System type = bulk      

initatomlists: Number of atoms, orbitals, and projectors:      4    64    62

siesta: ******************** Simulation parameters ****************************
siesta:
siesta: The following are some of the parameters of the simulation.
siesta: A complete list of the parameters used, including default values,
siesta: can be found in file out.fdf
siesta:
redata: Spin configuration                          = collinear
redata: Number of spin components                   = 2
redata: Time-Reversal Symmetry                      = T
redata: Spin spiral                                 = F
redata: Long output                                 =   F
redata: Number of Atomic Species                    =        3
redata: Charge density info will appear in .RHO file
redata: Write Mulliken charges (when)               = geometry+end
redata: Write Mulliken Pop.                         = Atomic and Orbital charges
redata: Write Hirshfeld charges (when)              = none
redata: Write Voronoi charges (when)                = none
redata: Write spin charge (when)                    = scf
redata: Matel table size (NRTAB)                    =     1024
redata: Mesh Cutoff                                 =   200.0000 Ry
redata: Net charge of the system                    =     0.0000 |e|
redata: Min. number of SCF Iter                     =        0
redata: Max. number of SCF Iter                     =      300
redata: SCF convergence failure will abort job
redata: SCF mix quantity                            = Hamiltonian
redata: Mix DM or H after convergence               =   F
redata: Recompute H after scf cycle                 =   F
redata: Mix DM in first SCF step                    =   T
redata: Write Pulay info on disk                    =   F
redata: New DM Occupancy tolerance                  = 0.000000000001
redata: No kicks to SCF
redata: DM Mixing Weight for Kicks                  =     0.5000
redata: Require Harris convergence for SCF          =   F
redata: Harris energy tolerance for SCF             =     0.000100 eV
redata: Require DM convergence for SCF              =   T
redata: DM tolerance for SCF                        =     0.000010
redata: Require EDM convergence for SCF             =   F
redata: EDM tolerance for SCF                       =     0.001000 eV
redata: Require H convergence for SCF               =   T
redata: Hamiltonian tolerance for SCF               =     0.000100 eV
redata: Require (free) Energy convergence for SCF   =   F
redata: (free) Energy tolerance for SCF             =     0.000100 eV
redata: Antiferro initial spin density              =   F
redata: Using DFT-D3 dispersion                     =   F
redata: Using Saved Data (generic)                  =   F
redata: Use continuation files for DM               =   F
redata: Neglect nonoverlap interactions             =   F
redata: Method of Calculation                       = Diagonalization
redata: Electronic Temperature                      =   300.0000 K
redata: Fix the spin of the system                  =   F
redata: Max. number of TDED Iter                    =        1
redata: Number of TDED substeps                     =        3
redata: Dynamics option                             = Single-point calculation
mix.SCF: Pulay mixing                            = Pulay
mix.SCF:    Variant                              = stable
mix.SCF:    History steps                        = 8
mix.SCF:    Linear mixing weight                 =     0.010000
mix.SCF:    Mixing weight                        =     0.010000
mix.SCF:    SVD condition                        = 0.1000E-07
mix.SCF: Spin-component mixing                   all
redata: ***********************************************************************

%block SCF.Mixers
  Pulay
%endblock SCF.Mixers

%block SCF.Mixer.Pulay
  # Mixing method
  method pulay
  variant stable

  # Mixing options
  weight 0.0100
  weight.linear 0.0100
  history 8
%endblock SCF.Mixer.Pulay

DM_history_depth set to one: no extrapolation allowed by default for geometry relaxation
Size of DM history Fstack: 1
Total number of electrons:    44.000000
Total ionic charge:    44.000000

* ProcessorY, Blocksize:    2  17


* Orbital distribution balance (max,min):    17    13

k-point displ. along   1 input, could be:     0.00    0.50
k-point displ. along   2 input, could be:     0.00    0.50
k-point displ. along   3 input, could be:     0.00    0.50
 Kpoints in:           24 . Kpoints trimmed:           23

siesta: k-grid: Number of k-points = 23
siesta: k-points from Monkhorst-Pack grid
siesta: k-cutoff (effective) =     6.129 Ang
siesta: k-point supercell and displacements
siesta: k-grid:     2     0     0      0.000
siesta: k-grid:     0     4     0      0.000
siesta: k-grid:     0     0     4      0.000

diag: Algorithm                                     = D&C
diag: Parallel over k                               =   F
diag: Use parallel 2D distribution                  =   T
diag: Parallel block-size                           = 17
diag: Parallel distribution                         =     2 x     2
diag: Used triangular part                          = Lower
diag: Absolute tolerance                            =  0.100E-15
diag: Orthogonalization factor                      =  0.100E-05
diag: Memory factor                                 =  1.0000

superc: Internal auxiliary supercell:     5 x     9 x     9  =     405
superc: Number of atoms, orbitals, and projectors:   1620  25920  25110


ts: **************************************************************
ts: Save H and S matrices                           =    F
ts: Save TSHS files in MD/FC simulation             =    F
ts: Save DM and EDM matrices                        =    F
ts: Only save the overlap matrix S                  =    F
ts: **************************************************************

************************ Begin: TS CHECKS AND WARNINGS ************************
************************ End: TS CHECKS AND WARNINGS **************************


                     ====================================
                        Single-point calculation
                     ====================================

superc: Internal auxiliary supercell:     5 x     9 x     9  =     405
superc: Number of atoms, orbitals, and projectors:   1620  25920  25110

outcell: Unit cell vectors (Ang):
        0.000000    4.334000    4.334000
        2.167000    0.000000    2.167000
        2.167000    2.167000    0.000000

outcell: Cell vector modules (Ang)   :    6.129202    3.064601    3.064601
outcell: Cell angles (23,13,12) (deg):     60.0000     60.0000     60.0000
outcell: Cell volume (Ang**3)        :     40.7040
<dSpData1D:S at geom step 0
  <sparsity:sparsity for geom step 0
    nrows_g=64 nrows=17 sparsity=10.6858 nnzs=43769, refcount: 8>
  <dData1D:(new from dSpData1D) n=43769, refcount: 1>
refcount: 1>
new_DM -- step:     1
Initializing Density Matrix...
DM filled with atomic data (user-defined):
<dSpData2D:DM initialized from atoms
  <sparsity:sparsity for geom step 0
    nrows_g=64 nrows=17 sparsity=10.6858 nnzs=43769, refcount: 9>
  <dData2D:DM n=43769 m=2, refcount: 1>
refcount: 1>
No. of atoms with KB's overlaping orbs in proc 0. Max # of overlaps:      33     249

InitMesh: MESH = 48 x 24 x 24 = 27648
InitMesh: Mesh cutoff (required, used) =   200.000   254.254 Ry
New grid distribution [1]: sub = 2
New grid distribution [2]: sub = 2
New grid distribution [3]: sub = 2
Setting up quadratic distribution...
hubbard_term: recalculating local occupations    1
hubbard_term: maximum change in local occup.    1.002288
hubbard_term: recalculating Hamiltonian

stepf: Fermi-Dirac step function
hubbard_term: recalculating local occupations    1
hubbard_term: maximum change in local occup.    0.108006
hubbard_term: recalculating Hamiltonian

siesta: Program's energy decomposition (eV):
siesta: Ebs     =     -1422.746945
siesta: Eions   =     11156.622738
siesta: Ena     =      1375.787483
siesta: Ekin    =      3710.765858
siesta: Enl     =      -528.605418
siesta: Eso     =         0.000000
siesta: Edftu   =         0.000000
siesta: DEna    =        68.920283
siesta: DUscf   =        12.992037
siesta: DUext   =         0.000000
siesta: Ex      =     -1128.718161
siesta: Ec      =       -65.000792
siesta: Exc     =     -1193.718953
siesta: EbV     =         0.000000
siesta: eta*DQ  =         0.000000
siesta: Emadel  =         0.000000
siesta: Emeta   =         0.000000
siesta: Emolmec =         0.000000
siesta: Ekinion =         0.000000
siesta: Eharris =     -7690.015293
siesta: Etot    =     -7710.481447
siesta: FreeEng =     -7710.494530

        iscf     Eharris(eV)        E_KS(eV)     FreeEng(eV)     dDmax    Ef(eV) dHmax(eV)
   scf:    1    -7690.015293    -7710.481447    -7710.494530  0.576732 -1.860639  9.787423
     spin moment: {S} , |S| = {        0.0        0.0   -0.00000 }    -0.00000
timer: Routine,Calls,Time,% = IterSCF        1      13.137  82.02
hubbard_term: recalculating local occupations    2
hubbard_term: maximum change in local occup.    0.001779
hubbard_term: recalculating Hamiltonian
   scf:    2    -7711.639644    -7711.064285    -7711.077727  0.009791 -1.917065  9.445229
     spin moment: {S} , |S| = {        0.0        0.0   -0.00000 }    -0.00000
   scf:    3    -7719.202652    -7718.911057    -7718.934077  0.195771 -3.465267  1.288535
     spin moment: {S} , |S| = {        0.0        0.0    0.00000 }     0.00000
hubbard_term: recalculating local occupations    3
hubbard_term: maximum change in local occup.    0.097209
hubbard_term: recalculating Hamiltonian
   scf:    4    -7718.936217    -7718.923789    -7718.946908  0.001002 -3.457378  1.223934
     spin moment: {S} , |S| = {        0.0        0.0    0.00000 }     0.00000
hubbard_term: recalculating local occupations    4
hubbard_term: maximum change in local occup.    0.002131
hubbard_term: recalculating Hamiltonian
   scf:    5    -7718.852939    -7718.889407    -7718.912291  0.002907 -3.481084  1.388739
     spin moment: {S} , |S| = {        0.0        0.0    0.00000 }     0.00000
   scf:    6    -7719.075706    -7719.038739    -7719.062959  0.078536 -3.603930  0.394918
     spin moment: {S} , |S| = {        0.0        0.0   -0.00000 }    -0.00000
hubbard_term: recalculating local occupations    5
hubbard_term: maximum change in local occup.    0.035854
hubbard_term: recalculating Hamiltonian
   scf:    7    -7719.032768    -7719.036478    -7719.060670  0.003312 -3.615933  0.515288
     spin moment: {S} , |S| = {        0.0        0.0   -0.00000 }    -0.00000
   scf:    8    -7719.055806    -7719.049011    -7719.072580  0.015833 -3.502915  0.044917
     spin moment: {S} , |S| = {        0.0        0.0    0.00000 }     0.00000
hubbard_term: recalculating local occupations    6
hubbard_term: maximum change in local occup.    0.008900
hubbard_term: recalculating Hamiltonian
   scf:    9    -7719.049265    -7719.049148    -7719.072672  0.001090 -3.495710  0.071844
     spin moment: {S} , |S| = {        0.0        0.0    0.00000 }     0.00000
mix: Pulay -- inversion failed, > SVD [rank/size] 4 / 7
hubbard_term: recalculating local occupations    7
hubbard_term: maximum change in local occup.    0.003183
hubbard_term: recalculating Hamiltonian
   scf:   10    -7719.025632    -7719.040096    -7719.063814  0.004401 -3.466691  0.302574
     spin moment: {S} , |S| = {        0.0        0.0    0.00000 }     0.00000
hubbard_term: recalculating local occupations    8
hubbard_term: maximum change in local occup.    0.006056
hubbard_term: recalculating Hamiltonian
   scf:   11    -7719.051648    -7719.051074    -7719.073818  0.008151 -3.521362  0.087499
     spin moment: {S} , |S| = {        0.0        0.0   -0.00000 }    -0.00000
hubbard_term: recalculating local occupations    9
hubbard_term: maximum change in local occup.    0.000931
   scf:   12    -7719.051940    -7719.051506    -7719.074132  0.001334 -3.519392  0.081813
     spin moment: {S} , |S| = {        0.0        0.0   -0.00000 }    -0.00000
hubbard_term: recalculating local occupations   10
hubbard_term: maximum change in local occup.    0.002169
hubbard_term: recalculating Hamiltonian
   scf:   13    -7719.050521    -7719.051547    -7719.074061  0.004165 -3.489662  0.104787
     spin moment: {S} , |S| = {        0.0        0.0    0.00002 }     0.00002
hubbard_term: recalculating local occupations   11
hubbard_term: maximum change in local occup.    0.004369
hubbard_term: recalculating Hamiltonian
   scf:   14    -7719.055584    -7719.053597    -7719.075447  0.005996 -3.511736  0.024479
     spin moment: {S} , |S| = {        0.0        0.0    0.00001 }     0.00001
hubbard_term: recalculating local occupations   12
hubbard_term: maximum change in local occup.    0.005778
hubbard_term: recalculating Hamiltonian
   scf:   15    -7719.049517    -7719.051416    -7719.074120  0.008152 -3.509916  0.040179
     spin moment: {S} , |S| = {        0.0        0.0   -0.00000 }    -0.00000
   scf:   16    -7719.066214    -7719.057513    -7719.077049  0.025702 -3.515901  0.025564
     spin moment: {S} , |S| = {        0.0        0.0   -0.00012 }    -0.00012
hubbard_term: recalculating local occupations   13
hubbard_term: maximum change in local occup.    0.021471
hubbard_term: recalculating Hamiltonian
   scf:   17    -7719.059683    -7719.058550    -7719.077376  0.004501 -3.519318  0.019399
     spin moment: {S} , |S| = {        0.0        0.0   -0.00004 }    -0.00004
hubbard_term: recalculating local occupations   14
hubbard_term: maximum change in local occup.    0.004900
hubbard_term: recalculating Hamiltonian
   scf:   18    -7719.061639    -7719.059960    -7719.077637  0.006953 -3.521500  0.005053
     spin moment: {S} , |S| = {        0.0        0.0    0.00005 }     0.00005
hubbard_term: recalculating local occupations   15
hubbard_term: maximum change in local occup.    0.001306
hubbard_term: recalculating Hamiltonian
   scf:   19    -7719.059330    -7719.059636    -7719.077615  0.001838 -3.519250  0.005053
     spin moment: {S} , |S| = {        0.0        0.0    0.00004 }     0.00004
hubbard_term: recalculating local occupations   16
hubbard_term: maximum change in local occup.    0.004330
hubbard_term: recalculating Hamiltonian
   scf:   20    -7719.057245    -7719.058344    -7719.077332  0.006100 -3.516440  0.017671
     spin moment: {S} , |S| = {        0.0        0.0    0.00003 }     0.00003
hubbard_term: recalculating local occupations   17
hubbard_term: maximum change in local occup.    0.002597
hubbard_term: recalculating Hamiltonian
   scf:   21    -7719.059980    -7719.059130    -7719.077520  0.003631 -3.518390  0.012007
     spin moment: {S} , |S| = {        0.0        0.0    0.00004 }     0.00004
hubbard_term: recalculating local occupations   18
hubbard_term: maximum change in local occup.    0.000564
   scf:   22    -7719.058840    -7719.058985    -7719.077504  0.000781 -3.518195  0.010569
     spin moment: {S} , |S| = {        0.0        0.0   -0.00001 }    -0.00001
hubbard_term: recalculating local occupations   19
hubbard_term: maximum change in local occup.    0.002598
hubbard_term: recalculating Hamiltonian
   scf:   23    -7719.060822    -7719.059852    -7719.077633  0.004458 -3.520800  0.004067
     spin moment: {S} , |S| = {        0.0        0.0    0.00006 }     0.00006
hubbard_term: recalculating local occupations   20
hubbard_term: maximum change in local occup.    0.000276
   scf:   24    -7719.059967    -7719.059909    -7719.077639  0.000386 -3.520867  0.002233
     spin moment: {S} , |S| = {        0.0        0.0    0.00008 }     0.00008
hubbard_term: recalculating local occupations   21
hubbard_term: maximum change in local occup.    0.000384
   scf:   25    -7719.059944    -7719.059926    -7719.077640  0.000158 -3.520651  0.001051
     spin moment: {S} , |S| = {        0.0        0.0    0.00006 }     0.00006
hubbard_term: recalculating local occupations   22
hubbard_term: maximum change in local occup.    0.000774
   scf:   26    -7719.060150    -7719.060037    -7719.077642  0.000669 -3.520951  0.000726
     spin moment: {S} , |S| = {        0.0        0.0    0.00002 }     0.00002
hubbard_term: recalculating local occupations   23
hubbard_term: maximum change in local occup.    0.000722
   scf:   27    -7719.060005    -7719.060021    -7719.077642  0.000097 -3.520878  0.000471
     spin moment: {S} , |S| = {        0.0        0.0    0.00000 }     0.00000
hubbard_term: recalculating local occupations   24
hubbard_term: maximum change in local occup.    0.000769
   scf:   28    -7719.060046    -7719.060034    -7719.077642  0.000076 -3.520900  0.000632
     spin moment: {S} , |S| = {        0.0        0.0   -0.00000 }    -0.00000
hubbard_term: recalculating local occupations   25
hubbard_term: maximum change in local occup.    0.000736
   scf:   29    -7719.060010    -7719.060022    -7719.077642  0.000078 -3.520820  0.000520
     spin moment: {S} , |S| = {        0.0        0.0   -0.00000 }    -0.00000
hubbard_term: recalculating local occupations   26
hubbard_term: maximum change in local occup.    0.000868
   scf:   30    -7719.060090    -7719.060056    -7719.077642  0.000200 -3.520963  0.000524
     spin moment: {S} , |S| = {        0.0        0.0   -0.00001 }    -0.00001
hubbard_term: recalculating local occupations   27
hubbard_term: maximum change in local occup.    0.000894
   scf:   31    -7719.060069    -7719.060062    -7719.077642  0.000039 -3.520982  0.000432
     spin moment: {S} , |S| = {        0.0        0.0   -0.00000 }    -0.00000
hubbard_term: recalculating local occupations   28
hubbard_term: maximum change in local occup.    0.000919
   scf:   32    -7719.060075    -7719.060069    -7719.077642  0.000039 -3.520985  0.000429
     spin moment: {S} , |S| = {        0.0        0.0    0.00000 }     0.00000
hubbard_term: recalculating local occupations   29
hubbard_term: maximum change in local occup.    0.000928
   scf:   33    -7719.060071    -7719.060070    -7719.077642  0.000094 -3.520995  0.000533
     spin moment: {S} , |S| = {        0.0        0.0   -0.00000 }    -0.00000
hubbard_term: recalculating local occupations   30
hubbard_term: maximum change in local occup.    0.000923
   scf:   34    -7719.060067    -7719.060068    -7719.077642  0.000010 -3.520993  0.000524
     spin moment: {S} , |S| = {        0.0        0.0   -0.00000 }    -0.00000
hubbard_term: recalculating local occupations   31
hubbard_term: maximum change in local occup.    0.000866
   scf:   35    -7719.060029    -7719.060049    -7719.077642  0.000126 -3.520941  0.000528
     spin moment: {S} , |S| = {        0.0        0.0    0.00000 }     0.00000
hubbard_term: recalculating local occupations   32
hubbard_term: maximum change in local occup.    0.000884
   scf:   36    -7719.060047    -7719.060048    -7719.077642  0.000041 -3.520949  0.000505
     spin moment: {S} , |S| = {        0.0        0.0    0.00001 }     0.00001
hubbard_term: recalculating local occupations   33
hubbard_term: maximum change in local occup.    0.000899
   scf:   37    -7719.060043    -7719.060046    -7719.077642  0.000045 -3.520976  0.000412
     spin moment: {S} , |S| = {        0.0        0.0    0.00001 }     0.00001
hubbard_term: recalculating local occupations   34
hubbard_term: maximum change in local occup.    0.000884
   scf:   38    -7719.060023    -7719.060034    -7719.077642  0.000077 -3.520947  0.000272
     spin moment: {S} , |S| = {        0.0        0.0    0.00001 }     0.00001
hubbard_term: recalculating local occupations   35
hubbard_term: maximum change in local occup.    0.000886
   scf:   39    -7719.060031    -7719.060032    -7719.077642  0.000017 -3.520897  0.000289
     spin moment: {S} , |S| = {        0.0        0.0    0.00000 }     0.00000
hubbard_term: recalculating local occupations   36
hubbard_term: maximum change in local occup.    0.000932
   scf:   40    -7719.060046    -7719.060039    -7719.077642  0.000064 -3.520922  0.000186
     spin moment: {S} , |S| = {        0.0        0.0    0.00000 }     0.00000
hubbard_term: recalculating local occupations   37
hubbard_term: maximum change in local occup.    0.000932
   scf:   41    -7719.060039    -7719.060039    -7719.077642  0.000002 -3.520921  0.000184
     spin moment: {S} , |S| = {        0.0        0.0    0.00000 }     0.00000
hubbard_term: recalculating local occupations   38
hubbard_term: maximum change in local occup.    0.000958
   scf:   42    -7719.060031    -7719.060035    -7719.077642  0.000056 -3.520922  0.000148
     spin moment: {S} , |S| = {        0.0        0.0   -0.00000 }    -0.00000
hubbard_term: recalculating local occupations   39
hubbard_term: maximum change in local occup.    0.000975
   scf:   43    -7719.060033    -7719.060034    -7719.077642  0.000028 -3.520921  0.000128
     spin moment: {S} , |S| = {        0.0        0.0   -0.00000 }    -0.00000
hubbard_term: recalculating local occupations   40
hubbard_term: maximum change in local occup.    0.001001
hubbard_term: recalculating Hamiltonian
   scf:   44    -7719.060029    -7719.060032    -7719.077642  0.000047 -3.520909  0.000127
     spin moment: {S} , |S| = {        0.0        0.0    0.00000 }     0.00000
hubbard_term: recalculating local occupations   41
hubbard_term: maximum change in local occup.    0.000015
   scf:   45    -7719.060034    -7719.060033    -7719.077642  0.000021 -3.520912  0.000118
     spin moment: {S} , |S| = {        0.0        0.0    0.00000 }     0.00000
hubbard_term: recalculating local occupations   42
hubbard_term: maximum change in local occup.    0.000025
   scf:   46    -7719.060035    -7719.060034    -7719.077642  0.000014 -3.520915  0.000115
     spin moment: {S} , |S| = {        0.0        0.0    0.00000 }     0.00000
hubbard_term: recalculating local occupations   43
hubbard_term: maximum change in local occup.    0.000101
   scf:   47    -7719.060050    -7719.060042    -7719.077642  0.000105 -3.520942  0.000099
     spin moment: {S} , |S| = {        0.0        0.0    0.00000 }     0.00000
hubbard_term: recalculating local occupations   44
hubbard_term: maximum change in local occup.    0.000105
   scf:   48    -7719.060043    -7719.060042    -7719.077642  0.000005 -3.520940  0.000098
     spin moment: {S} , |S| = {        0.0        0.0    0.00000 }     0.00000

SCF Convergence by DM+H criterion
max |DM_out - DM_in|         :     0.0000051437
max |H_out - H_in|      (eV) :     0.0000977481
DFT+U population converged by dTol_pop criteria:
max |pop(DFT+U)_i - pop(DFT+U)_j|:     0.0001049245
SCF cycle converged after 48 iterations

Using DM_out to compute the final energy and forces
No. of atoms with KB's overlaping orbs in proc 0. Max # of overlaps:      33     249
hubbard_term: recalculating local occupations   45
hubbard_term: maximum change in local occup.    0.000105
hubbard_term: recalculating Hamiltonian and forces

siesta: E_KS(eV) =            -7719.0600

siesta: E_KS - E_eggbox =     -7719.0600

siesta: Atomic forces (eV/Ang):
----------------------------------------
   Tot    0.000000    0.000000   -0.000000
----------------------------------------
   Max    0.000002
   Res    0.000001    sqrt( Sum f_i^2 / 3N )
----------------------------------------
   Max    0.000002    constrained

Stress tensor Voigt[x,y,z,yz,xz,xy] (kbar):       33.82       33.52       33.52      -32.94       30.92       30.92
(Free)E + p*V (eV/cell)    -7719.9318
Target enthalpy (eV/cell)    -7719.0776

mulliken: Atomic and Orbital Populations:

mulliken: Spin UP 

Species: FeLR0               
Atom  Qatom  Qorb
               3s      4s      4s      3py     3pz     3px     4py     4pz     
               4px     3dxy    3dyz    3dz2    3dxz    3dx2-y2 3dxy    3dyz    
               3dz2    3dxz    3dx2-y2 
   1  9.405   0.995   0.348  -0.133   1.000   1.000   1.000   0.092   0.092
              0.092   0.977   0.977   0.944   0.977   0.943   0.007   0.007

              0.041   0.007   0.041

Species: FeLR1               
Atom  Qatom  Qorb
               3s      4s      4s      3py     3pz     3px     4py     4pz     
               4px     3dxy    3dyz    3dz2    3dxz    3dx2-y2 3dxy    3dyz    
               3dz2    3dxz    3dx2-y2 
   2  5.760   1.006   0.292  -0.113   1.001   1.001   1.001   0.073   0.073
              0.073   0.412   0.415   0.170   0.412   0.170  -0.068  -0.068

             -0.011  -0.068  -0.011

Species: O                   
Atom  Qatom  Qorb
               2s      2s      2py     2pz     2px     2py     2pz     2px     
               3Pdxy   3Pdyz   3Pdz2   3Pdxz   3Pdx2-y2
   3  3.418   0.913  -0.015   0.996   0.996   0.995  -0.163  -0.163  -0.163
              0.005   0.005   0.004   0.005   0.004
   4  3.418   0.913  -0.015   0.996   0.996   0.995  -0.163  -0.163  -0.163
              0.005   0.005   0.004   0.005   0.004

mulliken: Qtot =       22.000

mulliken: Spin DOWN 

Species: FeLR0               
Atom  Qatom  Qorb
               3s      4s      4s      3py     3pz     3px     4py     4pz     
               4px     3dxy    3dyz    3dz2    3dxz    3dx2-y2 3dxy    3dyz    
               3dz2    3dxz    3dx2-y2 
   1  5.760   1.006   0.292  -0.113   1.001   1.001   1.001   0.073   0.073
              0.073   0.412   0.415   0.170   0.412   0.170  -0.068  -0.068

             -0.011  -0.068  -0.011

Species: FeLR1               
Atom  Qatom  Qorb
               3s      4s      4s      3py     3pz     3px     4py     4pz     
               4px     3dxy    3dyz    3dz2    3dxz    3dx2-y2 3dxy    3dyz    
               3dz2    3dxz    3dx2-y2 
   2  9.405   0.995   0.348  -0.133   1.000   1.000   1.000   0.092   0.092
              0.092   0.977   0.977   0.944   0.977   0.943   0.007   0.007

              0.041   0.007   0.041

Species: O                   
Atom  Qatom  Qorb
               2s      2s      2py     2pz     2px     2py     2pz     2px     
               3Pdxy   3Pdyz   3Pdz2   3Pdxz   3Pdx2-y2
   3  3.418   0.913  -0.015   0.996   0.996   0.995  -0.163  -0.163  -0.163
              0.005   0.005   0.004   0.005   0.004
   4  3.418   0.913  -0.015   0.996   0.996   0.995  -0.163  -0.163  -0.163
              0.005   0.005   0.004   0.005   0.004

mulliken: Qtot =       22.000

Mulliken Atomic Populations:
Atom #   charge [q] valence [e]      Sz [e]  Species
     1     0.835499   15.164501    3.645039  FeLR0
     2     0.835499   15.164501   -3.645039  FeLR1
     3    -0.835499    6.835499    0.000000  O
     4    -0.835499    6.835499    0.000000  O
-------------------------------------------
 Total     0.000000                0.000001

siesta: Program's energy decomposition (eV):
siesta: Ebs     =     -1335.618707
siesta: Eions   =     11156.622738
siesta: Ena     =      1375.787483
siesta: Ekin    =      3767.149561
siesta: Enl     =      -536.514076
siesta: Eso     =         0.000000
siesta: Edftu   =         0.000000
siesta: DEna    =        27.618530
siesta: DUscf   =         1.260630
siesta: DUext   =         0.000000
siesta: Ex      =     -1132.260604
siesta: Ec      =       -65.478830
siesta: Exc     =     -1197.739434
siesta: EbV     =         0.000000
siesta: eta*DQ  =         0.000000
siesta: Emadel  =         0.000000
siesta: Emeta   =         0.000000
siesta: Emolmec =         0.000000
siesta: Ekinion =         0.000000
siesta: Eharris =     -7719.060043
siesta: Etot    =     -7719.060042
siesta: FreeEng =     -7719.077642

siesta: Final energy (eV):
siesta:  Band Struct. =   -1335.618707
siesta:       Kinetic =    3767.149561
siesta:       Hartree =    2066.091097
siesta:         Edftu =       0.000000
siesta:       Eso     =       0.000000
siesta:    Ext. field =       0.000000
siesta:         Exch. =   -1132.260604
siesta:         Corr. =     -65.478830
siesta:     Bulk bias =       0.000000
siesta:   Exch.-corr. =   -1197.739434
siesta:  Ion-electron =   -8006.026748
siesta:       Ion-ion =   -4348.534519
siesta:       Ekinion =       0.000000
siesta: D3 dispersion =       0.000000
siesta:         Total =   -7719.060042
siesta:         Fermi =      -3.520940

siesta: Stress tensor (static) (eV/Ang**3):
siesta:     0.021111    0.019297    0.019297
siesta:     0.019299    0.020920   -0.020559
siesta:     0.019299   -0.020559    0.020920

siesta: Cell volume =         40.703966 Ang**3

siesta: Pressure (static):
siesta:                Solid            Molecule  Units
siesta:          -0.00022854         -0.00022854  Ry/Bohr**3
siesta:          -0.02098342         -0.02098349  eV/Ang**3
siesta:         -33.61914577        -33.61925629  kBar

Basis Enthalpy Calculation:
    Basis Pressure for species 1(FeLR0) :      0.2000000 GPa
    Basis Pressure for species 2(FeLR1) :      0.2000000 GPa
    Basis Pressure for species 3(O) :      0.2000000 GPa

    Orbital volume contribution        =           2.036304 eV
    (Free)E + p_basis*V_orbitals       =       -7717.041338 eV
    (Free)Eharris+ p_basis*V_orbitals  =       -7717.041339 eV
WARNING: BASIS_ENTHALPY and BASIS_HARRIS_ENTHALPY files are deprecated. They will be removed in future releases.
Please use system_label.BASIS_ENTHALPY in your scripts instead.

mulliken: Atomic and Orbital Populations:

mulliken: Spin UP 

Species: FeLR0               
Atom  Qatom  Qorb
               3s      4s      4s      3py     3pz     3px     4py     4pz     
               4px     3dxy    3dyz    3dz2    3dxz    3dx2-y2 3dxy    3dyz    
               3dz2    3dxz    3dx2-y2 
   1  9.405   0.995   0.348  -0.133   1.000   1.000   1.000   0.092   0.092
              0.092   0.977   0.977   0.944   0.977   0.943   0.007   0.007

              0.041   0.007   0.041

Species: FeLR1               
Atom  Qatom  Qorb
               3s      4s      4s      3py     3pz     3px     4py     4pz     
               4px     3dxy    3dyz    3dz2    3dxz    3dx2-y2 3dxy    3dyz    
               3dz2    3dxz    3dx2-y2 
   2  5.760   1.006   0.292  -0.113   1.001   1.001   1.001   0.073   0.073
              0.073   0.412   0.415   0.170   0.412   0.170  -0.068  -0.068

             -0.011  -0.068  -0.011

Species: O                   
Atom  Qatom  Qorb
               2s      2s      2py     2pz     2px     2py     2pz     2px     
               3Pdxy   3Pdyz   3Pdz2   3Pdxz   3Pdx2-y2
   3  3.418   0.913  -0.015   0.996   0.996   0.995  -0.163  -0.163  -0.163
              0.005   0.005   0.004   0.005   0.004
   4  3.418   0.913  -0.015   0.996   0.996   0.995  -0.163  -0.163  -0.163
              0.005   0.005   0.004   0.005   0.004

mulliken: Qtot =       22.000

mulliken: Spin DOWN 

Species: FeLR0               
Atom  Qatom  Qorb
               3s      4s      4s      3py     3pz     3px     4py     4pz     
               4px     3dxy    3dyz    3dz2    3dxz    3dx2-y2 3dxy    3dyz    
               3dz2    3dxz    3dx2-y2 
   1  5.760   1.006   0.292  -0.113   1.001   1.001   1.001   0.073   0.073
              0.073   0.412   0.415   0.170   0.412   0.170  -0.068  -0.068

             -0.011  -0.068  -0.011

Species: FeLR1               
Atom  Qatom  Qorb
               3s      4s      4s      3py     3pz     3px     4py     4pz     
               4px     3dxy    3dyz    3dz2    3dxz    3dx2-y2 3dxy    3dyz    
               3dz2    3dxz    3dx2-y2 
   2  9.405   0.995   0.348  -0.133   1.000   1.000   1.000   0.092   0.092
              0.092   0.977   0.977   0.944   0.977   0.943   0.007   0.007

              0.041   0.007   0.041

Species: O                   
Atom  Qatom  Qorb
               2s      2s      2py     2pz     2px     2py     2pz     2px     
               3Pdxy   3Pdyz   3Pdz2   3Pdxz   3Pdx2-y2
   3  3.418   0.913  -0.015   0.996   0.996   0.995  -0.163  -0.163  -0.163
              0.005   0.005   0.004   0.005   0.004
   4  3.418   0.913  -0.015   0.996   0.996   0.995  -0.163  -0.163  -0.163
              0.005   0.005   0.004   0.005   0.004

mulliken: Qtot =       22.000

Mulliken Atomic Populations:
Atom #   charge [q] valence [e]      Sz [e]  Species
     1     0.835499   15.164501    3.645039  FeLR0
     2     0.835499   15.164501   -3.645039  FeLR1
     3    -0.835499    6.835499    0.000000  O
     4    -0.835499    6.835499    0.000000  O
-------------------------------------------
 Total     0.000000                0.000001

cite: Please indicate the Siesta version in published work: 5.4.2
cite: This calculation has made use of features in the following articles
cite: which we encourage you to cite in published work.
cite: (Please see "FEO_PBE_REFERENCE.bib" for a BibTeX file.)
        Primary SIESTA paper
          DOI: www.doi.org/10.1088/0953-8984/14/11/302
        LDA+U implementation
          DOI: www.doi.org/10.1103/PhysRevB.57.1505
        PSML pseudopotential format
          DOI: www.doi.org/10.1016/j.cpc.2018.02.011


>> End of run:   1-OCT-2026   2:20:53
Job completed
