Executable      : /home/jmc/.local/siesta-5.4.2-serial/bin/siesta
Version         : 5.4.2
Architecture    : x86_64
Compiler version: GNU-13.3.0
Compiler flags  : -fallow-argument-mismatch -O3 -march=native
Parallelisations: none
DFT-D3 support

Runtime information:
* Directory : /tmp/siesta_run_MnO_smoke_-0.10
* Running in serial mode.
>> Start of run:   4-AUG-2026  20:53:39

                           *********************** 
                           *  WELCOME TO SIESTA  * 
                           *********************** 

 NOTE: Siesta V5 introduces some new defaults for basis-set generation
 NOTE: which might lead to slightly different numerical results.
 NOTE: Please see the manual for full details and compatibility measures.


reinit: Reading from standard input
reinit: Dumping input in INPUT_TMP.04846
************************** Dump of input data file ****************************
SystemName          Manganese Oxide (Rock-salt) Smoke Test
SystemLabel         MnO_smoke
NumberOfAtoms       2
NumberOfSpecies     2
%block ChemicalSpeciesLabel
 1  25  Mn
 2   8  O
%endblock ChemicalSpeciesLabel
# Primitive cell of FCC Rock-salt (a = 4.445 Angstroms)
LatticeConstant     4.445 Ang
%block LatticeVectors
  0.0  0.5  0.5
  0.5  0.0  0.5
  0.5  0.5  0.0
%endblock LatticeVectors
# Atom coordinates (fractional)
AtomicCoordinatesFormat  Fractional
%block AtomicCoordinatesAndAtomicSpecies
 0.0  0.0  0.0   1   # Mn at origin
 0.5  0.5  0.5   2   # O at half diagonal
%endblock AtomicCoordinatesAndAtomicSpecies
# Hyper-lightweight parameters for smoke test
PAO.BasisSize       SZ         # Minimal basis (Single-Zeta) -> terrible physics, ultra fast
MeshCutoff          150 Ry     # Low cutoff -> fast
%block kgrid_Monkhorst_Pack
 1 0 0 0.0
 0 1 0 0.0
 0 0 1 0.0
%endblock kgrid_Monkhorst_Pack
# SCF settings
MaxSCFIterations    50
DM.MixingWeight     0.1
DM.NumberPulay      3
# Spin polarization (Antiferromagnetic-like guess for testing)
Spin                polarized
%block DM.InitSpin
 1 +5.0
 2  0.0
%endblock DM.InitSpin
# -------- HUBBARD U SETTINGS --------
# We define a U to force SIESTA to print the 'hubbard_term' blocks
DFTU.ProjectorGenerationMethod  1  # Use PAO orbitals
%block DFTU.Projector
  Mn  1
  n=3  l=2
%endblock DFTU.Projector
%block DFTU.Hubbard
  Mn   1   3.9000   0.00
%endblock DFTU.Hubbard
# We output the XV and forces just to have them
WriteCoorXmol       true
WriteForces         true
************************** End of input data file *****************************

reinit: -----------------------------------------------------------------------
reinit: System Name: Manganese Oxide (Rock-salt) Smoke Test
reinit: -----------------------------------------------------------------------
reinit: System Label: MnO_smoke
reinit: -----------------------------------------------------------------------

NOTE on units for spin output: 
{S} is the spin magnetic moment, in units of the Bohr magneton,
assuming a g-factor for the electron spin of exactly 2.
The spin magnetic moment is then numerically equal to the charge inbalance,
in units of electrons, between the spin-up and -down channels.


initatom: Reading input for the pseudopotentials and atomic orbitals ----------
Species number:   1 Atomic number:   25 Label: Mn
Species number:   2 Atomic number:    8 Label: O

Ground state valence configuration (from tables):   4s02  4p00  3d05  4f00
Ground state valence configuration (from tables):   2s02  2p04  3d00  4f00

---- Processing specs for species: Mn
Reading pseudopotential information in PSML from:
  Mn.psml
