Executable      : /home/jmc/.local/siesta-5.4.2-serial/bin/siesta
Version         : 5.4.2
Architecture    : x86_64
Compiler version: GNU-13.3.0
Compiler flags  : -fallow-argument-mismatch -O3 -march=native
Parallelisations: none
DFT-D3 support

Runtime information:
* Directory : /tmp/siesta_run_MnO_SCR_+0.05
* Running in serial mode.
>> Start of run:   4-AUG-2026  23:20:15

                           *********************** 
                           *  WELCOME TO SIESTA  * 
                           *********************** 

 NOTE: Siesta V5 introduces some new defaults for basis-set generation
 NOTE: which might lead to slightly different numerical results.
 NOTE: Please see the manual for full details and compatibility measures.


reinit: Reading from standard input
reinit: Dumping input in INPUT_TMP.52875
************************** Dump of input data file ****************************
SystemName          Manganese Oxide (Rock-salt) Smoke Test
SystemLabel         MnO_SCR_+0.05
NumberOfAtoms       2
NumberOfSpecies     2
%block ChemicalSpeciesLabel
 1  25  Mn
 2   8  O
%endblock ChemicalSpeciesLabel
# Primitive cell of FCC Rock-salt (a = 4.445 Angstroms)
LatticeConstant     4.445 Ang
%block LatticeVectors
  0.0  0.5  0.5
  0.5  0.0  0.5
  0.5  0.5  0.0
%endblock LatticeVectors
# Atom coordinates (fractional)
AtomicCoordinatesFormat  Fractional
%block AtomicCoordinatesAndAtomicSpecies
 0.0  0.0  0.0   1   # Mn at origin
 0.5  0.5  0.5   2   # O at half diagonal
%endblock AtomicCoordinatesAndAtomicSpecies
# Hyper-lightweight parameters for smoke test
PAO.BasisSize       SZ         # Minimal basis (Single-Zeta) -> terrible physics, ultra fast
MeshCutoff          150 Ry     # Low cutoff -> fast
%block kgrid_Monkhorst_Pack
 1 0 0 0.0
 0 1 0 0.0
 0 0 1 0.0
%endblock kgrid_Monkhorst_Pack
# SCF settings
MaxSCFIterations    50
DM.MixingWeight     0.1
DM.NumberPulay      3
# Spin polarization (Antiferromagnetic-like guess for testing)
Spin                polarized
%block DM.InitSpin
 1 +5.0
 2  0.0
%endblock DM.InitSpin
# -------- HUBBARD U SETTINGS --------
# We define a U to force SIESTA to print the 'hubbard_term' blocks
DFTU.ProjectorGenerationMethod  1  # Use PAO orbitals
DFTU.PotentialShift true
# We output the XV and forces just to have them
WriteCoorXmol       true
WriteForces         true
%block DFTU.proj
  Mn   1
  3  2
  0.0500  0.0000
  0.0000
%endblock DFTU.proj
# --- SCREENED RESPONSE OVERRIDES ---
DM.UseSaveDM true
************************** End of input data file *****************************

reinit: -----------------------------------------------------------------------
reinit: System Name: Manganese Oxide (Rock-salt) Smoke Test
reinit: -----------------------------------------------------------------------
reinit: System Label: MnO_SCR_+0.05
reinit: -----------------------------------------------------------------------

NOTE on units for spin output: 
{S} is the spin magnetic moment, in units of the Bohr magneton,
assuming a g-factor for the electron spin of exactly 2.
The spin magnetic moment is then numerically equal to the charge inbalance,
in units of electrons, between the spin-up and -down channels.


initatom: Reading input for the pseudopotentials and atomic orbitals ----------
Species number:   1 Atomic number:   25 Label: Mn
Species number:   2 Atomic number:    8 Label: O

Ground state valence configuration (from tables):   4s02  4p00  3d05  4f00
Ground state valence configuration (from tables):   2s02  2p04  3d00  4f00

---- Processing specs for species: Mn
Reading pseudopotential information in PSML from:
  Mn.psml
PSML file version: 1.1
Using libxc ids:  101 130
GGA--PBE XC_GGA_X_PBE--XC_GGA_C_PBE pb
PSML uuid: 124d3920-be63-11e7-41c0-f3027dc3db3e
Semicore shell(s) with  8 electrons included in the valence for Mn

---- Processing specs for species: O
Reading pseudopotential information in PSML from:
  O.psml
PSML file version: 1.1
Using libxc ids:  101 130
GGA--PBE XC_GGA_X_PBE--XC_GGA_C_PBE pb
PSML uuid: 66518360-be62-11e7-6a04-293bfbad3b21

---- Pseudopotential check for Mn

Pseudized shells:
3s( 2.00) rc: 1.11
3p( 6.00) rc: 1.11
3d( 5.00) rc: 1.36
Valence configuration for ps generation: 3s:3p:3d:4s: Total charge:  15.000000
Semicore shell(s): 3s 3p

---- Pseudopotential check for O 

Pseudized shells:
2s( 2.00) rc: 1.26
2p( 4.00) rc: 1.36
3d( 0.00) rc: 1.26
Valence configuration for ps generation: 2s:2p: Total charge:   6.000000
For Mn, standard SIESTA heuristics set lmxkb to 3
 (one more than the basis l, including polarization orbitals).
Use PS.lmax or PS.KBprojectors blocks to override.
For O, standard SIESTA heuristics set lmxkb to 2
 (one more than the basis l, including polarization orbitals).
Use PS.lmax or PS.KBprojectors blocks to override.
Mn pseudopotential only contains V_ls up to l=2 -- lmxkb reset.

<basis_specs>
===============================================================================
Mn                   Z=  25    Mass=  54.938        Charge= 0.17977+309
Lmxo=2 Lmxkb= 2    BasisType=split      Semic=T
L=0  Nsemic=1  Cnfigmx=4
          i=1  nzeta=1  polorb=0  (3s)  (semicore shell)
            splnorm:   0.15000    
               vcte:    40.000    
               rinn:  -0.90000    
               qcoe:    0.0000    
               qyuk:    0.0000    
               qwid:   0.10000E-01
                rcs:    0.0000    
            lambdas:    1.0000    
          i=2  nzeta=1  polorb=0  (4s)
            splnorm:   0.15000    
               vcte:    40.000    
               rinn:  -0.90000    
               qcoe:    0.0000    
               qyuk:    0.0000    
               qwid:   0.10000E-01
                rcs:    0.0000    
            lambdas:    1.0000    
L=1  Nsemic=1  Cnfigmx=4
          i=1  nzeta=1  polorb=0  (3p)  (semicore shell)
            splnorm:   0.15000    
               vcte:    40.000    
               rinn:  -0.90000    
               qcoe:    0.0000    
               qyuk:    0.0000    
               qwid:   0.10000E-01
                rcs:    0.0000    
            lambdas:    1.0000    
          i=2  nzeta=0  polorb=0  (4p)  (empty shell (??) )
L=2  Nsemic=0  Cnfigmx=3
          i=1  nzeta=1  polorb=0  (3d)
            splnorm:   0.15000    
               vcte:    40.000    
               rinn:  -0.90000    
               qcoe:    0.0000    
               qyuk:    0.0000    
               qwid:   0.10000E-01
                rcs:    0.0000    
            lambdas:    1.0000    
-------------------------------------------------------------------------------
L=0  Nkbl=2  erefs: 0.17977+309 0.17977+309
L=1  Nkbl=2  erefs: 0.17977+309 0.17977+309
L=2  Nkbl=1  erefs: 0.17977+309
-------------------------------------------------------------------------------
L=2  n=3
                  U:   0.36749E-02
                  J:    0.0000    
               rinn:  -0.90000    
               vcte:    40.000    
             lambda:    1.0000    
              width:   0.50000    
                 rc:    0.0000    
            dnrm_rc:   0.90000    
===============================================================================
</basis_specs>

Using PAO.SplitTailNorm
atom: Called for Mn                    (Z =  25)
Maximum radius (at nrval) set to   50.00000 8518

read_vps: Pseudopotential generation method:
read_vps: ONCVPSP-3.Hamann's oncvpsp                        
Valence charge in pseudo generation:   15.00000

read_vps: Pseudopotential includes a core correction:
read_vps: Pseudo-core for xc-correction

xc_check: Exchange-correlation functional:
xc_check: Ceperley-Alder
xc_check: WARNING: Pseudopotential generated with GGA PBE functional
Got Vlocal (oncv-fit) from psml data
Choosing vlocal chloc cutoff:  5.072635
qtot up to nchloc:   14.99974639
atom: Maximum radius for chlocal:    5.07263
atom: Maximum radius for r*vlocal+2*Zval:    5.07263
Reading KB projs from Mn psml data
Using scalar-relativistic projectors in PSML file

PSML: Kleinman-Bylander projectors: 
   l= 0   rc=  1.126360   Ekb= 44.071529
   l= 0   rc=  1.126360   Ekb=  4.652397
   l= 1   rc=  1.126360   Ekb=  5.643412
   l= 1   rc=  1.126360   Ekb= -0.294693
   l= 2   rc=  1.379341   Ekb=-17.489238
   l= 2   rc=  1.379341   Ekb= -5.035197

PSML: Total number of  Kleinman-Bylander projectors:  18
atom: -------------------------------------------------------------------------

atom: SANKEY-TYPE ORBITALS:

SPLIT: Orbitals with angular momentum L= 0

SPLIT: Basis orbitals for state 3s

SPLIT: PAO cut-off radius determined from an
SPLIT: energy shift=  0.010000 Ry
Split based on tail norm

   izeta = 1
                 lambda =    1.000000
                     rc =    2.486350
                 energy =   -6.273890
                kinetic =    3.308741
    potential(screened) =   -9.582631
       potential(ionic) =  -33.845190

SPLIT: Basis orbitals for state 4s

SPLIT: PAO cut-off radius determined from an
SPLIT: energy shift=  0.010000 Ry
Split based on tail norm

   izeta = 1
                 lambda =    1.000000
                     rc =    6.968471
                 energy =   -0.389352
                kinetic =    0.928048
    potential(screened) =   -1.317400
       potential(ionic) =  -12.306816

SPLIT: Orbitals with angular momentum L= 1

SPLIT: Basis orbitals for state 3p

SPLIT: PAO cut-off radius determined from an
SPLIT: energy shift=  0.010000 Ry
Split based on tail norm

   izeta = 1
                 lambda =    1.000000
                     rc =    2.759952
                 energy =   -3.980321
                kinetic =    7.013586
    potential(screened) =  -10.993908
       potential(ionic) =  -34.700061

SPLIT: Orbitals with angular momentum L= 2

SPLIT: Basis orbitals for state 3d

SPLIT: PAO cut-off radius determined from an
SPLIT: energy shift=  0.010000 Ry
Split based on tail norm

   izeta = 1
                 lambda =    1.000000
                     rc =    4.351560
                 energy =   -0.481876
                kinetic =   10.410977
    potential(screened) =  -10.892853
       potential(ionic) =  -32.031382
atom: Total number of Sankey-type orbitals: 10

atm_pop: Valence configuration (for local Pseudopot. screening):
 3s( 2.00) 4s( 2.00)                                                  
 3p( 6.00) 4p( 0.00)                                                  
 3d( 5.00)                                                            
Vna: chval, zval:   15.00000  15.00000

Vna:  Cut-off radius for the neutral-atom potential:   6.968471
comcore: Pseudo-core radius Rcore=  2.112999

atom: _________________________________________________________________________
Maximum radius (at nrval) set to   50.00000 8518

dftu_proj_gen: PAO cut-off radius determined from an
dftu_proj_gen: energy shift =  0.050000 Ry
dftu_proj_gen: rco =  3.291515 Bohr

<basis_specs>
===============================================================================
O                    Z=   8    Mass=  15.999        Charge= 0.17977+309
Lmxo=1 Lmxkb= 2    BasisType=split      Semic=F
L=0  Nsemic=0  Cnfigmx=2
          i=1  nzeta=1  polorb=0  (2s)
            splnorm:   0.15000    
               vcte:    40.000    
               rinn:  -0.90000    
               qcoe:    0.0000    
               qyuk:    0.0000    
               qwid:   0.10000E-01
                rcs:    0.0000    
            lambdas:    1.0000    
L=1  Nsemic=0  Cnfigmx=2
          i=1  nzeta=1  polorb=0  (2p)
            splnorm:   0.15000    
               vcte:    40.000    
               rinn:  -0.90000    
               qcoe:    0.0000    
               qyuk:    0.0000    
               qwid:   0.10000E-01
                rcs:    0.0000    
            lambdas:    1.0000    
-------------------------------------------------------------------------------
L=0  Nkbl=1  erefs: 0.17977+309
L=1  Nkbl=1  erefs: 0.17977+309
L=2  Nkbl=1  erefs: 0.17977+309
===============================================================================
</basis_specs>

Using PAO.SplitTailNorm
atom: Called for O                     (Z =   8)
Maximum radius (at nrval) set to   50.00000 8518

read_vps: Pseudopotential generation method:
read_vps: ONCVPSP-3.Hamann's oncvpsp                        
Valence charge in pseudo generation:    6.00000

read_vps: Pseudopotential includes a core correction:
read_vps: Pseudo-core for xc-correction

xc_check: Exchange-correlation functional:
xc_check: Ceperley-Alder
xc_check: WARNING: Pseudopotential generated with GGA PBE functional
Got Vlocal (oncv-fit) from psml data
Choosing vlocal chloc cutoff:  6.020499
qtot up to nchloc:    6.00003129
atom: Maximum radius for chlocal:    6.02050
atom: Maximum radius for r*vlocal+2*Zval:    6.02050
Reading KB projs from O psml data
Using scalar-relativistic projectors in PSML file

PSML: Kleinman-Bylander projectors: 
   l= 0   rc=  1.277664   Ekb= 14.473397
   l= 0   rc=  1.277664   Ekb=  1.995377
   l= 1   rc=  1.372412   Ekb=-10.453761
   l= 1   rc=  1.372412   Ekb= -2.576064
   l= 2   rc=  1.277664   Ekb= -2.663910

PSML: Total number of  Kleinman-Bylander projectors:  13
atom: -------------------------------------------------------------------------

atom: SANKEY-TYPE ORBITALS:

SPLIT: Orbitals with angular momentum L= 0

SPLIT: Basis orbitals for state 2s

SPLIT: PAO cut-off radius determined from an
SPLIT: energy shift=  0.010000 Ry
Split based on tail norm

   izeta = 1
                 lambda =    1.000000
                     rc =    3.560943
                 energy =   -1.731627
                kinetic =    1.580617
    potential(screened) =   -3.312244
       potential(ionic) =  -11.211072

SPLIT: Orbitals with angular momentum L= 1

SPLIT: Basis orbitals for state 2p

SPLIT: PAO cut-off radius determined from an
SPLIT: energy shift=  0.010000 Ry
Split based on tail norm

   izeta = 1
                 lambda =    1.000000
                     rc =    4.342846
                 energy =   -0.639923
                kinetic =    4.614178
    potential(screened) =   -5.254101
       potential(ionic) =  -12.884616
atom: Total number of Sankey-type orbitals:  4

atm_pop: Valence configuration (for local Pseudopot. screening):
 2s( 2.00)                                                            
 2p( 4.00)                                                            
Vna: chval, zval:    6.00000   6.00000

Vna:  Cut-off radius for the neutral-atom potential:   4.342846
comcore: Pseudo-core radius Rcore=  1.340979

atom: _________________________________________________________________________

prinput: Basis input 

PAO.BasisType split     

%block ChemicalSpeciesLabel
    1   25 Mn                      # Species index, atomic number, species label
    2    8 O                       # Species index, atomic number, species label
%endblock ChemicalSpeciesLabel

%block PAO.Basis                 # Define Basis set
# WARNING: This information might be incomplete!
Mn                    4                    # Species label, number of l-shells
 n=3   0   1                         # n, l, Nzeta 
   2.486   
   1.000   
 n=4   0   1                         # n, l, Nzeta 
   6.968   
   1.000   
 n=3   1   1                         # n, l, Nzeta 
   2.760   
   1.000   
 n=3   2   1                         # n, l, Nzeta 
   4.352   
   1.000   
O                     2                    # Species label, number of l-shells
 n=2   0   1                         # n, l, Nzeta 
   3.561   
   1.000   
 n=2   1   1                         # n, l, Nzeta 
   4.343   
   1.000   
%endblock PAO.Basis

prinput: ----------------------------------------------------------------------

coor:   Atomic-coordinates input format  =     Fractional

siesta: Atomic coordinates (Bohr) and species
siesta:      0.00000   0.00000   0.00000  1        1
siesta:      4.19992   4.19992   4.19992  2        2

siesta: System type = bulk      

initatomlists: Number of atoms, orbitals, and projectors:      2    14    31

coxmol: Writing XMOL coordinates into file MnO_SCR_+0.05.xyz                                                                                                                                                                                                                   

siesta: ******************** Simulation parameters ****************************
siesta:
siesta: The following are some of the parameters of the simulation.
siesta: A complete list of the parameters used, including default values,
siesta: can be found in file out.fdf
siesta:
redata: Spin configuration                          = collinear
redata: Number of spin components                   = 2
redata: Time-Reversal Symmetry                      = T
redata: Spin spiral                                 = F
redata: Long output                                 =   F
redata: Number of Atomic Species                    =        2
redata: Charge density info will appear in .RHO file
redata: Write Mulliken charges (when)               = none
redata: Write Mulliken Pop.                         = NO
redata: Write Hirshfeld charges (when)              = none
redata: Write Voronoi charges (when)                = none
redata: Write spin charge (when)                    = scf
redata: Matel table size (NRTAB)                    =     1024
redata: Mesh Cutoff                                 =   150.0000 Ry
redata: Net charge of the system                    =     0.0000 |e|
redata: Min. number of SCF Iter                     =        0
redata: Max. number of SCF Iter                     =       50
redata: SCF convergence failure will abort job
redata: SCF mix quantity                            = Hamiltonian
redata: Mix DM or H after convergence               =   F
redata: Recompute H after scf cycle                 =   F
redata: Mix DM in first SCF step                    =   T
redata: Write Pulay info on disk                    =   F
redata: New DM Occupancy tolerance                  = 0.000000000001
redata: No kicks to SCF
redata: DM Mixing Weight for Kicks                  =     0.5000
redata: Require Harris convergence for SCF          =   F
redata: Harris energy tolerance for SCF             =     0.000100 eV
redata: Require DM convergence for SCF              =   T
redata: DM tolerance for SCF                        =     0.000100
redata: Require EDM convergence for SCF             =   F
redata: EDM tolerance for SCF                       =     0.001000 eV
redata: Require H convergence for SCF               =   T
redata: Hamiltonian tolerance for SCF               =     0.001000 eV
redata: Require (free) Energy convergence for SCF   =   F
redata: (free) Energy tolerance for SCF             =     0.000100 eV
redata: Antiferro initial spin density              =   F
redata: Using DFT-D3 dispersion                     =   F
redata: Using Saved Data (generic)                  =   F
redata: Use continuation files for DM               =   T
redata: Neglect nonoverlap interactions             =   F
redata: Method of Calculation                       = Diagonalization
redata: Electronic Temperature                      =   300.0000 K
redata: Fix the spin of the system                  =   F
redata: Max. number of TDED Iter                    =        1
redata: Number of TDED substeps                     =        3
redata: Dynamics option                             = Single-point calculation
mix.SCF: Pulay mixing                            = Pulay
mix.SCF:    Variant                              = stable
mix.SCF:    History steps                        = 3
mix.SCF:    Linear mixing weight                 =     0.100000
mix.SCF:    Mixing weight                        =     0.100000
mix.SCF:    SVD condition                        = 0.1000E-07
mix.SCF: Spin-component mixing                   all
redata: ***********************************************************************

%block SCF.Mixers
  Pulay
%endblock SCF.Mixers

%block SCF.Mixer.Pulay
  # Mixing method
  method pulay
  variant stable

  # Mixing options
  weight 0.1000
  weight.linear 0.1000
  history 3
%endblock SCF.Mixer.Pulay

DM_history_depth set to one: no extrapolation allowed by default for geometry relaxation
Size of DM history Fstack: 1
Total number of electrons:    21.000000
Total ionic charge:    21.000000
 Kpoints in:            1 . Kpoints trimmed:            1

siesta: k-grid: Number of k-points = 1
siesta: k-points from Monkhorst-Pack grid
siesta: k-cutoff (effective) =     1.572 Ang
siesta: k-point supercell and displacements
siesta: k-grid:     1     0     0      0.000
siesta: k-grid:     0     1     0      0.000
siesta: k-grid:     0     0     1      0.000

diag: Algorithm                                     = D&C
diag: Used triangular part                          = Lower
diag: Absolute tolerance                            =  0.100E-15
diag: Orthogonalization factor                      =  0.100E-05
diag: Memory factor                                 =  1.0000


ts: **************************************************************
ts: Save H and S matrices                           =    F
ts: Save TSHS files in MD/FC simulation             =    F
ts: Save DM and EDM matrices                        =    F
ts: Only save the overlap matrix S                  =    F
ts: **************************************************************

************************ Begin: TS CHECKS AND WARNINGS ************************
************************ End: TS CHECKS AND WARNINGS **************************


                     ====================================
                        Single-point calculation
                     ====================================

outcell: Unit cell vectors (Ang):
        0.000000    2.222500    2.222500
        2.222500    0.000000    2.222500
        2.222500    2.222500    0.000000

outcell: Cell vector modules (Ang)   :    3.143090    3.143090    3.143090
outcell: Cell angles (23,13,12) (deg):     60.0000     60.0000     60.0000
outcell: Cell volume (Ang**3)        :     21.9561
Gamma-point calculation with interaction between periodic images
Some features might not work optimally:
e.g. DM initialization from atomic data
<dSpData1D:S at geom step 0
  <sparsity:sparsity for geom step 0
    nrows_g=14 nrows=14 sparsity=1.0000 nnzs=196, refcount: 8>
  <dData1D:(new from dSpData1D) n=196, refcount: 1>
refcount: 1>
new_DM -- step:     1
Initializing Density Matrix...

Attempting to read DM from file... Succeeded...
DM from file:
<dSpData2D:IO-DM: MnO_SCR_+0.05.DM
  <sparsity:IO-DM: MnO_SCR_+0.05.DM
    nrows_g=14 nrows=14 sparsity=1.0000 nnzs=196, refcount: 1>
  <dData2D:(new from dSpData2D) n=196 m=2, refcount: 1>
refcount: 1>
DM to be used:
<dSpData2D:Re-structured SpM
  <sparsity:sparsity for geom step 0
    nrows_g=14 nrows=14 sparsity=1.0000 nnzs=196, refcount: 9>
  <dData2D:(new in restruct) n=196 m=2, refcount: 1>
refcount: 1>
No. of atoms with KB's overlaping orbs in proc 0. Max # of overlaps:       2      48

InitMesh: MESH = 20 x 20 x 20 = 8000
InitMesh: Mesh cutoff (required, used) =   150.000   167.857 Ry
New grid distribution [1]: sub = 2
hubbard_term: recalculating local occupations    1
 hubbard_term: projector occupations
 hubbard_term: atom, species:            1           1
   1   1     0.97655     0.14096
   1   2     0.00000     0.00004
   1   3    -0.00000    -0.00002
   1   4     0.00000     0.00004
   1   5    -0.00000     0.00000
   2   1     0.00000     0.00004
   2   2     0.97655     0.14096
   2   3     0.00000    -0.00001
   2   4    -0.00000    -0.00004
   2   5     0.00000     0.00001
   3   1    -0.00000    -0.00002
   3   2     0.00000    -0.00001
   3   3     0.98556     0.00000
   3   4     0.00000    -0.00001
   3   5    -0.00000     0.00000
   4   1     0.00000     0.00004
   4   2    -0.00000    -0.00004
   4   3     0.00000    -0.00001
   4   4     0.97655     0.14096
   4   5    -0.00000    -0.00001
   5   1    -0.00000     0.00000
   5   2     0.00000     0.00001
   5   3    -0.00000    -0.00000
   5   4    -0.00000    -0.00001
   5   5     0.98556     0.00000
hubbard_term: Total projector shell
Occupations:     4.900759    0.422893    5.323652
hubbard_term: maximum change in local occup.    0.985557
hubbard_term: recalculating Hamiltonian

stepf: Fermi-Dirac step function
hubbard_term: recalculating local occupations    1
 hubbard_term: projector occupations
 hubbard_term: atom, species:            1           1
   1   1     0.97655     0.05885
   1   2     0.00000     0.00002
   1   3    -0.00000    -0.00001
   1   4     0.00000     0.00002
   1   5     0.00000     0.00000
   2   1     0.00000     0.00002
   2   2     0.97655     0.05885
   2   3     0.00000    -0.00000
   2   4    -0.00000    -0.00002
   2   5    -0.00000     0.00001
   3   1    -0.00000    -0.00001
   3   2     0.00000    -0.00000
   3   3     0.98556     0.00000
   3   4     0.00000    -0.00000
   3   5     0.00000    -0.00000
   4   1     0.00000     0.00002
   4   2    -0.00000    -0.00002
   4   3     0.00000    -0.00000
   4   4     0.97655     0.05885
   4   5    -0.00000    -0.00001
   5   1     0.00000     0.00000
   5   2    -0.00000     0.00001
   5   3     0.00000    -0.00000
   5   4    -0.00000    -0.00001
   5   5     0.98556     0.00000
hubbard_term: Total projector shell
Occupations:     4.900759    0.176554    5.077313
hubbard_term: maximum change in local occup.    0.082113
hubbard_term: recalculating Hamiltonian

siesta: Program's energy decomposition (eV):
siesta: Ebs     =      -575.773300
siesta: Eions   =      4996.250168
siesta: Ena     =       689.799470
siesta: Ekin    =      1789.030877
siesta: Enl     =      -250.942263
siesta: Eso     =         0.000000
siesta: Edftu   =         0.253866
siesta: DEna    =       -22.487402
siesta: DUscf   =         5.626922
siesta: DUext   =         0.000000
siesta: Ex      =      -578.031315
siesta: Ec      =       -48.417438
siesta: Exc     =      -626.448752
siesta: EbV     =         0.000000
siesta: eta*DQ  =         0.000000
siesta: Emadel  =         0.000000
siesta: Emeta   =         0.000000
siesta: Emolmec =         0.000000
siesta: Ekinion =         0.000000
siesta: Eharris =     -3410.463927
siesta: Etot    =     -3411.417450
siesta: FreeEng =     -3411.462269

        iscf     Eharris(eV)        E_KS(eV)     FreeEng(eV)     dDmax    Ef(eV) dHmax(eV)
   scf:    1    -3410.463927    -3411.417450    -3411.462269  0.082331 -2.641307  3.137714
     spin moment: {S} , |S| = {        0.0        0.0    4.63841 }     4.63841
timer: Routine,Calls,Time,% = IterSCF        1       0.027   2.43
hubbard_term: recalculating local occupations    2
 hubbard_term: projector occupations
 hubbard_term: atom, species:            1           1
   1   1     0.97655     0.97085
   1   2     0.00000     0.00000
   1   3    -0.00000    -0.00011
   1   4     0.00000     0.00000
   1   5    -0.00000     0.00000
   2   1     0.00000     0.00000
   2   2     0.97655     0.97085
   2   3     0.00000    -0.00006
   2   4    -0.00000    -0.00000
   2   5     0.00000     0.00010
   3   1    -0.00000    -0.00011
   3   2     0.00000    -0.00006
   3   3     0.98556     0.00000
   3   4     0.00000    -0.00006
   3   5     0.00000     0.00000
   4   1     0.00000     0.00000
   4   2    -0.00000    -0.00000
   4   3     0.00000    -0.00006
   4   4     0.97655     0.97085
   4   5    -0.00000    -0.00010
   5   1    -0.00000     0.00000
   5   2     0.00000     0.00010
   5   3     0.00000     0.00000
   5   4    -0.00000    -0.00010
   5   5     0.98556     0.00000
hubbard_term: Total projector shell
Occupations:     4.900759    2.912550    7.813309
hubbard_term: maximum change in local occup.    0.911999
hubbard_term: recalculating Hamiltonian
   scf:    2    -3241.649833    -3357.874597    -3357.880283  0.947224 -2.644231 32.561583
     spin moment: {S} , |S| = {        0.0        0.0   -0.96498 }    -0.96498
hubbard_term: recalculating local occupations    3
 hubbard_term: projector occupations
 hubbard_term: atom, species:            1           1
   1   1     0.97655     0.12661
   1   2     0.00000     0.00004
   1   3    -0.00000    -0.00002
   1   4     0.00000     0.00004
   1   5    -0.00000     0.00000
   2   1     0.00000     0.00004
   2   2     0.97655     0.12661
   2   3     0.00000    -0.00001
   2   4    -0.00000    -0.00004
   2   5     0.00000     0.00001
   3   1    -0.00000    -0.00002
   3   2     0.00000    -0.00001
   3   3     0.98556     0.00000
   3   4     0.00000    -0.00001
   3   5     0.00000     0.00000
   4   1     0.00000     0.00004
   4   2    -0.00000    -0.00004
   4   3     0.00000    -0.00001
   4   4     0.97655     0.12661
   4   5     0.00000    -0.00001
   5   1    -0.00000     0.00000
   5   2     0.00000     0.00001
   5   3     0.00000     0.00000
   5   4     0.00000    -0.00001
   5   5     0.98556     0.00000
hubbard_term: Total projector shell
Occupations:     4.900759    0.379838    5.280597
hubbard_term: maximum change in local occup.    0.844237
hubbard_term: recalculating Hamiltonian
   scf:    3    -3410.705367    -3411.871552    -3411.939272  0.876835 -2.633468  0.479850
     spin moment: {S} , |S| = {        0.0        0.0    4.22208 }     4.22208
hubbard_term: recalculating local occupations    4
 hubbard_term: projector occupations
 hubbard_term: atom, species:            1           1
   1   1     0.97655     0.12953
   1   2     0.00000     0.00004
   1   3    -0.00000    -0.00002
   1   4     0.00000     0.00004
   1   5    -0.00000     0.00000
   2   1     0.00000     0.00004
   2   2     0.97655     0.12953
   2   3     0.00000    -0.00001
   2   4    -0.00000    -0.00004
   2   5     0.00000     0.00001
   3   1    -0.00000    -0.00002
   3   2     0.00000    -0.00001
   3   3     0.98556     0.00000
   3   4     0.00000    -0.00001
   3   5     0.00000    -0.00000
   4   1     0.00000     0.00004
   4   2    -0.00000    -0.00004
   4   3     0.00000    -0.00001
   4   4     0.97655     0.12953
   4   5    -0.00000    -0.00001
   5   1    -0.00000     0.00000
   5   2     0.00000     0.00001
   5   3    -0.00000    -0.00000
   5   4    -0.00000    -0.00001
   5   5     0.98556     0.00000
hubbard_term: Total projector shell
Occupations:     4.900759    0.388596    5.289355
hubbard_term: maximum change in local occup.    0.002920
hubbard_term: recalculating Hamiltonian
   scf:    4    -3411.877613    -3411.874899    -3411.943382  0.002927 -2.635243  0.363026
     spin moment: {S} , |S| = {        0.0        0.0    4.20414 }     4.20414
hubbard_term: recalculating local occupations    5
 hubbard_term: projector occupations
 hubbard_term: atom, species:            1           1
   1   1     0.97655     0.13110
   1   2     0.00000     0.00004
   1   3    -0.00000    -0.00002
   1   4     0.00000     0.00004
   1   5     0.00000     0.00000
   2   1     0.00000     0.00004
   2   2     0.97655     0.13110
   2   3     0.00000    -0.00001
   2   4    -0.00000    -0.00004
   2   5     0.00000     0.00001
   3   1    -0.00000    -0.00002
   3   2     0.00000    -0.00001
   3   3     0.98556     0.00000
   3   4     0.00000    -0.00001
   3   5    -0.00000    -0.00000
   4   1     0.00000     0.00004
   4   2    -0.00000    -0.00004
   4   3     0.00000    -0.00001
   4   4     0.97655     0.13110
   4   5     0.00000    -0.00001
   5   1     0.00000     0.00000
   5   2     0.00000     0.00001
   5   3     0.00000    -0.00000
   5   4     0.00000    -0.00001
   5   5     0.98556     0.00000
hubbard_term: Total projector shell
Occupations:     4.900759    0.393298    5.294057
hubbard_term: maximum change in local occup.    0.001568
hubbard_term: recalculating Hamiltonian
   scf:    5    -3411.877202    -3411.876086    -3411.944442  0.004667 -2.654100  0.276712
     spin moment: {S} , |S| = {        0.0        0.0    4.19451 }     4.19451
hubbard_term: recalculating local occupations    6
 hubbard_term: projector occupations
 hubbard_term: atom, species:            1           1
   1   1     0.97655     0.13763
   1   2     0.00000     0.00004
   1   3    -0.00000    -0.00002
   1   4     0.00000     0.00004
   1   5    -0.00000     0.00000
   2   1     0.00000     0.00004
   2   2     0.97655     0.13763
   2   3     0.00000    -0.00001
   2   4    -0.00000    -0.00004
   2   5    -0.00000     0.00001
   3   1    -0.00000    -0.00002
   3   2     0.00000    -0.00001
   3   3     0.98556     0.00000
   3   4     0.00000    -0.00001
   3   5     0.00000    -0.00000
   4   1     0.00000     0.00004
   4   2    -0.00000    -0.00004
   4   3     0.00000    -0.00001
   4   4     0.97655     0.13763
   4   5    -0.00000    -0.00001
   5   1    -0.00000     0.00000
   5   2    -0.00000     0.00001
   5   3    -0.00000    -0.00000
   5   4    -0.00000    -0.00001
   5   5     0.98556     0.00000
hubbard_term: Total projector shell
Occupations:     4.900759    0.412898    5.313657
hubbard_term: maximum change in local occup.    0.006533
hubbard_term: recalculating Hamiltonian
   scf:    6    -3411.876905    -3411.878089    -3411.948099  0.006551 -2.657745  0.022111
     spin moment: {S} , |S| = {        0.0        0.0    4.15437 }     4.15437
hubbard_term: recalculating local occupations    7
 hubbard_term: projector occupations
 hubbard_term: atom, species:            1           1
   1   1     0.97655     0.13748
   1   2     0.00000     0.00004
   1   3    -0.00000    -0.00002
   1   4     0.00000     0.00004
   1   5     0.00000     0.00000
   2   1     0.00000     0.00004
   2   2     0.97655     0.13748
   2   3     0.00000    -0.00001
   2   4    -0.00000    -0.00004
   2   5     0.00000     0.00001
   3   1    -0.00000    -0.00002
   3   2     0.00000    -0.00001
   3   3     0.98556     0.00000
   3   4     0.00000    -0.00001
   3   5     0.00000    -0.00000
   4   1     0.00000     0.00004
   4   2    -0.00000    -0.00004
   4   3     0.00000    -0.00001
   4   4     0.97655     0.13748
   4   5     0.00000    -0.00001
   5   1     0.00000     0.00000
   5   2     0.00000     0.00001
   5   3     0.00000    -0.00000
   5   4     0.00000    -0.00001
   5   5     0.98556     0.00000
hubbard_term: Total projector shell
Occupations:     4.900759    0.412431    5.313190
hubbard_term: maximum change in local occup.    0.000156
   scf:    7    -3411.878211    -3411.878151    -3411.948086  0.000282 -2.657989  0.027044
     spin moment: {S} , |S| = {        0.0        0.0    4.15533 }     4.15533
hubbard_term: recalculating local occupations    8
 hubbard_term: projector occupations
 hubbard_term: atom, species:            1           1
   1   1     0.97655     0.13848
   1   2     0.00000     0.00004
   1   3    -0.00000    -0.00002
   1   4     0.00000     0.00004
   1   5    -0.00000     0.00000
   2   1     0.00000     0.00004
   2   2     0.97655     0.13848
   2   3     0.00000    -0.00001
   2   4    -0.00000    -0.00004
   2   5     0.00000     0.00001
   3   1    -0.00000    -0.00002
   3   2     0.00000    -0.00001
   3   3     0.98556     0.00000
   3   4     0.00000    -0.00001
   3   5     0.00000    -0.00000
   4   1     0.00000     0.00004
   4   2    -0.00000    -0.00004
   4   3     0.00000    -0.00001
   4   4     0.97655     0.13848
   4   5    -0.00000    -0.00001
   5   1    -0.00000     0.00000
   5   2     0.00000     0.00001
   5   3     0.00000    -0.00000
   5   4    -0.00000    -0.00001
   5   5     0.98556     0.00000
hubbard_term: Total projector shell
Occupations:     4.900759    0.415453    5.316212
hubbard_term: maximum change in local occup.    0.000852
   scf:    8    -3411.878033    -3411.878120    -3411.948115  0.001875 -2.660007  0.012662
     spin moment: {S} , |S| = {        0.0        0.0    4.14914 }     4.14914
hubbard_term: recalculating local occupations    9
 hubbard_term: projector occupations
 hubbard_term: atom, species:            1           1
   1   1     0.97655     0.13850
   1   2     0.00000     0.00004
   1   3    -0.00000    -0.00002
   1   4     0.00000     0.00004
   1   5    -0.00000     0.00000
   2   1     0.00000     0.00004
   2   2     0.97655     0.13850
   2   3     0.00000    -0.00001
   2   4    -0.00000    -0.00004
   2   5    -0.00000     0.00001
   3   1    -0.00000    -0.00002
   3   2     0.00000    -0.00001
   3   3     0.98556     0.00000
   3   4     0.00000    -0.00001
   3   5     0.00000    -0.00000
   4   1     0.00000     0.00004
   4   2    -0.00000    -0.00004
   4   3     0.00000    -0.00001
   4   4     0.97655     0.13850
   4   5    -0.00000    -0.00001
   5   1    -0.00000     0.00000
   5   2    -0.00000     0.00001
   5   3    -0.00000    -0.00000
   5   4    -0.00000    -0.00001
   5   5     0.98556     0.00000
hubbard_term: Total projector shell
Occupations:     4.900759    0.415498    5.316257
hubbard_term: maximum change in local occup.    0.000867
   scf:    9    -3411.878185    -3411.878153    -3411.948116  0.000307 -2.660085  0.012167
     spin moment: {S} , |S| = {        0.0        0.0    4.14905 }     4.14905
hubbard_term: recalculating local occupations   10
 hubbard_term: projector occupations
 hubbard_term: atom, species:            1           1
   1   1     0.97655     0.13858
   1   2     0.00000     0.00004
   1   3    -0.00000    -0.00002
   1   4     0.00000     0.00004
   1   5    -0.00000     0.00000
   2   1     0.00000     0.00004
   2   2     0.97655     0.13858
   2   3     0.00000    -0.00001
   2   4    -0.00000    -0.00004
   2   5    -0.00000     0.00001
   3   1    -0.00000    -0.00002
   3   2     0.00000    -0.00001
   3   3     0.98556     0.00000
   3   4     0.00000    -0.00001
   3   5     0.00000    -0.00000
   4   1     0.00000     0.00004
   4   2    -0.00000    -0.00004
   4   3     0.00000    -0.00001
   4   4     0.97655     0.13858
   4   5    -0.00000    -0.00001
   5   1    -0.00000     0.00000
   5   2    -0.00000     0.00001
   5   3     0.00000    -0.00000
   5   4    -0.00000    -0.00001
   5   5     0.98556     0.00000
hubbard_term: Total projector shell
Occupations:     4.900759    0.415747    5.316506
hubbard_term: maximum change in local occup.    0.000950
   scf:   10    -3411.878403    -3411.878278    -3411.948117  0.001272 -2.659916  0.010051
     spin moment: {S} , |S| = {        0.0        0.0    4.14854 }     4.14854
hubbard_term: recalculating local occupations   11
 hubbard_term: projector occupations
 hubbard_term: atom, species:            1           1
   1   1     0.97655     0.13765
   1   2     0.00000     0.00004
   1   3    -0.00000    -0.00002
   1   4     0.00000     0.00004
   1   5    -0.00000    -0.00000
   2   1     0.00000     0.00004
   2   2     0.97655     0.13765
   2   3     0.00000    -0.00001
   2   4    -0.00000    -0.00004
   2   5     0.00000     0.00001
   3   1    -0.00000    -0.00002
   3   2     0.00000    -0.00001
   3   3     0.98556     0.00000
   3   4     0.00000    -0.00001
   3   5     0.00000    -0.00000
   4   1     0.00000     0.00004
   4   2    -0.00000    -0.00004
   4   3     0.00000    -0.00001
   4   4     0.97655     0.13765
   4   5    -0.00000    -0.00001
   5   1    -0.00000    -0.00000
   5   2     0.00000     0.00001
   5   3     0.00000    -0.00000
   5   4    -0.00000    -0.00001
   5   5     0.98556     0.00000
hubbard_term: Total projector shell
Occupations:     4.900759    0.412953    5.313712
hubbard_term: maximum change in local occup.    0.000018
   scf:   11    -3411.878986    -3411.878676    -3411.948065  0.001594 -2.661954  0.029796
     spin moment: {S} , |S| = {        0.0        0.0    4.15426 }     4.15426
hubbard_term: recalculating local occupations   12
 hubbard_term: projector occupations
 hubbard_term: atom, species:            1           1
   1   1     0.97655     0.13867
   1   2     0.00000     0.00004
   1   3    -0.00000    -0.00002
   1   4     0.00000     0.00004
   1   5    -0.00000     0.00000
   2   1     0.00000     0.00004
   2   2     0.97655     0.13867
   2   3     0.00000    -0.00001
   2   4    -0.00000    -0.00004
   2   5    -0.00000     0.00001
   3   1    -0.00000    -0.00002
   3   2     0.00000    -0.00001
   3   3     0.98556     0.00000
   3   4     0.00000    -0.00001
   3   5     0.00000    -0.00000
   4   1     0.00000     0.00004
   4   2    -0.00000    -0.00004
   4   3     0.00000    -0.00001
   4   4     0.97655     0.13867
   4   5    -0.00000    -0.00001
   5   1    -0.00000     0.00000
   5   2    -0.00000     0.00001
   5   3     0.00000    -0.00000
   5   4    -0.00000    -0.00001
   5   5     0.98556     0.00000
hubbard_term: Total projector shell
Occupations:     4.900759    0.416006    5.316765
hubbard_term: maximum change in local occup.    0.001036
hubbard_term: recalculating Hamiltonian
   scf:   12    -3411.877841    -3411.878307    -3411.948115  0.001455 -2.660215  0.012147
     spin moment: {S} , |S| = {        0.0        0.0    4.14801 }     4.14801
hubbard_term: recalculating local occupations   13
 hubbard_term: projector occupations
 hubbard_term: atom, species:            1           1
   1   1     0.97655     0.13843
   1   2     0.00000     0.00004
   1   3    -0.00000    -0.00002
   1   4     0.00000     0.00004
   1   5     0.00000     0.00000
   2   1     0.00000     0.00004
   2   2     0.97655     0.13843
   2   3     0.00000    -0.00001
   2   4    -0.00000    -0.00004
   2   5     0.00000     0.00001
   3   1    -0.00000    -0.00002
   3   2     0.00000    -0.00001
   3   3     0.98556     0.00000
   3   4     0.00000    -0.00001
   3   5     0.00000    -0.00000
   4   1     0.00000     0.00004
   4   2    -0.00000    -0.00004
   4   3     0.00000    -0.00001
   4   4     0.97655     0.13843
   4   5     0.00000    -0.00001
   5   1     0.00000     0.00000
   5   2     0.00000     0.00001
   5   3     0.00000    -0.00000
   5   4     0.00000    -0.00001
   5   5     0.98556     0.00000
hubbard_term: Total projector shell
Occupations:     4.900759    0.415283    5.316042
hubbard_term: maximum change in local occup.    0.000241
   scf:   13    -3411.878239    -3411.878275    -3411.948120  0.000893 -2.659724  0.005254
     spin moment: {S} , |S| = {        0.0        0.0    4.14949 }     4.14949
hubbard_term: recalculating local occupations   14
 hubbard_term: projector occupations
 hubbard_term: atom, species:            1           1
   1   1     0.97655     0.13845
   1   2     0.00000     0.00004
   1   3    -0.00000    -0.00002
   1   4     0.00000     0.00004
   1   5     0.00000     0.00000
   2   1     0.00000     0.00004
   2   2     0.97655     0.13845
   2   3     0.00000    -0.00001
   2   4    -0.00000    -0.00004
   2   5     0.00000     0.00001
   3   1    -0.00000    -0.00002
   3   2     0.00000    -0.00001
   3   3     0.98556     0.00000
   3   4     0.00000    -0.00001
   3   5     0.00000    -0.00000
   4   1     0.00000     0.00004
   4   2    -0.00000    -0.00004
   4   3     0.00000    -0.00001
   4   4     0.97655     0.13845
   4   5    -0.00000    -0.00001
   5   1     0.00000     0.00000
   5   2     0.00000     0.00001
   5   3     0.00000    -0.00000
   5   4    -0.00000    -0.00001
   5   5     0.98556     0.00000
hubbard_term: Total projector shell
Occupations:     4.900759    0.415345    5.316104
hubbard_term: maximum change in local occup.    0.000220
   scf:   14    -3411.878272    -3411.878273    -3411.948120  0.000040 -2.659752  0.006016
     spin moment: {S} , |S| = {        0.0        0.0    4.14936 }     4.14936
hubbard_term: recalculating local occupations   15
 hubbard_term: projector occupations
 hubbard_term: atom, species:            1           1
   1   1     0.97655     0.13831
   1   2     0.00000     0.00004
   1   3    -0.00000    -0.00002
   1   4     0.00000     0.00004
   1   5     0.00000    -0.00000
   2   1     0.00000     0.00004
   2   2     0.97655     0.13831
   2   3     0.00000    -0.00001
   2   4    -0.00000    -0.00004
   2   5     0.00000     0.00001
   3   1    -0.00000    -0.00002
   3   2     0.00000    -0.00001
   3   3     0.98556     0.00000
   3   4     0.00000    -0.00001
   3   5     0.00000    -0.00000
   4   1     0.00000     0.00004
   4   2    -0.00000    -0.00004
   4   3     0.00000    -0.00001
   4   4     0.97655     0.13831
   4   5    -0.00000    -0.00001
   5   1     0.00000    -0.00000
   5   2     0.00000     0.00001
   5   3     0.00000    -0.00000
   5   4    -0.00000    -0.00001
   5   5     0.98556     0.00000
hubbard_term: Total projector shell
Occupations:     4.900759    0.414934    5.315693
hubbard_term: maximum change in local occup.    0.000358
   scf:   15    -3411.878303    -3411.878289    -3411.948121  0.000197 -2.659561  0.001749
     spin moment: {S} , |S| = {        0.0        0.0    4.15020 }     4.15020
hubbard_term: recalculating local occupations   16
 hubbard_term: projector occupations
 hubbard_term: atom, species:            1           1
   1   1     0.97655     0.13835
   1   2     0.00000     0.00004
   1   3    -0.00000    -0.00002
   1   4     0.00000     0.00004
   1   5     0.00000     0.00000
   2   1     0.00000     0.00004
   2   2     0.97655     0.13835
   2   3     0.00000    -0.00001
   2   4    -0.00000    -0.00004
   2   5     0.00000     0.00001
   3   1    -0.00000    -0.00002
   3   2     0.00000    -0.00001
   3   3     0.98556     0.00000
   3   4     0.00000    -0.00001
   3   5     0.00000    -0.00000
   4   1     0.00000     0.00004
   4   2    -0.00000    -0.00004
   4   3     0.00000    -0.00001
   4   4     0.97655     0.13835
   4   5     0.00000    -0.00001
   5   1     0.00000     0.00000
   5   2     0.00000     0.00001
   5   3     0.00000    -0.00000
   5   4     0.00000    -0.00001
   5   5     0.98556     0.00000
hubbard_term: Total projector shell
Occupations:     4.900759    0.415055    5.315814
hubbard_term: maximum change in local occup.    0.000317
   scf:   16    -3411.878275    -3411.878282    -3411.948121  0.000132 -2.659549  0.002249
     spin moment: {S} , |S| = {        0.0        0.0    4.14995 }     4.14995
hubbard_term: recalculating local occupations   17
 hubbard_term: projector occupations
 hubbard_term: atom, species:            1           1
   1   1     0.97655     0.13831
   1   2     0.00000     0.00004
   1   3    -0.00000    -0.00002
   1   4     0.00000     0.00004
   1   5     0.00000     0.00000
   2   1     0.00000     0.00004
   2   2     0.97655     0.13831
   2   3     0.00000    -0.00001
   2   4    -0.00000    -0.00004
   2   5     0.00000     0.00001
   3   1    -0.00000    -0.00002
   3   2     0.00000    -0.00001
   3   3     0.98556     0.00000
   3   4     0.00000    -0.00001
   3   5     0.00000    -0.00000
   4   1     0.00000     0.00004
   4   2    -0.00000    -0.00004
   4   3     0.00000    -0.00001
   4   4     0.97655     0.13831
   4   5    -0.00000    -0.00001
   5   1     0.00000     0.00000
   5   2     0.00000     0.00001
   5   3     0.00000    -0.00000
   5   4    -0.00000    -0.00001
   5   5     0.98556     0.00000
hubbard_term: Total projector shell
Occupations:     4.900759    0.414915    5.315674
hubbard_term: maximum change in local occup.    0.000364
   scf:   17    -3411.878304    -3411.878293    -3411.948121  0.000047 -2.659430  0.001461
     spin moment: {S} , |S| = {        0.0        0.0    4.15024 }     4.15024
hubbard_term: recalculating local occupations   18
 hubbard_term: projector occupations
 hubbard_term: atom, species:            1           1
   1   1     0.97655     0.13832
   1   2     0.00000     0.00004
   1   3    -0.00000    -0.00002
   1   4     0.00000     0.00004
   1   5     0.00000     0.00000
   2   1     0.00000     0.00004
   2   2     0.97655     0.13832
   2   3     0.00000    -0.00001
   2   4    -0.00000    -0.00004
   2   5     0.00000     0.00001
   3   1    -0.00000    -0.00002
   3   2     0.00000    -0.00001
   3   3     0.98556     0.00000
   3   4     0.00000    -0.00001
   3   5     0.00000    -0.00000
   4   1     0.00000     0.00004
   4   2    -0.00000    -0.00004
   4   3     0.00000    -0.00001
   4   4     0.97655     0.13832
   4   5    -0.00000    -0.00001
   5   1     0.00000     0.00000
   5   2     0.00000     0.00001
   5   3     0.00000    -0.00000
   5   4    -0.00000    -0.00001
   5   5     0.98556     0.00000
hubbard_term: Total projector shell
Occupations:     4.900759    0.414948    5.315707
hubbard_term: maximum change in local occup.    0.000353
   scf:   18    -3411.878308    -3411.878301    -3411.948121  0.000090 -2.659354  0.001216
     spin moment: {S} , |S| = {        0.0        0.0    4.15017 }     4.15017
hubbard_term: recalculating local occupations   19
 hubbard_term: projector occupations
 hubbard_term: atom, species:            1           1
   1   1     0.97655     0.13833
   1   2     0.00000     0.00004
   1   3    -0.00000    -0.00002
   1   4     0.00000     0.00004
   1   5    -0.00000    -0.00000
   2   1     0.00000     0.00004
   2   2     0.97655     0.13833
   2   3     0.00000    -0.00001
   2   4    -0.00000    -0.00004
   2   5    -0.00000     0.00001
   3   1    -0.00000    -0.00002
   3   2     0.00000    -0.00001
   3   3     0.98556     0.00000
   3   4     0.00000    -0.00001
   3   5     0.00000    -0.00000
   4   1     0.00000     0.00004
   4   2    -0.00000    -0.00004
   4   3     0.00000    -0.00001
   4   4     0.97655     0.13833
   4   5    -0.00000    -0.00001
   5   1    -0.00000    -0.00000
   5   2    -0.00000     0.00001
   5   3     0.00000    -0.00000
   5   4    -0.00000    -0.00001
   5   5     0.98556     0.00000
hubbard_term: Total projector shell
Occupations:     4.900759    0.414992    5.315751
hubbard_term: maximum change in local occup.    0.000338
   scf:   19    -3411.878406    -3411.878353    -3411.948121  0.000489 -2.658912  0.001072
     spin moment: {S} , |S| = {        0.0        0.0    4.15008 }     4.15008
hubbard_term: recalculating local occupations   20
 hubbard_term: projector occupations
 hubbard_term: atom, species:            1           1
   1   1     0.97655     0.13835
   1   2     0.00000     0.00004
   1   3    -0.00000    -0.00002
   1   4     0.00000     0.00004
   1   5     0.00000    -0.00000
   2   1     0.00000     0.00004
   2   2     0.97655     0.13835
   2   3     0.00000    -0.00001
   2   4    -0.00000    -0.00004
   2   5    -0.00000     0.00001
   3   1    -0.00000    -0.00002
   3   2     0.00000    -0.00001
   3   3     0.98556     0.00000
   3   4     0.00000    -0.00001
   3   5     0.00000     0.00000
   4   1     0.00000     0.00004
   4   2    -0.00000    -0.00004
   4   3     0.00000    -0.00001
   4   4     0.97655     0.13835
   4   5     0.00000    -0.00001
   5   1     0.00000    -0.00000
   5   2    -0.00000     0.00001
   5   3     0.00000     0.00000
   5   4     0.00000    -0.00001
   5   5     0.98556     0.00000
hubbard_term: Total projector shell
Occupations:     4.900759    0.415057    5.315816
hubbard_term: maximum change in local occup.    0.000317
   scf:   20    -3411.878368    -3411.878361    -3411.948121  0.000116 -2.658838  0.000579
     spin moment: {S} , |S| = {        0.0        0.0    4.14995 }     4.14995
hubbard_term: recalculating local occupations   21
 hubbard_term: projector occupations
 hubbard_term: atom, species:            1           1
   1   1     0.97655     0.13836
   1   2     0.00000     0.00004
   1   3    -0.00000    -0.00002
   1   4     0.00000     0.00004
   1   5    -0.00000    -0.00000
   2   1     0.00000     0.00004
   2   2     0.97655     0.13836
   2   3     0.00000    -0.00001
   2   4    -0.00000    -0.00004
   2   5    -0.00000     0.00001
   3   1    -0.00000    -0.00002
   3   2     0.00000    -0.00001
   3   3     0.98556     0.00000
   3   4     0.00000    -0.00001
   3   5    -0.00000     0.00000
   4   1     0.00000     0.00004
   4   2    -0.00000    -0.00004
   4   3     0.00000    -0.00001
   4   4     0.97655     0.13836
   4   5     0.00000    -0.00001
   5   1    -0.00000    -0.00000
   5   2    -0.00000     0.00001
   5   3     0.00000     0.00000
   5   4     0.00000    -0.00001
   5   5     0.98556     0.00000
hubbard_term: Total projector shell
Occupations:     4.900759    0.415078    5.315837
hubbard_term: maximum change in local occup.    0.000309
   scf:   21    -3411.878363    -3411.878362    -3411.948121  0.000028 -2.658845  0.000389
     spin moment: {S} , |S| = {        0.0        0.0    4.14991 }     4.14991

SCF Convergence by DM+H criterion
max |DM_out - DM_in|         :     0.0000278400
max |H_out - H_in|      (eV) :     0.0003887496
DFT+U population converged by dTol_pop criteria:
max |pop(DFT+U)_i - pop(DFT+U)_j|:     0.0003094490
SCF cycle converged after 21 iterations

Using DM_out to compute the final energy and forces
No. of atoms with KB's overlaping orbs in proc 0. Max # of overlaps:       2      48
hubbard_term: recalculating local occupations   22
 hubbard_term: projector occupations
 hubbard_term: atom, species:            1           1
   1   1     0.97655     0.13836
   1   2     0.00000     0.00004
   1   3    -0.00000    -0.00002
   1   4     0.00000     0.00004
   1   5    -0.00000    -0.00000
   2   1     0.00000     0.00004
   2   2     0.97655     0.13836
   2   3     0.00000    -0.00001
   2   4    -0.00000    -0.00004
   2   5    -0.00000     0.00001
   3   1    -0.00000    -0.00002
   3   2     0.00000    -0.00001
   3   3     0.98556     0.00000
   3   4     0.00000    -0.00001
   3   5    -0.00000     0.00000
   4   1     0.00000     0.00004
   4   2    -0.00000    -0.00004
   4   3     0.00000    -0.00001
   4   4     0.97655     0.13836
   4   5     0.00000    -0.00001
   5   1    -0.00000    -0.00000
   5   2    -0.00000     0.00001
   5   3     0.00000     0.00000
   5   4     0.00000    -0.00001
   5   5     0.98556     0.00000
hubbard_term: Total projector shell
Occupations:     4.900759    0.415078    5.315837
hubbard_term: maximum change in local occup.    0.000309
hubbard_term: recalculating Hamiltonian and forces

siesta: E_KS(eV) =            -3411.8784

siesta: E_KS - E_eggbox =     -3411.8784

siesta: Atomic forces (eV/Ang):
     1   -0.000003   -0.000001   -0.000033
     2    0.000003    0.000001    0.000035
----------------------------------------
   Tot    0.000000    0.000000    0.000002
----------------------------------------
   Max    0.000035
   Res    0.000020    sqrt( Sum f_i^2 / 3N )
----------------------------------------
   Max    0.000035    constrained

Stress tensor Voigt[x,y,z,yz,xz,xy] (kbar):      -25.98      -25.98      -25.98        0.00        0.00        0.00
(Free)E + p*V (eV/cell)    -3411.5921
Target enthalpy (eV/cell)    -3411.9481

coxmol: Writing XMOL coordinates into file MnO_SCR_+0.05.xyz                                                                                                                                                                                                                   

siesta: Program's energy decomposition (eV):
siesta: Ebs     =      -556.727595
siesta: Eions   =      4996.250168
siesta: Ena     =       689.799470
siesta: Ekin    =      1807.200840
siesta: Enl     =      -254.881623
siesta: Eso     =         0.000000
siesta: Edftu   =         0.265792
siesta: DEna    =       -33.838102
siesta: DUscf   =         3.401603
siesta: DUext   =         0.000000
siesta: Ex      =      -579.000037
siesta: Ec      =       -48.576137
siesta: Exc     =      -627.576174
siesta: EbV     =         0.000000
siesta: eta*DQ  =         0.000000
siesta: Emadel  =         0.000000
siesta: Emeta   =         0.000000
siesta: Emolmec =         0.000000
siesta: Ekinion =         0.000000
siesta: Eharris =     -3411.878363
siesta: Etot    =     -3411.878362
siesta: FreeEng =     -3411.948121

siesta: Final energy (eV):
siesta:  Band Struct. =    -556.727595
siesta:       Kinetic =    1807.200840
siesta:       Hartree =     920.621785
siesta:         Edftu =       0.265792
siesta:       Eso     =       0.000000
siesta:    Ext. field =       0.000000
siesta:         Exch. =    -579.000037
siesta:         Corr. =     -48.576137
siesta:     Bulk bias =       0.000000
siesta:   Exch.-corr. =    -627.576174
siesta:  Ion-electron =   -3621.471939
siesta:       Ion-ion =   -1890.918666
siesta:       Ekinion =       0.000000
siesta: D3 dispersion =       0.000000
siesta:         Total =   -3411.878362
siesta:         Fermi =      -2.658845

siesta: Stress tensor (static) (eV/Ang**3):
siesta:    -0.016217    0.000002    0.000002
siesta:     0.000002   -0.016217    0.000002
siesta:     0.000002    0.000002   -0.016217

siesta: Cell volume =         21.956105 Ang**3

siesta: Pressure (static):
siesta:                Solid            Molecule  Units
siesta:           0.00017662          0.00017661  Ry/Bohr**3
siesta:           0.01621660          0.01621531  eV/Ang**3
siesta:          25.98185517         25.97979855  kBar

Basis Enthalpy Calculation:
    Basis Pressure for species 1(Mn) :      0.2000000 GPa
    Basis Pressure for species 2(O) :      0.2000000 GPa

    Orbital volume contribution        =           0.452694 eV
    (Free)E + p_basis*V_orbitals       =       -3411.495427 eV
    (Free)Eharris+ p_basis*V_orbitals  =       -3411.495428 eV
WARNING: BASIS_ENTHALPY and BASIS_HARRIS_ENTHALPY files are deprecated. They will be removed in future releases.
Please use system_label.BASIS_ENTHALPY in your scripts instead.

cite: Please indicate the Siesta version in published work: 5.4.2
cite: This calculation has made use of features in the following articles
cite: which we encourage you to cite in published work.
cite: (Please see "MnO_SCR_+0.05.bib" for a BibTeX file.)
        Primary SIESTA paper
          DOI: www.doi.org/10.1088/0953-8984/14/11/302
        LDA+U implementation
          DOI: www.doi.org/10.1103/PhysRevB.57.1505
        PSML pseudopotential format
          DOI: www.doi.org/10.1016/j.cpc.2018.02.011


timer: Elapsed wall time (sec) =       1.745
timer: CPU execution times (sec):

Routine            Calls   Time/call    Tot.time        %
siesta                 1       1.826       1.826    99.99
Setup                  1       0.318       0.318    17.39
bands                  1       0.000       0.000     0.00
KSV_init               1       0.000       0.000     0.00
IterGeom               1       1.497       1.497    81.94
geom_init              1       0.767       0.767    42.01
state_init             1       0.681       0.681    37.30
hsparse                1       0.004       0.004     0.23
overlap                1       0.001       0.001     0.07
Setup_H0               1       0.059       0.059     3.22
naefs                  2       0.000       0.000     0.01
dnaefs                 1       0.000       0.000     0.00
two-body               1       0.000       0.000     0.00
MolMec                 2       0.000       0.000     0.00
kinefsm                2       0.001       0.003     0.14
nlefsm                 2       0.002       0.003     0.18
DHSCF_Init             1       0.056       0.056     3.07
DHSCF1                 1       0.018       0.018     0.98
InitMesh               1       0.018       0.018     0.98
INITMESH               1       0.000       0.000     0.00
DHSCF2                 1       0.038       0.038     2.08
REMESH                 1       0.003       0.003     0.16
REORD                110       0.000       0.002     0.09
PHION                  1       0.026       0.026     1.42
COMM_BSC             188       0.000       0.002     0.11
POISON                24       0.000       0.007     0.37
fft                   48       0.000       0.003     0.16
setup_H               22       0.027       0.589    32.27
hubbard_term          23       0.005       0.123     6.76
DHSCF                 23       0.027       0.615    33.68
DHSCF3                23       0.022       0.497    27.23
rhoofd                23       0.010       0.234    12.79
XC                    23       0.003       0.062     3.41
GXC-CellXC            23       0.003       0.061     3.32
gridxc@cellXC         23       0.003       0.060     3.31
vmat                  23       0.008       0.187    10.24
IterSCF               21       0.027       0.573    31.39
compute_dm            21       0.000       0.005     0.27
diagon                21       0.000       0.005     0.26
r-eigvec              42       0.000       0.003     0.19
r-buildHS             42       0.000       0.000     0.01
rdiag                 42       0.000       0.003     0.17
rdiag1                42       0.000       0.000     0.01
rdiag2                42       0.000       0.000     0.02
rdiag3                42       0.000       0.002     0.08
rdiag4                42       0.000       0.000     0.02
r-buildD              21       0.000       0.001     0.03
MIXER                 20       0.000       0.001     0.04
PostSCF                1       0.155       0.155     8.47
FINAL_HF               1       0.155       0.155     8.47
DHSCF4                 1       0.118       0.118     6.44
dfscf                  1       0.106       0.106     5.78
overfsm                1       0.001       0.001     0.07
writeHSX               1       0.000       0.000     0.01
state_analysis         1       0.001       0.001     0.04
siesta_move            1       0.000       0.000     0.00
Analysis               1       0.001       0.001     0.07
optical                1       0.000       0.000     0.00
  

>> End of run:   4-AUG-2026  23:20:16
Job completed
