Executable      : /home/jmc/.local/siesta-5.4.2-serial/bin/siesta
Version         : 5.4.2
Architecture    : x86_64
Compiler version: GNU-13.3.0
Compiler flags  : -fallow-argument-mismatch -O3 -march=native
Parallelisations: none
DFT-D3 support

Runtime information:
* Directory : /tmp/siesta_run_MnO_BARE_-0.10
* Running in serial mode.
>> Start of run:   4-AUG-2026  23:20:36

                           *********************** 
                           *  WELCOME TO SIESTA  * 
                           *********************** 

 NOTE: Siesta V5 introduces some new defaults for basis-set generation
 NOTE: which might lead to slightly different numerical results.
 NOTE: Please see the manual for full details and compatibility measures.


reinit: Reading from standard input
reinit: Dumping input in INPUT_TMP.73873
************************** Dump of input data file ****************************
SystemName          Manganese Oxide (Rock-salt) Smoke Test
SystemLabel         MnO_BARE_-0.10
NumberOfAtoms       2
NumberOfSpecies     2
%block ChemicalSpeciesLabel
 1  25  Mn
 2   8  O
%endblock ChemicalSpeciesLabel
# Primitive cell of FCC Rock-salt (a = 4.445 Angstroms)
LatticeConstant     4.445 Ang
%block LatticeVectors
  0.0  0.5  0.5
  0.5  0.0  0.5
  0.5  0.5  0.0
%endblock LatticeVectors
# Atom coordinates (fractional)
AtomicCoordinatesFormat  Fractional
%block AtomicCoordinatesAndAtomicSpecies
 0.0  0.0  0.0   1   # Mn at origin
 0.5  0.5  0.5   2   # O at half diagonal
%endblock AtomicCoordinatesAndAtomicSpecies
# Hyper-lightweight parameters for smoke test
PAO.BasisSize       SZ         # Minimal basis (Single-Zeta) -> terrible physics, ultra fast
MeshCutoff          150 Ry     # Low cutoff -> fast
%block kgrid_Monkhorst_Pack
 1 0 0 0.0
 0 1 0 0.0
 0 0 1 0.0
%endblock kgrid_Monkhorst_Pack
# SCF settings
MaxSCFIterations    2
DM.MixingWeight     1.0
DM.NumberPulay      3
# Spin polarization (Antiferromagnetic-like guess for testing)
Spin                polarized
%block DM.InitSpin
 1 +5.0
 2  0.0
%endblock DM.InitSpin
# -------- HUBBARD U SETTINGS --------
# We define a U to force SIESTA to print the 'hubbard_term' blocks
DFTU.ProjectorGenerationMethod  1  # Use PAO orbitals
DFTU.PotentialShift true
# We output the XV and forces just to have them
WriteCoorXmol       true
WriteForces         true
%block DFTU.proj
  Mn   1
  3  2
  -0.1000  0.0000
  0.0000
%endblock DFTU.proj
# --- BARE RESPONSE OVERRIDES ---
DM.UseSaveDM true
************************** End of input data file *****************************

reinit: -----------------------------------------------------------------------
reinit: System Name: Manganese Oxide (Rock-salt) Smoke Test
reinit: -----------------------------------------------------------------------
reinit: System Label: MnO_BARE_-0.10
reinit: -----------------------------------------------------------------------

NOTE on units for spin output: 
{S} is the spin magnetic moment, in units of the Bohr magneton,
assuming a g-factor for the electron spin of exactly 2.
The spin magnetic moment is then numerically equal to the charge inbalance,
in units of electrons, between the spin-up and -down channels.


initatom: Reading input for the pseudopotentials and atomic orbitals ----------
Species number:   1 Atomic number:   25 Label: Mn
Species number:   2 Atomic number:    8 Label: O

Ground state valence configuration (from tables):   4s02  4p00  3d05  4f00
Ground state valence configuration (from tables):   2s02  2p04  3d00  4f00

---- Processing specs for species: Mn
Reading pseudopotential information in PSML from:
  Mn.psml
PSML file version: 1.1
Using libxc ids:  101 130
GGA--PBE XC_GGA_X_PBE--XC_GGA_C_PBE pb
PSML uuid: 124d3920-be63-11e7-41c0-f3027dc3db3e
Semicore shell(s) with  8 electrons included in the valence for Mn

---- Processing specs for species: O
Reading pseudopotential information in PSML from:
  O.psml
PSML file version: 1.1
Using libxc ids:  101 130
GGA--PBE XC_GGA_X_PBE--XC_GGA_C_PBE pb
PSML uuid: 66518360-be62-11e7-6a04-293bfbad3b21

---- Pseudopotential check for Mn

Pseudized shells:
3s( 2.00) rc: 1.11
3p( 6.00) rc: 1.11
3d( 5.00) rc: 1.36
Valence configuration for ps generation: 3s:3p:3d:4s: Total charge:  15.000000
Semicore shell(s): 3s 3p

---- Pseudopotential check for O 

Pseudized shells:
2s( 2.00) rc: 1.26
2p( 4.00) rc: 1.36
3d( 0.00) rc: 1.26
Valence configuration for ps generation: 2s:2p: Total charge:   6.000000
For Mn, standard SIESTA heuristics set lmxkb to 3
 (one more than the basis l, including polarization orbitals).
Use PS.lmax or PS.KBprojectors blocks to override.
For O, standard SIESTA heuristics set lmxkb to 2
 (one more than the basis l, including polarization orbitals).
Use PS.lmax or PS.KBprojectors blocks to override.
Mn pseudopotential only contains V_ls up to l=2 -- lmxkb reset.

<basis_specs>
===============================================================================
Mn                   Z=  25    Mass=  54.938        Charge= 0.17977+309
Lmxo=2 Lmxkb= 2    BasisType=split      Semic=T
L=0  Nsemic=1  Cnfigmx=4
          i=1  nzeta=1  polorb=0  (3s)  (semicore shell)
            splnorm:   0.15000    
               vcte:    40.000    
               rinn:  -0.90000    
               qcoe:    0.0000    
               qyuk:    0.0000    
               qwid:   0.10000E-01
                rcs:    0.0000    
            lambdas:    1.0000    
          i=2  nzeta=1  polorb=0  (4s)
            splnorm:   0.15000    
               vcte:    40.000    
               rinn:  -0.90000    
               qcoe:    0.0000    
               qyuk:    0.0000    
               qwid:   0.10000E-01
                rcs:    0.0000    
            lambdas:    1.0000    
L=1  Nsemic=1  Cnfigmx=4
          i=1  nzeta=1  polorb=0  (3p)  (semicore shell)
            splnorm:   0.15000    
               vcte:    40.000    
               rinn:  -0.90000    
               qcoe:    0.0000    
               qyuk:    0.0000    
               qwid:   0.10000E-01
                rcs:    0.0000    
            lambdas:    1.0000    
          i=2  nzeta=0  polorb=0  (4p)  (empty shell (??) )
L=2  Nsemic=0  Cnfigmx=3
          i=1  nzeta=1  polorb=0  (3d)
            splnorm:   0.15000    
               vcte:    40.000    
               rinn:  -0.90000    
               qcoe:    0.0000    
               qyuk:    0.0000    
               qwid:   0.10000E-01
                rcs:    0.0000    
            lambdas:    1.0000    
-------------------------------------------------------------------------------
L=0  Nkbl=2  erefs: 0.17977+309 0.17977+309
L=1  Nkbl=2  erefs: 0.17977+309 0.17977+309
L=2  Nkbl=1  erefs: 0.17977+309
-------------------------------------------------------------------------------
L=2  n=3
                  U:  -0.73499E-02
                  J:    0.0000    
               rinn:  -0.90000    
               vcte:    40.000    
             lambda:    1.0000    
              width:   0.50000    
                 rc:    0.0000    
            dnrm_rc:   0.90000    
===============================================================================
</basis_specs>

Using PAO.SplitTailNorm
atom: Called for Mn                    (Z =  25)
Maximum radius (at nrval) set to   50.00000 8518

read_vps: Pseudopotential generation method:
read_vps: ONCVPSP-3.Hamann's oncvpsp                        
Valence charge in pseudo generation:   15.00000

read_vps: Pseudopotential includes a core correction:
read_vps: Pseudo-core for xc-correction

xc_check: Exchange-correlation functional:
xc_check: Ceperley-Alder
xc_check: WARNING: Pseudopotential generated with GGA PBE functional
Got Vlocal (oncv-fit) from psml data
Choosing vlocal chloc cutoff:  5.072635
qtot up to nchloc:   14.99974639
atom: Maximum radius for chlocal:    5.07263
atom: Maximum radius for r*vlocal+2*Zval:    5.07263
Reading KB projs from Mn psml data
Using scalar-relativistic projectors in PSML file

PSML: Kleinman-Bylander projectors: 
   l= 0   rc=  1.126360   Ekb= 44.071529
   l= 0   rc=  1.126360   Ekb=  4.652397
   l= 1   rc=  1.126360   Ekb=  5.643412
   l= 1   rc=  1.126360   Ekb= -0.294693
   l= 2   rc=  1.379341   Ekb=-17.489238
   l= 2   rc=  1.379341   Ekb= -5.035197

PSML: Total number of  Kleinman-Bylander projectors:  18
atom: -------------------------------------------------------------------------

atom: SANKEY-TYPE ORBITALS:

SPLIT: Orbitals with angular momentum L= 0

SPLIT: Basis orbitals for state 3s

SPLIT: PAO cut-off radius determined from an
SPLIT: energy shift=  0.010000 Ry
Split based on tail norm

   izeta = 1
                 lambda =    1.000000
                     rc =    2.486350
                 energy =   -6.273890
                kinetic =    3.308741
    potential(screened) =   -9.582631
       potential(ionic) =  -33.845190

SPLIT: Basis orbitals for state 4s

SPLIT: PAO cut-off radius determined from an
SPLIT: energy shift=  0.010000 Ry
Split based on tail norm

   izeta = 1
                 lambda =    1.000000
                     rc =    6.968471
                 energy =   -0.389352
                kinetic =    0.928048
    potential(screened) =   -1.317400
       potential(ionic) =  -12.306816

SPLIT: Orbitals with angular momentum L= 1

SPLIT: Basis orbitals for state 3p

SPLIT: PAO cut-off radius determined from an
SPLIT: energy shift=  0.010000 Ry
Split based on tail norm

   izeta = 1
                 lambda =    1.000000
                     rc =    2.759952
                 energy =   -3.980321
                kinetic =    7.013586
    potential(screened) =  -10.993908
       potential(ionic) =  -34.700061

SPLIT: Orbitals with angular momentum L= 2

SPLIT: Basis orbitals for state 3d

SPLIT: PAO cut-off radius determined from an
SPLIT: energy shift=  0.010000 Ry
Split based on tail norm

   izeta = 1
                 lambda =    1.000000
                     rc =    4.351560
                 energy =   -0.481876
                kinetic =   10.410977
    potential(screened) =  -10.892853
       potential(ionic) =  -32.031382
atom: Total number of Sankey-type orbitals: 10

atm_pop: Valence configuration (for local Pseudopot. screening):
 3s( 2.00) 4s( 2.00)                                                  
 3p( 6.00) 4p( 0.00)                                                  
 3d( 5.00)                                                            
Vna: chval, zval:   15.00000  15.00000

Vna:  Cut-off radius for the neutral-atom potential:   6.968471
comcore: Pseudo-core radius Rcore=  2.112999

atom: _________________________________________________________________________
Maximum radius (at nrval) set to   50.00000 8518

dftu_proj_gen: PAO cut-off radius determined from an
dftu_proj_gen: energy shift =  0.050000 Ry
dftu_proj_gen: rco =  3.291515 Bohr

<basis_specs>
===============================================================================
O                    Z=   8    Mass=  15.999        Charge= 0.17977+309
Lmxo=1 Lmxkb= 2    BasisType=split      Semic=F
L=0  Nsemic=0  Cnfigmx=2
          i=1  nzeta=1  polorb=0  (2s)
            splnorm:   0.15000    
               vcte:    40.000    
               rinn:  -0.90000    
               qcoe:    0.0000    
               qyuk:    0.0000    
               qwid:   0.10000E-01
                rcs:    0.0000    
            lambdas:    1.0000    
L=1  Nsemic=0  Cnfigmx=2
          i=1  nzeta=1  polorb=0  (2p)
            splnorm:   0.15000    
               vcte:    40.000    
               rinn:  -0.90000    
               qcoe:    0.0000    
               qyuk:    0.0000    
               qwid:   0.10000E-01
                rcs:    0.0000    
            lambdas:    1.0000    
-------------------------------------------------------------------------------
L=0  Nkbl=1  erefs: 0.17977+309
L=1  Nkbl=1  erefs: 0.17977+309
L=2  Nkbl=1  erefs: 0.17977+309
===============================================================================
</basis_specs>

Using PAO.SplitTailNorm
atom: Called for O                     (Z =   8)
Maximum radius (at nrval) set to   50.00000 8518

read_vps: Pseudopotential generation method:
read_vps: ONCVPSP-3.Hamann's oncvpsp                        
Valence charge in pseudo generation:    6.00000

read_vps: Pseudopotential includes a core correction:
read_vps: Pseudo-core for xc-correction

xc_check: Exchange-correlation functional:
xc_check: Ceperley-Alder
xc_check: WARNING: Pseudopotential generated with GGA PBE functional
Got Vlocal (oncv-fit) from psml data
Choosing vlocal chloc cutoff:  6.020499
qtot up to nchloc:    6.00003129
atom: Maximum radius for chlocal:    6.02050
atom: Maximum radius for r*vlocal+2*Zval:    6.02050
Reading KB projs from O psml data
Using scalar-relativistic projectors in PSML file

PSML: Kleinman-Bylander projectors: 
   l= 0   rc=  1.277664   Ekb= 14.473397
   l= 0   rc=  1.277664   Ekb=  1.995377
   l= 1   rc=  1.372412   Ekb=-10.453761
   l= 1   rc=  1.372412   Ekb= -2.576064
   l= 2   rc=  1.277664   Ekb= -2.663910

PSML: Total number of  Kleinman-Bylander projectors:  13
atom: -------------------------------------------------------------------------

atom: SANKEY-TYPE ORBITALS:

SPLIT: Orbitals with angular momentum L= 0

SPLIT: Basis orbitals for state 2s

SPLIT: PAO cut-off radius determined from an
SPLIT: energy shift=  0.010000 Ry
Split based on tail norm

   izeta = 1
                 lambda =    1.000000
                     rc =    3.560943
                 energy =   -1.731627
                kinetic =    1.580617
    potential(screened) =   -3.312244
       potential(ionic) =  -11.211072

SPLIT: Orbitals with angular momentum L= 1

SPLIT: Basis orbitals for state 2p

SPLIT: PAO cut-off radius determined from an
SPLIT: energy shift=  0.010000 Ry
Split based on tail norm

   izeta = 1
                 lambda =    1.000000
                     rc =    4.342846
                 energy =   -0.639923
                kinetic =    4.614178
    potential(screened) =   -5.254101
       potential(ionic) =  -12.884616
atom: Total number of Sankey-type orbitals:  4

atm_pop: Valence configuration (for local Pseudopot. screening):
 2s( 2.00)                                                            
 2p( 4.00)                                                            
Vna: chval, zval:    6.00000   6.00000

Vna:  Cut-off radius for the neutral-atom potential:   4.342846
comcore: Pseudo-core radius Rcore=  1.340979

atom: _________________________________________________________________________

prinput: Basis input 

PAO.BasisType split     

%block ChemicalSpeciesLabel
    1   25 Mn                      # Species index, atomic number, species label
    2    8 O                       # Species index, atomic number, species label
%endblock ChemicalSpeciesLabel

%block PAO.Basis                 # Define Basis set
# WARNING: This information might be incomplete!
Mn                    4                    # Species label, number of l-shells
 n=3   0   1                         # n, l, Nzeta 
   2.486   
   1.000   
 n=4   0   1                         # n, l, Nzeta 
   6.968   
   1.000   
 n=3   1   1                         # n, l, Nzeta 
   2.760   
   1.000   
 n=3   2   1                         # n, l, Nzeta 
   4.352   
   1.000   
O                     2                    # Species label, number of l-shells
 n=2   0   1                         # n, l, Nzeta 
   3.561   
   1.000   
 n=2   1   1                         # n, l, Nzeta 
   4.343   
   1.000   
%endblock PAO.Basis

prinput: ----------------------------------------------------------------------

coor:   Atomic-coordinates input format  =     Fractional

siesta: Atomic coordinates (Bohr) and species
siesta:      0.00000   0.00000   0.00000  1        1
siesta:      4.19992   4.19992   4.19992  2        2

siesta: System type = bulk      

initatomlists: Number of atoms, orbitals, and projectors:      2    14    31

coxmol: Writing XMOL coordinates into file MnO_BARE_-0.10.xyz                                                                                                                                                                                                                  

siesta: ******************** Simulation parameters ****************************
siesta:
siesta: The following are some of the parameters of the simulation.
siesta: A complete list of the parameters used, including default values,
siesta: can be found in file out.fdf
siesta:
redata: Spin configuration                          = collinear
redata: Number of spin components                   = 2
redata: Time-Reversal Symmetry                      = T
redata: Spin spiral                                 = F
redata: Long output                                 =   F
redata: Number of Atomic Species                    =        2
redata: Charge density info will appear in .RHO file
redata: Write Mulliken charges (when)               = none
redata: Write Mulliken Pop.                         = NO
redata: Write Hirshfeld charges (when)              = none
redata: Write Voronoi charges (when)                = none
redata: Write spin charge (when)                    = scf
redata: Matel table size (NRTAB)                    =     1024
redata: Mesh Cutoff                                 =   150.0000 Ry
redata: Net charge of the system                    =     0.0000 |e|
redata: Min. number of SCF Iter                     =        0
redata: Max. number of SCF Iter                     =        2
redata: SCF convergence failure will abort job
redata: SCF mix quantity                            = Hamiltonian
redata: Mix DM or H after convergence               =   F
redata: Recompute H after scf cycle                 =   F
redata: Mix DM in first SCF step                    =   T
redata: Write Pulay info on disk                    =   F
redata: New DM Occupancy tolerance                  = 0.000000000001
redata: No kicks to SCF
redata: DM Mixing Weight for Kicks                  =     0.5000
redata: Require Harris convergence for SCF          =   F
redata: Harris energy tolerance for SCF             =     0.000100 eV
redata: Require DM convergence for SCF              =   T
redata: DM tolerance for SCF                        =     0.000100
redata: Require EDM convergence for SCF             =   F
redata: EDM tolerance for SCF                       =     0.001000 eV
redata: Require H convergence for SCF               =   T
redata: Hamiltonian tolerance for SCF               =     0.001000 eV
redata: Require (free) Energy convergence for SCF   =   F
redata: (free) Energy tolerance for SCF             =     0.000100 eV
redata: Antiferro initial spin density              =   F
redata: Using DFT-D3 dispersion                     =   F
redata: Using Saved Data (generic)                  =   F
redata: Use continuation files for DM               =   T
redata: Neglect nonoverlap interactions             =   F
redata: Method of Calculation                       = Diagonalization
redata: Electronic Temperature                      =   300.0000 K
redata: Fix the spin of the system                  =   F
redata: Max. number of TDED Iter                    =        1
redata: Number of TDED substeps                     =        3
redata: Dynamics option                             = Single-point calculation
mix.SCF: Pulay mixing                            = Pulay
mix.SCF:    Variant                              = stable
mix.SCF:    History steps                        = 3
mix.SCF:    Linear mixing weight                 =     1.000000
mix.SCF:    Mixing weight                        =     1.000000
mix.SCF:    SVD condition                        = 0.1000E-07
mix.SCF: Spin-component mixing                   all
redata: ***********************************************************************

%block SCF.Mixers
  Pulay
%endblock SCF.Mixers

%block SCF.Mixer.Pulay
  # Mixing method
  method pulay
  variant stable

  # Mixing options
  weight 1.0000
  weight.linear 1.0000
  history 3
%endblock SCF.Mixer.Pulay

DM_history_depth set to one: no extrapolation allowed by default for geometry relaxation
Size of DM history Fstack: 1
Total number of electrons:    21.000000
Total ionic charge:    21.000000
 Kpoints in:            1 . Kpoints trimmed:            1

siesta: k-grid: Number of k-points = 1
siesta: k-points from Monkhorst-Pack grid
siesta: k-cutoff (effective) =     1.572 Ang
siesta: k-point supercell and displacements
siesta: k-grid:     1     0     0      0.000
siesta: k-grid:     0     1     0      0.000
siesta: k-grid:     0     0     1      0.000

diag: Algorithm                                     = D&C
diag: Used triangular part                          = Lower
diag: Absolute tolerance                            =  0.100E-15
diag: Orthogonalization factor                      =  0.100E-05
diag: Memory factor                                 =  1.0000


ts: **************************************************************
ts: Save H and S matrices                           =    F
ts: Save TSHS files in MD/FC simulation             =    F
ts: Save DM and EDM matrices                        =    F
ts: Only save the overlap matrix S                  =    F
ts: **************************************************************

************************ Begin: TS CHECKS AND WARNINGS ************************
************************ End: TS CHECKS AND WARNINGS **************************


                     ====================================
                        Single-point calculation
                     ====================================

outcell: Unit cell vectors (Ang):
        0.000000    2.222500    2.222500
        2.222500    0.000000    2.222500
        2.222500    2.222500    0.000000

outcell: Cell vector modules (Ang)   :    3.143090    3.143090    3.143090
outcell: Cell angles (23,13,12) (deg):     60.0000     60.0000     60.0000
outcell: Cell volume (Ang**3)        :     21.9561
Gamma-point calculation with interaction between periodic images
Some features might not work optimally:
e.g. DM initialization from atomic data
<dSpData1D:S at geom step 0
  <sparsity:sparsity for geom step 0
    nrows_g=14 nrows=14 sparsity=1.0000 nnzs=196, refcount: 8>
  <dData1D:(new from dSpData1D) n=196, refcount: 1>
refcount: 1>
new_DM -- step:     1
Initializing Density Matrix...

Attempting to read DM from file... Succeeded...
DM from file:
<dSpData2D:IO-DM: MnO_BARE_-0.10.DM
  <sparsity:IO-DM: MnO_BARE_-0.10.DM
    nrows_g=14 nrows=14 sparsity=1.0000 nnzs=196, refcount: 1>
  <dData2D:(new from dSpData2D) n=196 m=2, refcount: 1>
refcount: 1>
DM to be used:
<dSpData2D:Re-structured SpM
  <sparsity:sparsity for geom step 0
    nrows_g=14 nrows=14 sparsity=1.0000 nnzs=196, refcount: 9>
  <dData2D:(new in restruct) n=196 m=2, refcount: 1>
refcount: 1>
No. of atoms with KB's overlaping orbs in proc 0. Max # of overlaps:       2      48

InitMesh: MESH = 20 x 20 x 20 = 8000
InitMesh: Mesh cutoff (required, used) =   150.000   167.857 Ry
New grid distribution [1]: sub = 2
hubbard_term: recalculating local occupations    1
 hubbard_term: projector occupations
 hubbard_term: atom, species:            1           1
   1   1     0.97655     0.14096
   1   2     0.00000     0.00004
   1   3    -0.00000    -0.00002
   1   4     0.00000     0.00004
   1   5    -0.00000     0.00000
   2   1     0.00000     0.00004
   2   2     0.97655     0.14096
   2   3     0.00000    -0.00001
   2   4    -0.00000    -0.00004
   2   5     0.00000     0.00001
   3   1    -0.00000    -0.00002
   3   2     0.00000    -0.00001
   3   3     0.98556     0.00000
   3   4     0.00000    -0.00001
   3   5    -0.00000     0.00000
   4   1     0.00000     0.00004
   4   2    -0.00000    -0.00004
   4   3     0.00000    -0.00001
   4   4     0.97655     0.14096
   4   5    -0.00000    -0.00001
   5   1    -0.00000     0.00000
   5   2     0.00000     0.00001
   5   3    -0.00000    -0.00000
   5   4    -0.00000    -0.00001
   5   5     0.98556     0.00000
hubbard_term: Total projector shell
Occupations:     4.900759    0.422893    5.323652
hubbard_term: maximum change in local occup.    0.985557
hubbard_term: recalculating Hamiltonian

stepf: Fermi-Dirac step function
hubbard_term: recalculating local occupations    1
 hubbard_term: projector occupations
 hubbard_term: atom, species:            1           1
   1   1     0.97655     0.54446
   1   2     0.00000     0.00008
   1   3    -0.00000    -0.00007
   1   4     0.00000     0.00008
   1   5    -0.00000     0.00000
   2   1     0.00000     0.00008
   2   2     0.97655     0.54446
   2   3     0.00000    -0.00003
   2   4    -0.00000    -0.00008
   2   5     0.00000     0.00006
   3   1    -0.00000    -0.00007
   3   2     0.00000    -0.00003
   3   3     0.98556     0.00000
   3   4     0.00000    -0.00003
   3   5     0.00000    -0.00000
   4   1     0.00000     0.00008
   4   2    -0.00000    -0.00008
   4   3     0.00000    -0.00003
   4   4     0.97655     0.54446
   4   5    -0.00000    -0.00006
   5   1    -0.00000     0.00000
   5   2     0.00000     0.00006
   5   3     0.00000    -0.00000
   5   4     0.00000    -0.00006
   5   5     0.98556     0.00000
hubbard_term: Total projector shell
Occupations:     4.900759    1.633370    6.534129
hubbard_term: maximum change in local occup.    0.403493
hubbard_term: recalculating Hamiltonian

siesta: Program's energy decomposition (eV):
siesta: Ebs     =      -428.865260
siesta: Eions   =      4996.250168
siesta: Ena     =       689.799470
siesta: Ekin    =      1898.715685
siesta: Enl     =      -273.946099
siesta: Eso     =         0.000000
siesta: Edftu   =        -0.653413
siesta: DEna    =       -91.582113
siesta: DUscf   =         9.682037
siesta: DUext   =         0.000000
siesta: Ex      =      -586.782602
siesta: Ec      =       -49.031616
siesta: Exc     =      -635.814218
siesta: EbV     =         0.000000
siesta: eta*DQ  =         0.000000
siesta: Emadel  =         0.000000
siesta: Emeta   =         0.000000
siesta: Emolmec =         0.000000
siesta: Ekinion =         0.000000
siesta: Eharris =     -3374.838768
siesta: Etot    =     -3400.048818
siesta: FreeEng =     -3400.155969

        iscf     Eharris(eV)        E_KS(eV)     FreeEng(eV)     dDmax    Ef(eV) dHmax(eV)
   scf:    1    -3374.838768    -3400.048818    -3400.155969  0.419558 -2.710802 15.638081
     spin moment: {S} , |S| = {        0.0        0.0    1.65481 }     1.65481
timer: Routine,Calls,Time,% = IterSCF        1       0.028   2.29
hubbard_term: recalculating local occupations    2
 hubbard_term: projector occupations
 hubbard_term: atom, species:            1           1
   1   1     0.84676     0.00000
   1   2    -0.00025    -0.00000
   1   3    -0.00108    -0.00000
   1   4    -0.00025    -0.00000
   1   5     0.00000     0.00000
   2   1    -0.00025    -0.00000
   2   2     0.84678     0.00000
   2   3    -0.00054     0.00000
   2   4     0.00025     0.00000
   2   5     0.00094    -0.00000
   3   1    -0.00108    -0.00000
   3   2    -0.00054     0.00000
   3   3     0.19646     0.00000
   3   4    -0.00054     0.00000
   3   5    -0.00000    -0.00000
   4   1    -0.00025    -0.00000
   4   2     0.00025     0.00000
   4   3    -0.00054     0.00000
   4   4     0.84678     0.00000
   4   5    -0.00094     0.00000
   5   1     0.00000     0.00000
   5   2     0.00094    -0.00000
   5   3    -0.00000    -0.00000
   5   4    -0.00094     0.00000
   5   5     0.19646     0.00000
hubbard_term: Total projector shell
Occupations:     2.933236    0.000000    2.933236
hubbard_term: maximum change in local occup.    0.789097
hubbard_term: recalculating Hamiltonian
   scf:    2    -3265.759257    -3374.749676    -3374.805891  1.078812  5.625780 41.563164
     spin moment: {S} , |S| = {        0.0        0.0    3.00000 }     3.00000
SCF_NOT_CONV: SCF did not converge in maximum number of steps (required).
Geom step, scf iteration, dDmax, dHmax:    0     2      1.078812     3.054836

timer: Elapsed wall time (sec) =       1.190
timer: CPU execution times (sec):

Routine            Calls   Time/call    Tot.time        %
siesta                 1       1.270       1.270    99.99
Setup                  1       0.337       0.337    26.55
bands                  1       0.000       0.000     0.00
KSV_init               1       0.000       0.000     0.00
IterGeom               1       0.933       0.933    73.44
geom_init              1       0.876       0.876    68.98
state_init             1       0.780       0.780    61.40
hsparse                1       0.004       0.004     0.34
overlap                1       0.001       0.001     0.10
Setup_H0               1       0.067       0.067     5.30
naefs                  1       0.000       0.000     0.01
dnaefs                 1       0.000       0.000     0.01
two-body               1       0.000       0.000     0.00
MolMec                 1       0.000       0.000     0.00
kinefsm                1       0.001       0.001     0.10
nlefsm                 1       0.002       0.002     0.12
DHSCF_Init             1       0.064       0.064     5.06
DHSCF1                 1       0.020       0.020     1.54
InitMesh               1       0.019       0.019     1.53
INITMESH               1       0.000       0.000     0.00
DHSCF2                 1       0.045       0.045     3.51
REMESH                 1       0.003       0.003     0.25
REORD                 15       0.000       0.000     0.02
PHION                  1       0.030       0.030     2.35
COMM_BSC              25       0.000       0.000     0.02
POISON                 4       0.000       0.001     0.11
fft                    8       0.000       0.000     0.04
setup_H                3       0.028       0.084     6.57
hubbard_term           3       0.006       0.018     1.45
DHSCF                  3       0.022       0.065     5.12
DHSCF3                 3       0.022       0.065     5.12
rhoofd                 3       0.011       0.032     2.48
XC                     3       0.003       0.009     0.68
GXC-CellXC             3       0.003       0.008     0.62
gridxc@cellXC          3       0.003       0.008     0.62
vmat                   3       0.008       0.023     1.80
IterSCF                2       0.028       0.056     4.44
compute_dm             2       0.001       0.001     0.10
diagon                 2       0.001       0.001     0.10
r-eigvec               4       0.000       0.001     0.08
r-buildHS              4       0.000       0.000     0.00
rdiag                  4       0.000       0.001     0.07
rdiag1                 4       0.000       0.000     0.01
rdiag2                 4       0.000       0.000     0.01
rdiag3                 4       0.000       0.000     0.04
rdiag4                 4       0.000       0.000     0.01
r-buildD               2       0.000       0.000     0.00
MIXER                  2       0.000       0.000     0.00
  
ABNORMAL_TERMINATION
Stopping Program from Node:    0
