Executable      : /home/jmc/.local/siesta-5.4.2-openmpi/bin/siesta
Version         : 5.4.2
Architecture    : x86_64
Compiler version: GNU-13.3.0
Compiler flags  : -fallow-argument-mismatch -O3 -march=native
Parallelisations: MPI
Lua support
ELSI support. Solvers:
   ELPA (internal) 
   NTPoly
   OMM
DFT-D3 support

Runtime information:
* Directory : /tmp/siesta_run_FeO_SCR_-0.02
* Running on 4 nodes in parallel.
>> Start of run:   4-AUG-2026  23:41:16

                           *********************** 
                           *  WELCOME TO SIESTA  * 
                           *********************** 

 NOTE: Siesta V5 introduces some new defaults for basis-set generation
 NOTE: which might lead to slightly different numerical results.
 NOTE: Please see the manual for full details and compatibility measures.


reinit: Reading from standard input
reinit: Dumping input in INPUT_TMP.18182
************************** Dump of input data file ****************************
SystemName          Iron Oxide (Rock-salt)
SystemLabel         FeO_SCR_-0.02
NumberOfAtoms       2
NumberOfSpecies     2
%block ChemicalSpeciesLabel
 1  26  Fe
 2   8  O
%endblock ChemicalSpeciesLabel
# Primitive cell of FCC Rock-salt (a = 4.33 Angstroms)
LatticeConstant     4.33 Ang
%block LatticeVectors
  0.0  0.5  0.5
  0.5  0.0  0.5
  0.5  0.5  0.0
%endblock LatticeVectors
# Atom coordinates (fractional)
AtomicCoordinatesFormat  Fractional
%block AtomicCoordinatesAndAtomicSpecies
 0.0  0.0  0.0   1   # Fe at origin
 0.5  0.5  0.5   2   # O at half diagonal
%endblock AtomicCoordinatesAndAtomicSpecies
# Hyper-lightweight parameters for campaign
PAO.BasisSize       DZP        # Double-Zeta Polarization basis for realistic screening
MeshCutoff          150 Ry
%block kgrid_Monkhorst_Pack
 2 0 0 0.0
 0 2 0 0.0
 0 0 2 0.0
%endblock kgrid_Monkhorst_Pack
# SCF settings
MaxSCFIterations    50
DM.MixingWeight     0.1
DM.NumberPulay      3
# Spin polarization
Spin                polarized
%block DM.InitSpin
 1 +4.0
 2  0.0
%endblock DM.InitSpin
# -------- HUBBARD U SETTINGS --------
DFTU.ProjectorGenerationMethod  1  # Use PAO orbitals
DFTU.PotentialShift true
# Output controls
WriteCoorXmol       true
WriteForces         true
WriteDM             true
%block DFTU.proj
  Fe   1
  3  2
  -0.0200  0.0000
  0.0000
%endblock DFTU.proj
DM.UseSaveDM true
************************** End of input data file *****************************

reinit: -----------------------------------------------------------------------
reinit: System Name: Iron Oxide (Rock-salt
reinit: -----------------------------------------------------------------------
reinit: System Label: FeO_SCR_-0.02
reinit: -----------------------------------------------------------------------

NOTE on units for spin output: 
{S} is the spin magnetic moment, in units of the Bohr magneton,
assuming a g-factor for the electron spin of exactly 2.
The spin magnetic moment is then numerically equal to the charge inbalance,
in units of electrons, between the spin-up and -down channels.


initatom: Reading input for the pseudopotentials and atomic orbitals ----------
Species number:   1 Atomic number:   26 Label: Fe
Species number:   2 Atomic number:    8 Label: O

Ground state valence configuration (from tables):   4s02  4p00  3d06  4f00
Ground state valence configuration (from tables):   2s02  2p04  3d00  4f00

---- Processing specs for species: Fe
Reading pseudopotential information in PSML from:
  Fe.psml
PSML file version: 1.1
Using libxc ids:  101 130
GGA--PBE XC_GGA_X_PBE--XC_GGA_C_PBE pb
PSML uuid: ee8b0790-be41-11e7-6637-6f78df7df373
Semicore shell(s) with  8 electrons included in the valence for Fe

---- Processing specs for species: O
Reading pseudopotential information in PSML from:
  O.psml
PSML file version: 1.1
Using libxc ids:  101 130
GGA--PBE XC_GGA_X_PBE--XC_GGA_C_PBE pb
PSML uuid: 3cff85a0-be41-11e7-6c5c-1b1fe64d18ef

---- Pseudopotential check for Fe

Pseudized shells:
3s( 2.00) rc: 1.26
3p( 6.00) rc: 1.21
3d( 6.00) rc: 1.57
Valence configuration for ps generation: 3s:3p:3d:4s: Total charge:  16.000000
Semicore shell(s): 3s 3p
Fallback to non-perturbative polarization scheme for Fe
Please see the manual if this is not desired in principle

---- Pseudopotential check for O 

Pseudized shells:
2s( 2.00) rc: 1.36
2p( 4.00) rc: 1.46
3d( 0.00) rc: 1.26
Valence configuration for ps generation: 2s:2p: Total charge:   6.000000
For Fe, standard SIESTA heuristics set lmxkb to 3
 (one more than the basis l, including polarization orbitals).
Use PS.lmax or PS.KBprojectors blocks to override.
For O, standard SIESTA heuristics set lmxkb to 3
 (one more than the basis l, including polarization orbitals).
Use PS.lmax or PS.KBprojectors blocks to override.
Fe pseudopotential only contains V_ls up to l=2 -- lmxkb reset.
O pseudopotential only contains V_ls up to l=2 -- lmxkb reset.

<basis_specs>
===============================================================================
Fe                   Z=  26    Mass=  55.845        Charge= 0.17977+309
Lmxo=2 Lmxkb= 2    BasisType=split      Semic=T
L=0  Nsemic=1  Cnfigmx=4
          i=1  nzeta=1  polorb=0  (3s)  (semicore shell)
            splnorm:   0.15000    
               vcte:    40.000    
               rinn:  -0.90000    
               qcoe:    0.0000    
               qyuk:    0.0000    
               qwid:   0.10000E-01
                rcs:    0.0000    
            lambdas:    1.0000    
          i=2  nzeta=2  polorb=0  (4s)  (to be polarized non-perturbatively)
            splnorm:   0.15000    
               vcte:    40.000    
               rinn:  -0.90000    
               qcoe:    0.0000    
               qyuk:    0.0000    
               qwid:   0.10000E-01
                rcs:    0.0000      0.0000    
            lambdas:    1.0000      1.0000    
L=1  Nsemic=1  Cnfigmx=4
          i=1  nzeta=1  polorb=0  (3p)  (semicore shell)
            splnorm:   0.15000    
               vcte:    40.000    
               rinn:  -0.90000    
               qcoe:    0.0000    
               qyuk:    0.0000    
               qwid:   0.10000E-01
                rcs:    0.0000    
            lambdas:    1.0000    
          i=2  nzeta=1  polorb=0  (4p)  (non-perturbative polarization shell)
            splnorm:   0.15000    
               vcte:    40.000    
               rinn:  -0.90000    
               qcoe:    0.0000    
               qyuk:    0.0000    
               qwid:   0.10000E-01
                rcs:    0.0000    
            lambdas:    1.0000    
L=2  Nsemic=0  Cnfigmx=3
          i=1  nzeta=2  polorb=0  (3d)
            splnorm:   0.15000    
               vcte:    40.000    
               rinn:  -0.90000    
               qcoe:    0.0000    
               qyuk:    0.0000    
               qwid:   0.10000E-01
                rcs:    0.0000      0.0000    
            lambdas:    1.0000      1.0000    
-------------------------------------------------------------------------------
L=0  Nkbl=2  erefs: 0.17977+309 0.17977+309
L=1  Nkbl=2  erefs: 0.17977+309 0.17977+309
L=2  Nkbl=1  erefs: 0.17977+309
-------------------------------------------------------------------------------
L=2  n=3
                  U:  -0.14700E-02
                  J:    0.0000    
               rinn:  -0.90000    
               vcte:    40.000    
             lambda:    1.0000    
              width:   0.50000    
                 rc:    0.0000    
            dnrm_rc:   0.90000    
===============================================================================
</basis_specs>

Using PAO.SplitTailNorm
atom: Called for Fe                    (Z =  26)
Maximum radius (at nrval) set to   50.00000 8518

read_vps: Pseudopotential generation method:
read_vps: ONCVPSP-3.Hamann's oncvpsp                        
Valence charge in pseudo generation:   16.00000

read_vps: Pseudopotential includes a core correction:
read_vps: Pseudo-core for xc-correction

xc_check: Exchange-correlation functional:
xc_check: Ceperley-Alder
xc_check: WARNING: Pseudopotential generated with GGA PBE functional
Got Vlocal (oncv-fit) from psml data
Choosing vlocal chloc cutoff:  5.306578
qtot up to nchloc:   15.99792198
atom: Maximum radius for chlocal:    5.30658
atom: Maximum radius for r*vlocal+2*Zval:    5.30658
Reading KB projs from Fe psml data
Using scalar-relativistic projectors in PSML file

PSML: Kleinman-Bylander projectors: 
   l= 0   rc=  1.280242   Ekb= 20.331577
   l= 0   rc=  1.280242   Ekb=  2.929230
   l= 1   rc=  1.221004   Ekb=  3.208260
   l= 1   rc=  1.221004   Ekb= -0.973851
   l= 2   rc=  1.586526   Ekb=-11.015830
   l= 2   rc=  1.586526   Ekb= -4.066696

PSML: Total number of  Kleinman-Bylander projectors:  18
atom: -------------------------------------------------------------------------

atom: SANKEY-TYPE ORBITALS:
atom: Selected multiple-zeta basis: split     

SPLIT: Orbitals with angular momentum L= 0

SPLIT: Basis orbitals for state 3s

SPLIT: PAO cut-off radius determined from an
SPLIT: energy shift=  0.010000 Ry
Split based on tail norm

   izeta = 1
                 lambda =    1.000000
                     rc =    2.388467
                 energy =   -6.866522
                kinetic =    3.196676
    potential(screened) =  -10.063198
       potential(ionic) =  -37.512397

SPLIT: Basis orbitals for state 4s

SPLIT: PAO cut-off radius determined from an
SPLIT: energy shift=  0.010000 Ry
Split based on tail norm

   izeta = 1
                 lambda =    1.000000
                     rc =    6.509709
                 energy =   -0.457831
                kinetic =    1.216013
    potential(screened) =   -1.673843
       potential(ionic) =  -14.770025

   izeta = 2
                 rmatch =    4.757537
              splitnorm =    0.150000
                 energy =   -0.297257
                kinetic =    2.250056
    potential(screened) =   -2.547313
       potential(ionic) =  -18.402270

SPLIT: Orbitals with angular momentum L= 1

SPLIT: Basis orbitals for state 3p

SPLIT: PAO cut-off radius determined from an
SPLIT: energy shift=  0.010000 Ry
Split based on tail norm

   izeta = 1
                 lambda =    1.000000
                     rc =    2.651340
                 energy =   -4.373650
                kinetic =    7.805019
    potential(screened) =  -12.178669
       potential(ionic) =  -38.832447

SPLIT: Basis orbitals for state 4p
SPLIT: Non-perturbative polarization orbs for state 4s
SPLIT: rc(1st zeta) (re)set to: 6.5097 (expansion factor: 1.0000)
Split based on tail norm

   izeta = 1
                 lambda =    1.000000
                     rc =    6.509709
                 energy =   -0.034161
                kinetic =    1.127792
    potential(screened) =   -1.161952
       potential(ionic) =  -11.740074

SPLIT: Orbitals with angular momentum L= 2

SPLIT: Basis orbitals for state 3d

SPLIT: PAO cut-off radius determined from an
SPLIT: energy shift=  0.010000 Ry
Split based on tail norm

   izeta = 1
                 lambda =    1.000000
                     rc =    4.155473
                 energy =   -0.530629
                kinetic =   10.116657
    potential(screened) =  -10.647285
       potential(ionic) =  -34.073566

   izeta = 2
                 rmatch =    2.616967
              splitnorm =    0.150000
                 energy =   -0.358632
                kinetic =   12.465235
    potential(screened) =  -12.823867
       potential(ionic) =  -38.109993
atom: Total number of Sankey-type orbitals: 19

atm_pop: Valence configuration (for local Pseudopot. screening):
 3s( 2.00) 4s( 2.00)                                                  
 3p( 6.00) 4p( 0.00)                                                  
 3d( 6.00)                                                            
Vna: chval, zval:   16.00000  16.00000

Vna:  Cut-off radius for the neutral-atom potential:   6.509709
comcore: Pseudo-core radius Rcore=  1.729904

atom: _________________________________________________________________________
Maximum radius (at nrval) set to   50.00000 8518

dftu_proj_gen: PAO cut-off radius determined from an
dftu_proj_gen: energy shift =  0.050000 Ry
dftu_proj_gen: rco =  3.152513 Bohr

<basis_specs>
===============================================================================
O                    Z=   8    Mass=  15.999        Charge= 0.17977+309
Lmxo=2 Lmxkb= 2    BasisType=split      Semic=F
L=0  Nsemic=0  Cnfigmx=2
          i=1  nzeta=2  polorb=0  (2s)
            splnorm:   0.15000    
               vcte:    40.000    
               rinn:  -0.90000    
               qcoe:    0.0000    
               qyuk:    0.0000    
               qwid:   0.10000E-01
                rcs:    0.0000      0.0000    
            lambdas:    1.0000      1.0000    
L=1  Nsemic=0  Cnfigmx=2
          i=1  nzeta=2  polorb=1  (2p)  (to be polarized perturbatively)
            splnorm:   0.15000    
               vcte:    40.000    
               rinn:  -0.90000    
               qcoe:    0.0000    
               qyuk:    0.0000    
               qwid:   0.10000E-01
                rcs:    0.0000      0.0000    
            lambdas:    1.0000      1.0000    
L=2  Nsemic=0  Cnfigmx=3
          i=1  nzeta=0  polorb=0  (3d)  (perturbative polarization orbital) (from 2p)
-------------------------------------------------------------------------------
L=0  Nkbl=1  erefs: 0.17977+309
L=1  Nkbl=1  erefs: 0.17977+309
L=2  Nkbl=1  erefs: 0.17977+309
===============================================================================
</basis_specs>

Using PAO.SplitTailNorm
atom: Called for O                     (Z =   8)
Maximum radius (at nrval) set to   50.00000 8518

read_vps: Pseudopotential generation method:
read_vps: ONCVPSP-3.Hamann's oncvpsp                        
Valence charge in pseudo generation:    6.00000

read_vps: Pseudopotential includes a core correction:
read_vps: Pseudo-core for xc-correction

xc_check: Exchange-correlation functional:
xc_check: Ceperley-Alder
xc_check: WARNING: Pseudopotential generated with GGA PBE functional
Got Vlocal (oncv-fit) from psml data
Choosing vlocal chloc cutoff:  6.020499
qtot up to nchloc:    6.00001015
atom: Maximum radius for chlocal:    6.02050
atom: Maximum radius for r*vlocal+2*Zval:    6.02050
Reading KB projs from O psml data
Using scalar-relativistic projectors in PSML file

PSML: Kleinman-Bylander projectors: 
   l= 0   rc=  1.372412   Ekb= 12.113471
   l= 0   rc=  1.372412   Ekb=  1.648048
   l= 1   rc=  1.474132   Ekb= -9.434259
   l= 1   rc=  1.474132   Ekb= -2.298541
   l= 2   rc=  1.277664   Ekb= -2.663910

PSML: Total number of  Kleinman-Bylander projectors:  13
atom: -------------------------------------------------------------------------

atom: SANKEY-TYPE ORBITALS:
atom: Selected multiple-zeta basis: split     

SPLIT: Orbitals with angular momentum L= 0

SPLIT: Basis orbitals for state 2s

SPLIT: PAO cut-off radius determined from an
SPLIT: energy shift=  0.010000 Ry
Split based on tail norm

   izeta = 1
                 lambda =    1.000000
                     rc =    3.560943
                 energy =   -1.731027
                kinetic =    1.569048
    potential(screened) =   -3.300075
       potential(ionic) =  -11.198803

   izeta = 2
                 rmatch =    2.317582
              splitnorm =    0.150000
                 energy =   -1.324459
                kinetic =    2.685332
    potential(screened) =   -4.009791
       potential(ionic) =  -12.639937

SPLIT: Orbitals with angular momentum L= 1

SPLIT: Basis orbitals for state 2p

SPLIT: PAO cut-off radius determined from an
SPLIT: energy shift=  0.010000 Ry
Split based on tail norm

   izeta = 1
                 lambda =    1.000000
                     rc =    4.342846
                 energy =   -0.639326
                kinetic =    4.540424
    potential(screened) =   -5.179750
       potential(ionic) =  -12.795361

   izeta = 2
                 rmatch =    2.818736
              splitnorm =    0.150000
                 energy =   -0.444642
                kinetic =    6.363065
    potential(screened) =   -6.807707
       potential(ionic) =  -15.196141

POLgen: Perturbative polarization orbital with L=  2

POLgen: Polarization orbital for state 2p
Split based on tail norm

   izeta = 1
                     rc =    4.342846
                 energy =    2.165836
                kinetic =    4.041938
    potential(screened) =   -1.876102
       potential(ionic) =   -7.921587
atom: Total number of Sankey-type orbitals: 13

atm_pop: Valence configuration (for local Pseudopot. screening):
 2s( 2.00)                                                            
 2p( 4.00)                                                            
 3d( 0.00)                                                            
Vna: chval, zval:    6.00000   6.00000

Vna:  Cut-off radius for the neutral-atom potential:   4.342846
comcore: Pseudo-core radius Rcore=  1.354557

atom: _________________________________________________________________________

prinput: Basis input 

PAO.BasisType split     

%block ChemicalSpeciesLabel
    1   26 Fe                      # Species index, atomic number, species label
    2    8 O                       # Species index, atomic number, species label
%endblock ChemicalSpeciesLabel

%block PAO.Basis                 # Define Basis set
# WARNING: This information might be incomplete!
Fe                    5                    # Species label, number of l-shells
 n=3   0   1                         # n, l, Nzeta 
   2.388   
   1.000   
 n=4   0   2                         # n, l, Nzeta 
   6.510      4.758   
   1.000      1.000   
 n=3   1   1                         # n, l, Nzeta 
   2.651   
   1.000   
 n=4   1   1                         # n, l, Nzeta 
   6.510   
   1.000   
 n=3   2   2                         # n, l, Nzeta 
   4.155      2.617   
   1.000      1.000   
O                     2                    # Species label, number of l-shells
 n=2   0   2                         # n, l, Nzeta 
   3.561      2.318   
   1.000      1.000   
 n=2   1   2 P   1                   # n, l, Nzeta, Polarization, NzetaPol
   4.343      2.819   
   1.000      1.000   
%endblock PAO.Basis

prinput: ----------------------------------------------------------------------

coor:   Atomic-coordinates input format  =     Fractional

siesta: Atomic coordinates (Bohr) and species
siesta:      0.00000   0.00000   0.00000  1        1
siesta:      4.09126   4.09126   4.09126  2        2

siesta: System type = bulk      

initatomlists: Number of atoms, orbitals, and projectors:      2    32    31

coxmol: Writing XMOL coordinates into file FeO_SCR_-0.02.xyz                                                                                                                                                                                                                   

siesta: ******************** Simulation parameters ****************************
siesta:
siesta: The following are some of the parameters of the simulation.
siesta: A complete list of the parameters used, including default values,
siesta: can be found in file out.fdf
siesta:
redata: Spin configuration                          = collinear
redata: Number of spin components                   = 2
redata: Time-Reversal Symmetry                      = T
redata: Spin spiral                                 = F
redata: Long output                                 =   F
redata: Number of Atomic Species                    =        2
redata: Charge density info will appear in .RHO file
redata: Write Mulliken charges (when)               = none
redata: Write Mulliken Pop.                         = NO
redata: Write Hirshfeld charges (when)              = none
redata: Write Voronoi charges (when)                = none
redata: Write spin charge (when)                    = scf
redata: Matel table size (NRTAB)                    =     1024
redata: Mesh Cutoff                                 =   150.0000 Ry
redata: Net charge of the system                    =     0.0000 |e|
redata: Min. number of SCF Iter                     =        0
redata: Max. number of SCF Iter                     =       50
redata: SCF convergence failure will abort job
redata: SCF mix quantity                            = Hamiltonian
redata: Mix DM or H after convergence               =   F
redata: Recompute H after scf cycle                 =   F
redata: Mix DM in first SCF step                    =   T
redata: Write Pulay info on disk                    =   F
redata: New DM Occupancy tolerance                  = 0.000000000001
redata: No kicks to SCF
redata: DM Mixing Weight for Kicks                  =     0.5000
redata: Require Harris convergence for SCF          =   F
redata: Harris energy tolerance for SCF             =     0.000100 eV
redata: Require DM convergence for SCF              =   T
redata: DM tolerance for SCF                        =     0.000100
redata: Require EDM convergence for SCF             =   F
redata: EDM tolerance for SCF                       =     0.001000 eV
redata: Require H convergence for SCF               =   T
redata: Hamiltonian tolerance for SCF               =     0.001000 eV
redata: Require (free) Energy convergence for SCF   =   F
redata: (free) Energy tolerance for SCF             =     0.000100 eV
redata: Antiferro initial spin density              =   F
redata: Using DFT-D3 dispersion                     =   F
redata: Using Saved Data (generic)                  =   F
redata: Use continuation files for DM               =   T
redata: Neglect nonoverlap interactions             =   F
redata: Method of Calculation                       = Diagonalization
redata: Electronic Temperature                      =   300.0000 K
redata: Fix the spin of the system                  =   F
redata: Max. number of TDED Iter                    =        1
redata: Number of TDED substeps                     =        3
redata: Dynamics option                             = Single-point calculation
mix.SCF: Pulay mixing                            = Pulay
mix.SCF:    Variant                              = stable
mix.SCF:    History steps                        = 3
mix.SCF:    Linear mixing weight                 =     0.100000
mix.SCF:    Mixing weight                        =     0.100000
mix.SCF:    SVD condition                        = 0.1000E-07
mix.SCF: Spin-component mixing                   all
redata: ***********************************************************************

%block SCF.Mixers
  Pulay
%endblock SCF.Mixers

%block SCF.Mixer.Pulay
  # Mixing method
  method pulay
  variant stable

  # Mixing options
  weight 0.1000
  weight.linear 0.1000
  history 3
%endblock SCF.Mixer.Pulay

DM_history_depth set to one: no extrapolation allowed by default for geometry relaxation
Size of DM history Fstack: 1
Total number of electrons:    22.000000
Total ionic charge:    22.000000

* ProcessorY, Blocksize:    2   9


* Orbital distribution balance (max,min):     9     5

k-point displ. along   1 input, could be:     0.00    0.50
k-point displ. along   2 input, could be:     0.00    0.50
k-point displ. along   3 input, could be:     0.00    0.50
 Kpoints in:            8 . Kpoints trimmed:            8

siesta: k-grid: Number of k-points = 8
siesta: k-points from Monkhorst-Pack grid
siesta: k-cutoff (effective) =     3.062 Ang
siesta: k-point supercell and displacements
siesta: k-grid:     2     0     0      0.000
siesta: k-grid:     0     2     0      0.000
siesta: k-grid:     0     0     2      0.000

diag: Algorithm                                     = D&C
diag: Parallel over k                               =   F
diag: Use parallel 2D distribution                  =   T
diag: Parallel block-size                           = 9
diag: Parallel distribution                         =     2 x     2
diag: Used triangular part                          = Lower
diag: Absolute tolerance                            =  0.100E-15
diag: Orthogonalization factor                      =  0.100E-05
diag: Memory factor                                 =  1.0000

superc: Internal auxiliary supercell:     7 x     7 x     7  =     343
superc: Number of atoms, orbitals, and projectors:    686  10976  10633


ts: **************************************************************
ts: Save H and S matrices                           =    F
ts: Save TSHS files in MD/FC simulation             =    F
ts: Save DM and EDM matrices                        =    F
ts: Only save the overlap matrix S                  =    F
ts: **************************************************************

************************ Begin: TS CHECKS AND WARNINGS ************************
************************ End: TS CHECKS AND WARNINGS **************************


                     ====================================
                        Single-point calculation
                     ====================================

superc: Internal auxiliary supercell:     7 x     7 x     7  =     343
superc: Number of atoms, orbitals, and projectors:    686  10976  10633

outcell: Unit cell vectors (Ang):
        0.000000    2.165000    2.165000
        2.165000    0.000000    2.165000
        2.165000    2.165000    0.000000

outcell: Cell vector modules (Ang)   :    3.061772    3.061772    3.061772
outcell: Cell angles (23,13,12) (deg):     60.0000     60.0000     60.0000
outcell: Cell volume (Ang**3)        :     20.2957
<dSpData1D:S at geom step 0
  <sparsity:sparsity for geom step 0
    nrows_g=32 nrows=9 sparsity=14.8955 nnzs=15253, refcount: 8>
  <dData1D:(new from dSpData1D) n=15253, refcount: 1>
refcount: 1>
new_DM -- step:     1
Initializing Density Matrix...

Attempting to read DM from file... Succeeded...
DM from file:
<dSpData2D:IO-DM: FeO_SCR_-0.02.DM
  <sparsity:IO-DM: FeO_SCR_-0.02.DM
    nrows_g=32 nrows=9 sparsity=14.8955 nnzs=15253, refcount: 1>
  <dData2D:(new from dSpData2D) n=15253 m=2, refcount: 1>
refcount: 1>
DM to be used:
<dSpData2D:Re-structured SpM
  <sparsity:sparsity for geom step 0
    nrows_g=32 nrows=9 sparsity=14.8955 nnzs=15253, refcount: 9>
  <dData2D:(new in restruct) n=15253 m=2, refcount: 1>
refcount: 1>
No. of atoms with KB's overlaping orbs in proc 0. Max # of overlaps:      27     219

InitMesh: MESH = 20 x 20 x 20 = 8000
InitMesh: Mesh cutoff (required, used) =   150.000   176.892 Ry
New grid distribution [1]: sub = 2
New grid distribution [2]: sub = 2
New grid distribution [3]: sub = 2
Setting up quadratic distribution...
hubbard_term: recalculating local occupations    1
 hubbard_term: projector occupations
 hubbard_term: atom, species:            1           1
   1   1     0.97475     0.25355
   1   2     0.00000     0.00000
   1   3    -0.00000    -0.00000
   1   4     0.00000     0.00000
   1   5     0.00000    -0.00000
   2   1     0.00000     0.00000
   2   2     0.97475     0.25355
   2   3    -0.00000    -0.00000
   2   4    -0.00000    -0.00000
   2   5     0.00000     0.00000
   3   1    -0.00000    -0.00000
   3   2    -0.00000    -0.00000
   3   3     0.97270     0.27104
   3   4    -0.00000    -0.00000
   3   5     0.00000     0.00000
   4   1     0.00000     0.00000
   4   2    -0.00000    -0.00000
   4   3    -0.00000    -0.00000
   4   4     0.97475     0.25355
   4   5    -0.00000    -0.00000
   5   1     0.00000    -0.00000
   5   2     0.00000     0.00000
   5   3     0.00000     0.00000
   5   4    -0.00000    -0.00000
   5   5     0.97270     0.27104
hubbard_term: Total projector shell
Occupations:     4.869644    1.302730    6.172375
hubbard_term: maximum change in local occup.    0.974750
hubbard_term: recalculating Hamiltonian

stepf: Fermi-Dirac step function
hubbard_term: recalculating local occupations    1
 hubbard_term: projector occupations
 hubbard_term: atom, species:            1           1
   1   1     0.97485     0.25373
   1   2     0.00000     0.00000
   1   3    -0.00000    -0.00000
   1   4     0.00000     0.00000
   1   5     0.00000    -0.00000
   2   1     0.00000     0.00000
   2   2     0.97485     0.25373
   2   3    -0.00000    -0.00000
   2   4    -0.00000    -0.00000
   2   5     0.00000     0.00000
   3   1    -0.00000    -0.00000
   3   2    -0.00000    -0.00000
   3   3     0.97459     0.27155
   3   4    -0.00000    -0.00000
   3   5     0.00000     0.00000
   4   1     0.00000     0.00000
   4   2    -0.00000    -0.00000
   4   3    -0.00000    -0.00000
   4   4     0.97485     0.25373
   4   5    -0.00000    -0.00000
   5   1     0.00000    -0.00000
   5   2     0.00000     0.00000
   5   3     0.00000     0.00000
   5   4    -0.00000    -0.00000
   5   5     0.97459     0.27155
hubbard_term: Total projector shell
Occupations:     4.873720    1.304278    6.177997
hubbard_term: maximum change in local occup.    0.001889
hubbard_term: recalculating Hamiltonian

siesta: Program's energy decomposition (eV):
siesta: Ebs     =      -661.546677
siesta: Eions   =      5578.311293
siesta: Ena     =       690.301184
siesta: Ekin    =      1870.164216
siesta: Enl     =      -265.408063
siesta: Eso     =         0.000000
siesta: Edftu   =        -0.123560
siesta: DEna    =        20.996076
siesta: DUscf   =         0.768326
siesta: DUext   =         0.000000
siesta: Ex      =      -540.771426
siesta: Ec      =       -47.268320
siesta: Exc     =      -588.039746
siesta: EbV     =         0.000000
siesta: eta*DQ  =         0.000000
siesta: Emadel  =         0.000000
siesta: Emeta   =         0.000000
siesta: Emolmec =         0.000000
siesta: Ekinion =         0.000000
siesta: Eharris =     -3849.653030
siesta: Etot    =     -3849.652859
siesta: FreeEng =     -3849.661838

        iscf     Eharris(eV)        E_KS(eV)     FreeEng(eV)     dDmax    Ef(eV) dHmax(eV)
   scf:    1    -3849.653030    -3849.652859    -3849.661838  0.013927 -3.496324  0.071324
     spin moment: {S} , |S| = {        0.0        0.0    3.99986 }     3.99986
timer: Routine,Calls,Time,% = IterSCF        1       0.249  13.36
hubbard_term: recalculating local occupations    2
 hubbard_term: projector occupations
 hubbard_term: atom, species:            1           1
   1   1     0.97481     0.25367
   1   2     0.00000     0.00000
   1   3    -0.00000    -0.00000
   1   4     0.00000     0.00000
   1   5     0.00000    -0.00000
   2   1     0.00000     0.00000
   2   2     0.97481     0.25367
   2   3    -0.00000    -0.00000
   2   4    -0.00000    -0.00000
   2   5     0.00000     0.00000
   3   1    -0.00000    -0.00000
   3   2    -0.00000    -0.00000
   3   3     0.97414     0.27141
   3   4    -0.00000    -0.00000
   3   5     0.00000     0.00000
   4   1     0.00000     0.00000
   4   2    -0.00000    -0.00000
   4   3    -0.00000    -0.00000
   4   4     0.97481     0.25367
   4   5    -0.00000    -0.00000
   5   1     0.00000    -0.00000
   5   2     0.00000     0.00000
   5   3     0.00000     0.00000
   5   4    -0.00000    -0.00000
   5   5     0.97414     0.27141
hubbard_term: Total projector shell
Occupations:     4.872706    1.303840    6.176546
hubbard_term: maximum change in local occup.    0.000451
   scf:    2    -3849.652791    -3849.652833    -3849.661912  0.003322 -3.494330  0.041375
     spin moment: {S} , |S| = {        0.0        0.0    3.99988 }     3.99988
hubbard_term: recalculating local occupations    3
 hubbard_term: projector occupations
 hubbard_term: atom, species:            1           1
   1   1     0.97476     0.25360
   1   2     0.00000     0.00000
   1   3    -0.00000    -0.00000
   1   4     0.00000     0.00000
   1   5     0.00000    -0.00000
   2   1     0.00000     0.00000
   2   2     0.97476     0.25360
   2   3    -0.00000    -0.00000
   2   4    -0.00000    -0.00000
   2   5     0.00000     0.00000
   3   1    -0.00000    -0.00000
   3   2    -0.00000    -0.00000
   3   3     0.97351     0.27122
   3   4    -0.00000    -0.00000
   3   5     0.00000     0.00000
   4   1     0.00000     0.00000
   4   2    -0.00000    -0.00000
   4   3    -0.00000    -0.00000
   4   4     0.97476     0.25360
   4   5    -0.00000    -0.00000
   5   1     0.00000    -0.00000
   5   2     0.00000     0.00000
   5   3     0.00000     0.00000
   5   4    -0.00000    -0.00000
   5   5     0.97351     0.27122
hubbard_term: Total projector shell
Occupations:     4.871308    1.303259    6.174567
hubbard_term: maximum change in local occup.    0.001072
hubbard_term: recalculating Hamiltonian
   scf:    3    -3849.652614    -3849.652738    -3849.661948  0.004584 -3.491409  0.003492
     spin moment: {S} , |S| = {        0.0        0.0    3.99990 }     3.99990
hubbard_term: recalculating local occupations    4
 hubbard_term: projector occupations
 hubbard_term: atom, species:            1           1
   1   1     0.97476     0.25361
   1   2     0.00000     0.00000
   1   3    -0.00000    -0.00000
   1   4     0.00000     0.00000
   1   5     0.00000     0.00000
   2   1     0.00000     0.00000
   2   2     0.97476     0.25361
   2   3    -0.00000    -0.00000
   2   4    -0.00000    -0.00000
   2   5     0.00000     0.00000
   3   1    -0.00000    -0.00000
   3   2    -0.00000    -0.00000
   3   3     0.97349     0.27123
   3   4    -0.00000    -0.00000
   3   5     0.00000     0.00000
   4   1     0.00000     0.00000
   4   2    -0.00000    -0.00000
   4   3    -0.00000    -0.00000
   4   4     0.97476     0.25361
   4   5    -0.00000    -0.00000
   5   1     0.00000     0.00000
   5   2     0.00000     0.00000
   5   3     0.00000     0.00000
   5   4    -0.00000    -0.00000
   5   5     0.97349     0.27123
hubbard_term: Total projector shell
Occupations:     4.871266    1.303284    6.174550
hubbard_term: maximum change in local occup.    0.000020
   scf:    4    -3849.652729    -3849.652733    -3849.661948  0.000169 -3.490917  0.000544
     spin moment: {S} , |S| = {        0.0        0.0    3.99990 }     3.99990
hubbard_term: recalculating local occupations    5
 hubbard_term: projector occupations
 hubbard_term: atom, species:            1           1
   1   1     0.97476     0.25361
   1   2     0.00000     0.00000
   1   3    -0.00000    -0.00000
   1   4     0.00000     0.00000
   1   5     0.00000    -0.00000
   2   1     0.00000     0.00000
   2   2     0.97476     0.25361
   2   3    -0.00000    -0.00000
   2   4    -0.00000    -0.00000
   2   5     0.00000     0.00000
   3   1    -0.00000    -0.00000
   3   2    -0.00000    -0.00000
   3   3     0.97350     0.27123
   3   4    -0.00000    -0.00000
   3   5     0.00000     0.00000
   4   1     0.00000     0.00000
   4   2    -0.00000    -0.00000
   4   3    -0.00000    -0.00000
   4   4     0.97476     0.25361
   4   5    -0.00000    -0.00000
   5   1     0.00000    -0.00000
   5   2     0.00000     0.00000
   5   3     0.00000     0.00000
   5   4    -0.00000    -0.00000
   5   5     0.97350     0.27123
hubbard_term: Total projector shell
Occupations:     4.871273    1.303281    6.174554
hubbard_term: maximum change in local occup.    0.000017
   scf:    5    -3849.652735    -3849.652734    -3849.661948  0.000028 -3.490894  0.000468
     spin moment: {S} , |S| = {        0.0        0.0    3.99990 }     3.99990

SCF Convergence by DM+H criterion
max |DM_out - DM_in|         :     0.0000277516
max |H_out - H_in|      (eV) :     0.0004676255
DFT+U population converged by dTol_pop criteria:
max |pop(DFT+U)_i - pop(DFT+U)_j|:     0.0000165184
SCF cycle converged after 5 iterations

Using DM_out to compute the final energy and forces
No. of atoms with KB's overlaping orbs in proc 0. Max # of overlaps:      27     219
hubbard_term: recalculating local occupations    6
 hubbard_term: projector occupations
 hubbard_term: atom, species:            1           1
   1   1     0.97476     0.25361
   1   2     0.00000     0.00000
   1   3    -0.00000    -0.00000
   1   4     0.00000     0.00000
   1   5     0.00000    -0.00000
   2   1     0.00000     0.00000
   2   2     0.97476     0.25361
   2   3    -0.00000    -0.00000
   2   4    -0.00000    -0.00000
   2   5     0.00000     0.00000
   3   1    -0.00000    -0.00000
   3   2    -0.00000    -0.00000
   3   3     0.97350     0.27123
   3   4    -0.00000    -0.00000
   3   5     0.00000     0.00000
   4   1     0.00000     0.00000
   4   2    -0.00000    -0.00000
   4   3    -0.00000    -0.00000
   4   4     0.97476     0.25361
   4   5    -0.00000    -0.00000
   5   1     0.00000    -0.00000
   5   2     0.00000     0.00000
   5   3     0.00000     0.00000
   5   4    -0.00000    -0.00000
   5   5     0.97350     0.27123
hubbard_term: Total projector shell
Occupations:     4.871273    1.303281    6.174554
hubbard_term: maximum change in local occup.    0.000017
hubbard_term: recalculating Hamiltonian and forces

siesta: E_KS(eV) =            -3849.6527

siesta: E_KS - E_eggbox =     -3849.6527

siesta: Atomic forces (eV/Ang):
     1    0.000000   -0.000000   -0.000000
     2   -0.000000    0.000000    0.000000
----------------------------------------
   Tot    0.000000   -0.000000   -0.000000
----------------------------------------
   Max    0.000000
   Res    0.000000    sqrt( Sum f_i^2 / 3N )
----------------------------------------
   Max    0.000000    constrained

Stress tensor Voigt[x,y,z,yz,xz,xy] (kbar):      166.43      166.43      166.43       -0.00       -0.00       -0.00
(Free)E + p*V (eV/cell)    -3851.7702
Target enthalpy (eV/cell)    -3849.6619

coxmol: Writing XMOL coordinates into file FeO_SCR_-0.02.xyz                                                                                                                                                                                                                   

siesta: Program's energy decomposition (eV):
siesta: Ebs     =      -662.136665
siesta: Eions   =      5578.311293
siesta: Ena     =       690.301184
siesta: Ekin    =      1869.463154
siesta: Enl     =      -265.150105
siesta: Eso     =         0.000000
siesta: Edftu   =        -0.123491
siesta: DEna    =        21.340734
siesta: DUscf   =         0.779016
siesta: DUext   =         0.000000
siesta: Ex      =      -540.686295
siesta: Ec      =       -47.265638
siesta: Exc     =      -587.951933
siesta: EbV     =         0.000000
siesta: eta*DQ  =         0.000000
siesta: Emadel  =         0.000000
siesta: Emeta   =         0.000000
siesta: Emolmec =         0.000000
siesta: Ekinion =         0.000000
siesta: Eharris =     -3849.652735
siesta: Etot    =     -3849.652734
siesta: FreeEng =     -3849.661948

siesta: Final energy (eV):
siesta:  Band Struct. =    -662.136665
siesta:       Kinetic =    1869.463154
siesta:       Hartree =    1019.955739
siesta:         Edftu =      -0.123491
siesta:       Eso     =       0.000000
siesta:    Ext. field =       0.000000
siesta:         Exch. =    -540.686295
siesta:         Corr. =     -47.265638
siesta:     Bulk bias =       0.000000
siesta:   Exch.-corr. =    -587.951933
siesta:  Ion-electron =   -3963.035215
siesta:       Ion-ion =   -2187.960988
siesta:       Ekinion =       0.000000
siesta: D3 dispersion =       0.000000
siesta:         Total =   -3849.652734
siesta:         Fermi =      -3.490894

siesta: Stress tensor (static) (eV/Ang**3):
siesta:     0.103875   -0.000000   -0.000000
siesta:    -0.000000    0.103875   -0.000000
siesta:    -0.000000   -0.000000    0.103875

siesta: Cell volume =         20.295684 Ang**3

siesta: Pressure (static):
siesta:                Solid            Molecule  Units
siesta:          -0.00113134         -0.00113134  Ry/Bohr**3
siesta:          -0.10387472         -0.10387472  eV/Ang**3
siesta:        -166.42565130       -166.42565130  kBar

Basis Enthalpy Calculation:
    Basis Pressure for species 1(Fe) :      0.2000000 GPa
    Basis Pressure for species 2(O) :      0.2000000 GPa

    Orbital volume contribution        =           0.794329 eV
    (Free)E + p_basis*V_orbitals       =       -3848.867620 eV
    (Free)Eharris+ p_basis*V_orbitals  =       -3848.867620 eV
WARNING: BASIS_ENTHALPY and BASIS_HARRIS_ENTHALPY files are deprecated. They will be removed in future releases.
Please use system_label.BASIS_ENTHALPY in your scripts instead.

cite: Please indicate the Siesta version in published work: 5.4.2
cite: This calculation has made use of features in the following articles
cite: which we encourage you to cite in published work.
cite: (Please see "FeO_SCR_-0.02.bib" for a BibTeX file.)
        Primary SIESTA paper
          DOI: www.doi.org/10.1088/0953-8984/14/11/302
        LDA+U implementation
          DOI: www.doi.org/10.1103/PhysRevB.57.1505
        PSML pseudopotential format
          DOI: www.doi.org/10.1016/j.cpc.2018.02.011


>> End of run:   4-AUG-2026  23:41:19
Job completed
